Archive member included because of file (symbol)

/cygdrive/c/TWESDK/Wks_ToCoNet/App_Tag/../../Wks_libToCoNet/libToCoNet/lib/libToCoNet_JN5164.a(ToCoNet_event.o)
                              objs_JN5164/Parent.o (_PRSEV_u8Register)
/cygdrive/c/TWESDK/Wks_ToCoNet/App_Tag/../../Wks_libToCoNet/libToCoNet/lib/libToCoNet_JN5164.a(ToCoNet_main.o)
                              objs_JN5164/Parent.o (_ToCoNet_vDebugInit)
/cygdrive/c/TWESDK/Wks_ToCoNet/App_Tag/../../Wks_libToCoNet/libToCoNet/lib/libToCoNet_JN5164.a(ToCoNet_utils.o)
                              objs_JN5164/Interactive.o (_ToCoNet_u32GetVersion)
/cygdrive/c/TWESDK/Wks_ToCoNet/App_Tag/../../Wks_libToCoNet/libToCoNet/lib/libToCoNet_JN5164.a(ToCoNet_mod_Tx.o)
                              objs_JN5164/Parent.o (_ToCoNet_vReg_mod_Tx_Standard)
/cygdrive/c/TWESDK/Wks_ToCoNet/App_Tag/../../Wks_libToCoNet/libToCoNet/lib/libToCoNet_JN5164.a(ToCoNet_mod_NbScan.o)
                              objs_JN5164/Parent.o (_ToCoNet_vReg_mod_NbScan)
/cygdrive/c/TWESDK/Wks_ToCoNet/App_Tag/../../Wks_libToCoNet/libToCoNet/lib/libToCoNet_JN5164.a(ToCoNet_mod_NbScan_Slave.o)
                              objs_JN5164/Parent.o (_ToCoNet_vReg_mod_NbScan_Slave)
/cygdrive/c/TWESDK/Wks_ToCoNet/App_Tag/../../Wks_libToCoNet/libToCoNet/lib/libToCoNet_JN5164.a(ToCoNet_mod_TxRxQueue.o)
                              objs_JN5164/Parent.o (_ToCoNet_vReg_mod_TxRxQueueMid)
/cygdrive/c/TWESDK/Wks_ToCoNet/App_Tag/../../Wks_libToCoNet/libToCoNet/lib/libToCoNet_JN5164.a(ToCoNet_mod_Nwk_Common.o)
                              /cygdrive/c/TWESDK/Wks_ToCoNet/App_Tag/../../Wks_libToCoNet/libToCoNet/lib/libToCoNet_JN5164.a(ToCoNet_main.o) (_ToCoNet_vRxProc_App)
/cygdrive/c/TWESDK/Wks_ToCoNet/App_Tag/../../Wks_libToCoNet/libToCoNet/lib/libToCoNet_JN5164.a(ToCoNet_mod_Nwk_LayerTree.o)
                              objs_JN5164/Parent.o (_ToCoNet_NwkLyTr_psConfig)
/cygdrive/c/TWESDK/Wks_ToCoNet/App_Tag/../../Wks_libToCoNet/libToCoNet/lib/libToCoNet_JN5164.a(ToCoNet_mod_Channel_Mgr.o)
                              /cygdrive/c/TWESDK/Wks_ToCoNet/App_Tag/../../Wks_libToCoNet/libToCoNet/lib/libToCoNet_JN5164.a(ToCoNet_main.o) (_ToCoNet_ChMgr_bCh_Reconfig)
/cygdrive/c/TWESDK/Wks_ToCoNet/App_Tag/../../Wks_libToCoNet/libToCoNet/lib/libToCoNet_JN5164.a(ToCoNet_mod_Nwk_MessagePool.o)
                              objs_JN5164/Parent.o (_ToCoNet_vReg_mod_Nwk_MessagePool)
/cygdrive/c/TWESDK/Wks_ToCoNet/App_Tag/../../Wks_libToCoNet/libToCoNet/lib/libToCoNet_JN5164.a(ToCoNet_mod_DuplicateChecker.o)
                              objs_JN5164/Parent.o (_ToCoNet_vReg_mod_DupChk)
/cygdrive/c/TWESDK/Wks_ToCoNet/App_Tag/../../Wks_libToCoNet/libToCoNet/lib/libToCoNet_JN5164.a(Version.o)
                              /cygdrive/c/TWESDK/Wks_ToCoNet/App_Tag/../../Wks_libToCoNet/libToCoNet/lib/libToCoNet_JN5164.a(ToCoNet_utils.o) (_au8ToCoNetVersionInfo)
/cygdrive/c/TWESDK/Wks_ToCoNet/App_Tag/../../Wks_libToCoNet/libToCoNet/lib/libToCoNet_JN5164.a(AppQueueApi_ToCoNet.o)
                              /cygdrive/c/TWESDK/Wks_ToCoNet/App_Tag/../../Wks_libToCoNet/libToCoNet/lib/libToCoNet_JN5164.a(ToCoNet_main.o) (_psAppQApiReadHwIndT)
/cygdrive/c/TWESDK/Wks_ToCoNet/App_Tag/../../Wks_libToCoNet/libToCoNet/lib/libToCoNetExt_JN5164.a(AppStart.o)
                              /cygdrive/c/TWESDK/Wks_ToCoNet/App_Tag/../../Wks_libToCoNet/libToCoNet/lib/libToCoNet_JN5164.a(ToCoNet_mod_Channel_Mgr.o) (__ToCoNet_bRfChChannel)
/cygdrive/c/TWESDK/Wks_ToCoNet/App_Tag/../../Wks_libToCoNet/libToCoNet/lib/libToCoNetExt_JN5164.a(getMacAddr.o)
                              /cygdrive/c/TWESDK/Wks_ToCoNet/App_Tag/../../Wks_libToCoNet/libToCoNet/lib/libToCoNet_JN5164.a(ToCoNet_main.o) (_ToCoNet_u32GetSerialOnBoot)
/cygdrive/c/TWESDK/Wks_ToCoNet/App_Tag/../../Wks_libToCoNet/libToCoNet/lib/libToCoNetExt_JN5164.a(mac.o)
                              /cygdrive/c/TWESDK/Wks_ToCoNet/App_Tag/../../Wks_libToCoNet/libToCoNet/lib/libToCoNet_JN5164.a(ToCoNet_main.o) (_Mac_bRxQueueReg)
/cygdrive/c/TWESDK/Wks_ToCoNet/App_Tag/../../Wks_libToCoNet/libToCoNet/lib/libToCoNetExt_JN5164.a(AES_CCM.o)
                              /cygdrive/c/TWESDK/Wks_ToCoNet/App_Tag/../../Wks_libToCoNet/libToCoNet/lib/libToCoNetExt_JN5164.a(mac.o) (_bAES_CCM_Encode)
/cygdrive/c/TWESDK/Wks_ToCoNet/App_Tag/../../Wks_libToCoNet/libToCoNet/lib/libToCoNetExt_JN5164.a(eeprom_6x.o)
                              objs_JN5164/flash.o (_EEP_6x_bRead)
/cygdrive/c/TWESDK/Wks_ToCoNet/App_Tag/../../Wks_libToCoNet/libToCoNet/lib/libToCoNetExt_JN5164.a(no_ack_handler.o)
                              /cygdrive/c/TWESDK/Wks_ToCoNet/App_Tag/../../Wks_libToCoNet/libToCoNet/lib/libToCoNetExt_JN5164.a(AppStart.o) (_vInstallNoAckHandler)
/cygdrive/c/TWESDK/Wks_ToCoNet/App_Tag/../../Wks_libToCoNet/libToCoNet/lib/libToCoNetExt_JN5164.a(Version.o)
                              /cygdrive/c/TWESDK/Wks_ToCoNet/App_Tag/../../Wks_libToCoNet/libToCoNet/lib/libToCoNet_JN5164.a(ToCoNet_utils.o) (_au8ToCoNetExtVersionInfo)
[...]
Memory Configuration

Name             Origin             Length             Attributes
flash            0x00080000         0x00028000
ram              0x0400004c         0x00007fb4
*default*        0x00000000         0xffffffff

Linker script and memory map

LOAD objs_JN5164/Parent.o
LOAD objs_JN5164/common.o
LOAD objs_JN5164/flash.o
LOAD objs_JN5164/AddrKeyAry.o
LOAD objs_JN5164/input_string.o
LOAD objs_JN5164/Interactive.o
LOAD objs_JN5164/sercmd_ascii.o
LOAD objs_JN5164/sercmd_chat.o
LOAD objs_JN5164/sercmd_plus3.o
LOAD objs_JN5164/sercmd_binary.o
LOAD objs_JN5164/LcdDraw.o
LOAD objs_JN5164/LcdDriver.o
LOAD objs_JN5164/LcdExtras.o
LOAD objs_JN5164/LcdFont.o
LOAD objs_JN5164/LcdPrint.o
LOAD /cygdrive/c/TWESDK/Wks_ToCoNet/App_Tag/../../Wks_libToCoNet/libToCoNet/lib/libToCoNet_JN5164.a
LOAD /cygdrive/c/TWESDK/Wks_ToCoNet/App_Tag/../../Wks_libToCoNet/libToCoNet/lib/libToCoNetExt_JN5164.a
LOAD /cygdrive/c/TWESDK/Wks_ToCoNet/App_Tag/../../Wks_libToCoNet/libToCoNet/lib/libToCoNetUtils_JN5164.a
START GROUP
LOAD /cygdrive/c/TWESDK/516x/Components/Library/libAppApi_JN516x.a
LOAD /cygdrive/c/TWESDK/516x/Components/Library/libMac_JN516x.a
LOAD /cygdrive/c/TWESDK/516x/Components/Library/libTof_JN516x.a
LOAD /cygdrive/c/TWESDK/516x/Components/Library/libXcv_JN516x.a
LOAD /cygdrive/c/TWESDK/516x/Components/Library/libAES_CCM_SW_PATCH_JN516x.a
LOAD /cygdrive/c/TWESDK/516x/Components/Library/libAes_JN516x.a
LOAD /cygdrive/c/TWESDK/516x/Components/Library/libTimerServer_JN516x.a
LOAD /cygdrive/c/TWESDK/516x/Components/Library/libHardwareApi_JN516x.a
LOAD /cygdrive/c/TWESDK/516x/Components/Library/libMicroSpecific_JN516x.a
LOAD /cygdrive/c/TWESDK/516x/Components/Library/libBoot_JN516x.a
LOAD /cygdrive/c/TWESDK/516x/Components/Library/libMaths_JN516x.a
LOAD /cygdrive/c/TWESDK/Wks_ToCoNet/App_Tag/../../Wks_libToCoNet/libToCoNet/lib/libToCoNet_JN5164.a
LOAD /cygdrive/c/TWESDK/Wks_ToCoNet/App_Tag/../../Wks_libToCoNet/libToCoNet/lib/libToCoNetExt_JN5164.a
LOAD /cygdrive/c/TWESDK/Wks_ToCoNet/App_Tag/../../Wks_libToCoNet/libToCoNet/lib/libToCoNetUtils_JN5164.a
END GROUP
LOAD /cygdrive/c/TWESDK/Tools/ba-elf-ba2/bin/../lib/gcc/ba-elf/4.1.2/ba2/libgcc.a
LOAD /cygdrive/c/TWESDK/Tools/ba-elf-ba2/bin/../lib/gcc/ba-elf/4.1.2/../../../../ba-elf/lib/ba2/libc.a
LOAD /cygdrive/c/TWESDK/Tools/ba-elf-ba2/bin/../lib/gcc/ba-elf/4.1.2/ba2/libgcc.a
                0x00001000                _stack_size = 0x1000
                0x00080038                __exception_vsr_table = 0x80038
                0x04000000                _pSPIflashFncTable = 0x4000000
                0x00001000                _stack_size = 0x1000
                0x00000044                restore_state = 0x44
                0x0000004a                _bZSPIWaitWIPClear = 0x4a
                0x00000050                _u16ZSPIflashRDID = 0x50
                0x00000056                _u8SelectFlashChipType = 0x56
                0x0000005c                _memcpy = 0x5c
                0x00000066                _vBootFlashProg = 0x66
                [0x00000d16]                _minimum_heap_size = DEFINED (_minimum_heap_size)?_minimum_heap_size:0xd16
                0x00000000                _SwConfig = (DEFINED (g_bSWConf_Debug) | (DEFINED (g_bSWConf_AltDebugPort) << 0x1))

.version        0x0007fffc        0x4
                0x0007fffc        0x4 LONG 0x4030008

.bir            0x00080000       0x10
                0x00080000                _flash_start = <code 342> (.)
                0x00080000                _flash_beg = <code 342> (.)
                0x00080000        0x4 LONG 0x12345678
                0x00080004        0x4 LONG 0x11223344
                0x00080008        0x4 LONG 0x55667788
                0x0008000c        0x1 BYTE 0x8
                0x0008000d        0x1 BYTE 0x1
                0x0008000e        0x2 SHORT 0x0

.flashheader    0x00080010       0x28
                0x00080010        0x4 LONG 0x0
                0x00080014        0x4 LONG 0x0
                0x00080018        0x4 LONG 0x0
                0x0008001c        0x2 SHORT 0x0
                0x0008001e        0x2 SHORT 0x0 <code 342> (_SwConfig)
                0x00080020                _enc_start = <code 342> (.)
                0x00080020        0x4 LONG 0x12e54 <code 342> (_image_len)
                0x00000000                _enc_offset = (_enc_start & 0xf)
                [0x00000020]                _enc_start = (_enc_start - _flash_beg)
                0x00080024        0x4 LONG 0x92e28 <code 342> (_flash_data_start)
                0x00080028        0x2 SHORT 0x13 ((<code 342> (_ram_data_start) / 0x4) & 0xffff)
                0x0008002a        0x2 SHORT 0xb ((<code 342> (_ram_data_len) / 0x4) & 0xffff)
                0x0008002c        0x2 SHORT 0x1e ((<code 342> (_bss_start) / 0x4) & 0xffff)
                0x0008002e        0x2 SHORT 0xb52 ((<code 342> (_bss_len) / 0x4) & 0xffff)
                0x00080030        0x4 LONG 0x89050 <code 342> (_AppWarmStart)
                0x00080034        0x4 LONG 0x891fc <code 342> (_AppColdStart)
                0x00000044                PROVIDE (_vException_BusError, restore_state)
                0x00000044                PROVIDE (_vException_UnalignedAccess, restore_state)
                0x00000044                PROVIDE (_vException_IllegalInstruction, restore_state)
                0x00000044                PROVIDE (_vException_SysCall, restore_state)
                0x00000044                PROVIDE (_vException_Trap, restore_state)
                0x00000044                PROVIDE (_vException_StackOverflow, restore_state)
                0x00080038                . = <code 342> (__exception_vsr_table)

.vsr_table      0x00080038       0x18
                0x00080038        0x4 LONG 0x44 <code 342> (_vException_BusError)
                0x0008003c        0x4 LONG 0x44 <code 342> (_vException_UnalignedAccess)
                0x00080040        0x4 LONG 0x44 <code 342> (_vException_IllegalInstruction)
                0x00080044        0x4 LONG 0x44 <code 342> (_vException_SysCall)
                0x00080048        0x4 LONG 0x44 <code 342> (_vException_Trap)
                0x0008004c        0x4 LONG 0x44 <code 342> (_vException_StackOverflow)

.vsr_handlers   0x00080050       0xab
 *(.vsr_handlers)
 .vsr_handlers  0x00080050       0xab /cygdrive/c/TWESDK/516x/Components/Library/libBoot_JN516x.a(ExceptionHandler.o)
                0x00080050                __exception_external_interrupt
                0x000800f9                __default_vsr_dummy

.rodata         0x000800fc      0xea9
 *(.rodata*)
 .rodata.str1.1
                0x000800fc      0x4c6 objs_JN5164/Parent.o
                                0x4de (size before relaxing)
 .rodata.au8EncKey
                0x000805c2       0x10 objs_JN5164/common.o
                0x000805c2                _au8EncKey
 .rodata.str1.1
                0x000805d2      0x4c3 objs_JN5164/Interactive.o
                                0x4da (size before relaxing)
 .rodata.au8name_stop.5294
                0x00080a95        0x2 objs_JN5164/Interactive.o
 .rodata.au8name_parity.5293
                0x00080a97        0x3 objs_JN5164/Interactive.o
 .rodata.au8name_bit.5292
                0x00080a9a        0x2 objs_JN5164/Interactive.o
 .rodata.au8tbl.2213
                0x00080a9c       0x11 objs_JN5164/sercmd_ascii.o
 .rodata.u8tbl.2152
                0x00080aad       0x17 objs_JN5164/sercmd_ascii.o
 .rodata.str1.1
                0x00080ac4       0x11 /cygdrive/c/TWESDK/Wks_ToCoNet/App_Tag/../../Wks_libToCoNet/libToCoNet/lib/libToCoNet_JN5164.a(ToCoNet_mod_Tx.o)
 *fill*         0x00080ad5        0x3 00
 .rodata.asStateFuncTbl
                0x00080ad8       0x38 /cygdrive/c/TWESDK/Wks_ToCoNet/App_Tag/../../Wks_libToCoNet/libToCoNet/lib/libToCoNet_JN5164.a(ToCoNet_mod_Tx.o)
 .rodata.asStateFuncTbl
                0x00080b10       0x30 /cygdrive/c/TWESDK/Wks_ToCoNet/App_Tag/../../Wks_libToCoNet/libToCoNet/lib/libToCoNet_JN5164.a(ToCoNet_mod_NbScan.o)
 .rodata.str1.1
                0x00080b40       0x47 /cygdrive/c/TWESDK/Wks_ToCoNet/App_Tag/../../Wks_libToCoNet/libToCoNet/lib/libToCoNet_JN5164.a(ToCoNet_mod_Nwk_LayerTree.o)
 *fill*         0x00080b87        0x1 00
 .rodata.asStateFuncTbl.4920
                0x00080b88       0x38 /cygdrive/c/TWESDK/Wks_ToCoNet/App_Tag/../../Wks_libToCoNet/libToCoNet/lib/libToCoNet_JN5164.a(ToCoNet_mod_Nwk_LayerTree.o)
 .rodata.asStateFuncTbl.4569
                0x00080bc0       0x18 /cygdrive/c/TWESDK/Wks_ToCoNet/App_Tag/../../Wks_libToCoNet/libToCoNet/lib/libToCoNet_JN5164.a(ToCoNet_mod_Nwk_MessagePool.o)
 .rodata.au8ToCoNetVersionInfo
                0x00080bd8        0xc /cygdrive/c/TWESDK/Wks_ToCoNet/App_Tag/../../Wks_libToCoNet/libToCoNet/lib/libToCoNet_JN5164.a(Version.o)
                0x00080bd8                _au8ToCoNetVersionInfo
 .rodata.str1.1
                0x00080be4       0x11 /cygdrive/c/TWESDK/Wks_ToCoNet/App_Tag/../../Wks_libToCoNet/libToCoNet/lib/libToCoNetExt_JN5164.a(AppStart.o)
 .rodata        0x00080bf5       0x11 /cygdrive/c/TWESDK/Wks_ToCoNet/App_Tag/../../Wks_libToCoNet/libToCoNet/lib/libToCoNetExt_JN5164.a(AppStart.o)
 .rodata.au8k.5340
                0x00080c06       0x20 /cygdrive/c/TWESDK/Wks_ToCoNet/App_Tag/../../Wks_libToCoNet/libToCoNet/lib/libToCoNetExt_JN5164.a(AppStart.o)
 .rodata.au8k.5378
                0x00080c26       0x20 /cygdrive/c/TWESDK/Wks_ToCoNet/App_Tag/../../Wks_libToCoNet/libToCoNet/lib/libToCoNetExt_JN5164.a(AppStart.o)
 .rodata.str1.1
                0x00080c46       0x11 /cygdrive/c/TWESDK/Wks_ToCoNet/App_Tag/../../Wks_libToCoNet/libToCoNet/lib/libToCoNetExt_JN5164.a(mac.o)
 *fill*         0x00080c57        0x1 00
 .rodata.u32MacHigh_TOCOS
                0x00080c58        0x4 /cygdrive/c/TWESDK/Wks_ToCoNet/App_Tag/../../Wks_libToCoNet/libToCoNet/lib/libToCoNetExt_JN5164.a(mac.o)
                0x00080c58                _u32MacHigh_TOCOS
 .rodata.u32MacLow_TOCOS
                0x00080c5c        0x4 /cygdrive/c/TWESDK/Wks_ToCoNet/App_Tag/../../Wks_libToCoNet/libToCoNet/lib/libToCoNetExt_JN5164.a(mac.o)
                0x00080c5c                _u32MacLow_TOCOS
 .rodata.au8ToCoNetExtVersionInfo
                0x00080c60        0xc /cygdrive/c/TWESDK/Wks_ToCoNet/App_Tag/../../Wks_libToCoNet/libToCoNet/lib/libToCoNetExt_JN5164.a(Version.o)
                0x00080c60                _au8ToCoNetExtVersionInfo
 .rodata.au8SpeedCodeToEepromClkDivisors
                0x00080c6c        0x8 /cygdrive/c/TWESDK/Wks_ToCoNet/App_Tag/../../Wks_libToCoNet/libToCoNet/lib/libToCoNetExt_JN5164.a(PDM_EEPROM.o)
 .rodata.u8CRCTable
                0x00080c74      0x100 /cygdrive/c/TWESDK/Wks_ToCoNet/App_Tag/../../Wks_libToCoNet/libToCoNet/lib/libToCoNetUtils_JN5164.a(ccitt8.o)
 .rodata.str1.1
                0x00080d74        0x7 /cygdrive/c/TWESDK/Wks_ToCoNet/App_Tag/../../Wks_libToCoNet/libToCoNet/lib/libToCoNetUtils_JN5164.a(fprintf.o)
 .rodata.au8ToCoNetUtilsVersionInfo
                0x00080d7b        0xc /cygdrive/c/TWESDK/Wks_ToCoNet/App_Tag/../../Wks_libToCoNet/libToCoNet/lib/libToCoNetUtils_JN5164.a(Version.o)
                0x00080d7b                _au8ToCoNetUtilsVersionInfo
 *fill*         0x00080d87        0x1 00
 .rodata.s_sPibInit
                0x00080d88       0x18 /cygdrive/c/TWESDK/516x/Components/Library/libMac_JN516x.a(mac_pib_mlme.o)
 .rodata.aeXcvPhyEvtToScanEvt.4240
                0x00080da0       0x18 /cygdrive/c/TWESDK/516x/Components/Library/libMac_JN516x.a(mac_scan.o)
 .rodata.aeXcvBbcEvtToScanEvt.4230
                0x00080db8        0xa /cygdrive/c/TWESDK/516x/Components/Library/libMac_JN516x.a(mac_scan.o)
 .rodata.s_atScanEvtST
                0x00080dc2       0x31 /cygdrive/c/TWESDK/516x/Components/Library/libMac_JN516x.a(mac_scan.o)
 *fill*         0x00080df3        0x1 00
 .rodata.s_aprScanHandleEvt
                0x00080df4       0x30 /cygdrive/c/TWESDK/516x/Components/Library/libMac_JN516x.a(mac_scan.o)
 .rodata.psTAMcontext
                0x00080e24        0x4 /cygdrive/c/TWESDK/516x/Components/Library/libMac_JN516x.a(TAM.o)
                0x00080e24                _psTAMcontext
 .rodata.psTamMacContext
                0x00080e28        0x4 /cygdrive/c/TWESDK/516x/Components/Library/libMac_JN516x.a(TAM.o)
                0x00080e28                _psTamMacContext
 .rodata.psTamXcvContext
                0x00080e2c        0x4 /cygdrive/c/TWESDK/516x/Components/Library/libMac_JN516x.a(TAM.o)
                0x00080e2c                _psTamXcvContext
 .rodata.au8XcvToTAMevent.4757
                0x00080e30        0xa /cygdrive/c/TWESDK/516x/Components/Library/libMac_JN516x.a(TAM.o)
 .rodata.au8HeaderSize.4215
                0x00080e3a        0xe /cygdrive/c/TWESDK/516x/Components/Library/libMac_JN516x.a(TAMcommon.o)
 .rodata.apvActionCalls
                0x00080e48       0x88 /cygdrive/c/TWESDK/516x/Components/Library/libMac_JN516x.a(TAMevent.o)
                0x00080e48                _apvActionCalls
 .rodata.au8StateActions
                0x00080ed0       0x8c /cygdrive/c/TWESDK/516x/Components/Library/libMac_JN516x.a(TAMevent.o)
                0x00080ed0                _au8StateActions
 .rodata.au8SizeInc.4433
                0x00080f5c        0x9 /cygdrive/c/TWESDK/516x/Components/Library/libMac_JN516x.a(TAMsecurity.o)
 .rodata.au8MICLenLUT.3714
                0x00080f65        0x4 /cygdrive/c/TWESDK/516x/Components/Library/libMac_JN516x.a(TAMsecurity.o)
 .rodata.au8FlashWaitStates32MXO
                0x00080f69        0x8 /cygdrive/c/TWESDK/516x/Components/Library/libHardwareApi_JN516x.a(AHI_System.o)
 .rodata.au8FlashWaitStatesHSRCO
                0x00080f71        0x8 /cygdrive/c/TWESDK/516x/Components/Library/libHardwareApi_JN516x.a(AHI_System.o)
 *fill*         0x00080f79        0x3 00
 .rodata.au32TimerBaseAddress
                0x00080f7c       0x14 /cygdrive/c/TWESDK/516x/Components/Library/libHardwareApi_JN516x.a(AHI_Timer.o)
 .rodata.au32UartAddrOffset
                0x00080f90        0x8 /cygdrive/c/TWESDK/516x/Components/Library/libHardwareApi_JN516x.a(AHI_Uart.o)
                0x00080f90                _au32UartAddrOffset
 .rodata.au8dataSizeTable
                0x00080f98        0xd /cygdrive/c/TWESDK/516x/Components/Library/libAes_JN516x.a(AEScoprocessorAPI.o)
                0x00080f98                _au8dataSizeTable

.text           0x00080fa8    0x11e80
 *(.text*)
 .text.cbToCoNet_vTxEvent
                0x00080fa8        0x3 objs_JN5164/Parent.o
                0x00080fa8                _cbToCoNet_vTxEvent
 .text.cbToCoNet_u8HwInt
                0x00080fab        0x5 objs_JN5164/Parent.o
                0x00080fab                _cbToCoNet_u8HwInt
 .text.vLED_Toggle
                0x00080fb0       0x59 objs_JN5164/Parent.o
                0x00080fb0                _vLED_Toggle
 .text.vSerOutput_Uart
                0x00081009      0x67a objs_JN5164/Parent.o
                0x00081009                _vSerOutput_Uart
 .text.vProcessSerialCmd
                0x00081683       0xa4 objs_JN5164/Parent.o
                0x00081683                _vProcessSerialCmd
 .text.vSerOutput_Secondary
                0x00081727       0x5f objs_JN5164/Parent.o
                0x00081727                _vSerOutput_Secondary
 .text.vSerOutput_SmplTag3
                0x00081786      0xd16 objs_JN5164/Parent.o
                0x00081786                _vSerOutput_SmplTag3
 .text.vSerOutput_Standard
                0x0008249c      0xaa1 objs_JN5164/Parent.o
                0x0008249c                _vSerOutput_Standard
 .text.vSerInitMessage
                0x00082f3d      0x111 objs_JN5164/Parent.o
                0x00082f3d                _vSerInitMessage
 .text.cbToCoNet_vHwEvent
                0x0008304e       0x77 objs_JN5164/Parent.o
                0x0008304e                _cbToCoNet_vHwEvent
 .text.cbToCoNet_vRxEvent
                0x000830c5      0x114 objs_JN5164/Parent.o
                0x000830c5                _cbToCoNet_vRxEvent
 .text.cbToCoNet_vNwkEvent
                0x000831d9       0x16 objs_JN5164/Parent.o
                0x000831d9                _cbToCoNet_vNwkEvent
 .text.vProcessEvCore
                0x000831ef      0x13c objs_JN5164/Parent.o
 .text.cbToCoNet_vMain
                0x0008332b        0x6 objs_JN5164/Parent.o
                0x0008332b                _cbToCoNet_vMain
 .text.vSerialInit
                0x00083331       0x70 objs_JN5164/Parent.o
 .text.cbAppColdStart
                0x000833a1      0x1ca objs_JN5164/Parent.o
                0x000833a1                _cbAppColdStart
 .text.cbAppWarmStart
                0x0008356b        0x6 objs_JN5164/Parent.o
                0x0008356b                _cbAppWarmStart
 .text.vResetWithMsg
                0x00083571       0x20 objs_JN5164/common.o
                0x00083571                _vResetWithMsg
 .text.bRegAesKey
                0x00083591       0x3e objs_JN5164/common.o
                0x00083591                _bRegAesKey
 .text.bFlash_Erase
                0x000835cf       0x38 objs_JN5164/flash.o
                0x000835cf                _bFlash_Erase
 .text.bFlash_Write
                0x00083607       0x35 objs_JN5164/flash.o
                0x00083607                _bFlash_Write
 .text.bFlash_Read
                0x0008363c       0x49 objs_JN5164/flash.o
                0x0008363c                _bFlash_Read
 .text.ADDRKEYA_bFind
                0x00083685       0x49 objs_JN5164/AddrKeyAry.o
                0x00083685                _ADDRKEYA_bFind
 .text.ADDRKEYA_vAdd
                0x000836ce       0x73 objs_JN5164/AddrKeyAry.o
                0x000836ce                _ADDRKEYA_vAdd
 .text.ADDRKEYA_vInit
                0x00083741        0xb objs_JN5164/AddrKeyAry.o
                0x00083741                _ADDRKEYA_vInit
 .text.INPSTR_vStart
                0x0008374c       0x19 objs_JN5164/input_string.o
                0x0008374c                _INPSTR_vStart
 .text.INPSTR_u8InputByte
                0x00083765       0xe6 objs_JN5164/input_string.o
                0x00083765                _INPSTR_u8InputByte
 .text.INPSTR_vInit
                0x0008384b       0x1a objs_JN5164/input_string.o
                0x0008384b                _INPSTR_vInit
 .text.Interactive_bGetMode
                0x00083865        0x9 objs_JN5164/Interactive.o
                0x00083865                _Interactive_bGetMode
 .text.vConfig_Update
                0x0008386e       0x74 objs_JN5164/Interactive.o
 .text.Config_vSetDefaults
                0x000838e2       0x3d objs_JN5164/Interactive.o
 .text.vConfig_UnSetAll
                0x0008391f        0xc objs_JN5164/Interactive.o
 .text.Config_bSave
                0x0008392b       0x6d objs_JN5164/Interactive.o
                0x0008392b                _Config_bSave
 .text.Config_bLoad
                0x00083998       0x40 objs_JN5164/Interactive.o
                0x00083998                _Config_bLoad
 .text.vSerPrintUartOpt
                0x000839d8       0x57 objs_JN5164/Interactive.o
 .text.vSerUpdateScreen
                0x00083a2f      0x433 objs_JN5164/Interactive.o
 .text.vProcessInputByte_Command
                0x00083e62      0x105 objs_JN5164/Interactive.o
 .text.Interactive_vInit
                0x00083f67       0xa8 objs_JN5164/Interactive.o
                0x00083f67                _Interactive_vInit
 *fill*         0x0008400f        0x1 00
 .text.vHandleSerialInput
                0x00084010      0xd20 objs_JN5164/Interactive.o
                0x00084010                _vHandleSerialInput
 .text.SerCmdAscii_u8Parse
                0x00084d30      0x13c objs_JN5164/sercmd_ascii.o
                0x00084d30                _SerCmdAscii_u8Parse
 .text.vPutByte
                0x00084e6c       0x43 objs_JN5164/sercmd_ascii.o
 .text.SerCmdAscii_Output
                0x00084eaf       0x67 objs_JN5164/sercmd_ascii.o
 .text.SerCmdAscii_vInit
                0x00084f16       0x2f objs_JN5164/sercmd_ascii.o
                0x00084f16                _SerCmdAscii_vInit
 .text.SerCmdPlus3_u8Parse
                0x00084f45       0xaa objs_JN5164/sercmd_plus3.o
                0x00084f45                _SerCmdPlus3_u8Parse
 *fill*         0x00084fef        0x1 00
 .text.SerCmdBinary_u8Parse
                0x00084ff0      0x114 objs_JN5164/sercmd_binary.o
 .text.SerCmdBinary_Output
                0x00085104       0x82 objs_JN5164/sercmd_binary.o
 .text.SerCmdBinary_vInit
                0x00085186       0x2f objs_JN5164/sercmd_binary.o
                0x00085186                _SerCmdBinary_vInit
 .text.PRSEV_u8Register
                0x000851b5       0x32 /cygdrive/c/TWESDK/Wks_ToCoNet/App_Tag/../../Wks_libToCoNet/libToCoNet/lib/libToCoNet_JN5164.a(ToCoNet_event.o)
                0x000851b5                _PRSEV_u8Register
 .text.PRSEV_peGetContext
                0x000851e7       0x2b /cygdrive/c/TWESDK/Wks_ToCoNet/App_Tag/../../Wks_libToCoNet/libToCoNet/lib/libToCoNet_JN5164.a(ToCoNet_event.o)
                0x000851e7                _PRSEV_peGetContext
 .text.PRSEV_peGetContextH
                0x00085212       0x14 /cygdrive/c/TWESDK/Wks_ToCoNet/App_Tag/../../Wks_libToCoNet/libToCoNet/lib/libToCoNet_JN5164.a(ToCoNet_event.o)
                0x00085212                _PRSEV_peGetContextH
 .text.PRSEV_vSetStateAll
                0x00085226       0x3b /cygdrive/c/TWESDK/Wks_ToCoNet/App_Tag/../../Wks_libToCoNet/libToCoNet/lib/libToCoNet_JN5164.a(ToCoNet_event.o)
                0x00085226                _PRSEV_vSetStateAll
 .text.PRSEV_vSetState
                0x00085261       0x10 /cygdrive/c/TWESDK/Wks_ToCoNet/App_Tag/../../Wks_libToCoNet/libToCoNet/lib/libToCoNet_JN5164.a(ToCoNet_event.o)
                0x00085261                _PRSEV_vSetState
 .text.PRSEV_vProcessEv_core
                0x00085271       0x8f /cygdrive/c/TWESDK/Wks_ToCoNet/App_Tag/../../Wks_libToCoNet/libToCoNet/lib/libToCoNet_JN5164.a(ToCoNet_event.o)
 .text.PRSEV_vProcessEvPost
                0x00085300       0x35 /cygdrive/c/TWESDK/Wks_ToCoNet/App_Tag/../../Wks_libToCoNet/libToCoNet/lib/libToCoNet_JN5164.a(ToCoNet_event.o)
                0x00085300                _PRSEV_vProcessEvPost
 .text._PRSEV_vProcessEv
                0x00085335       0x16 /cygdrive/c/TWESDK/Wks_ToCoNet/App_Tag/../../Wks_libToCoNet/libToCoNet/lib/libToCoNet_JN5164.a(ToCoNet_event.o)
                0x00085335                __PRSEV_vProcessEv
 .text._PRSEV_vProcessEvSingle
                0x0008534b       0x14 /cygdrive/c/TWESDK/Wks_ToCoNet/App_Tag/../../Wks_libToCoNet/libToCoNet/lib/libToCoNet_JN5164.a(ToCoNet_event.o)
                0x0008534b                __PRSEV_vProcessEvSingle
 .text._PRSEV_vProcessEvSingleH
                0x0008535f       0x16 /cygdrive/c/TWESDK/Wks_ToCoNet/App_Tag/../../Wks_libToCoNet/libToCoNet/lib/libToCoNet_JN5164.a(ToCoNet_event.o)
                0x0008535f                __PRSEV_vProcessEvSingleH
 .text.PRSEV_eGetState
                0x00085375       0x18 /cygdrive/c/TWESDK/Wks_ToCoNet/App_Tag/../../Wks_libToCoNet/libToCoNet/lib/libToCoNet_JN5164.a(ToCoNet_event.o)
                0x00085375                _PRSEV_eGetState
 .text.ToCoNet_Event_StateExec
                0x0008538d       0x31 /cygdrive/c/TWESDK/Wks_ToCoNet/App_Tag/../../Wks_libToCoNet/libToCoNet/lib/libToCoNet_JN5164.a(ToCoNet_event.o)
                0x0008538d                _ToCoNet_Event_StateExec
 .text.PRSEV_vInit
                0x000853be       0x4d /cygdrive/c/TWESDK/Wks_ToCoNet/App_Tag/../../Wks_libToCoNet/libToCoNet/lib/libToCoNet_JN5164.a(ToCoNet_event.o)
                0x000853be                _PRSEV_vInit
 .text.ToCoNet_vDebugInit
                0x0008540b        0x9 /cygdrive/c/TWESDK/Wks_ToCoNet/App_Tag/../../Wks_libToCoNet/libToCoNet/lib/libToCoNet_JN5164.a(ToCoNet_main.o)
                0x0008540b                _ToCoNet_vDebugInit
 .text.ToCoNet_vDebugLevel
                0x00085414        0x9 /cygdrive/c/TWESDK/Wks_ToCoNet/App_Tag/../../Wks_libToCoNet/libToCoNet/lib/libToCoNet_JN5164.a(ToCoNet_main.o)
                0x00085414                _ToCoNet_vDebugLevel
 .text._ToCoNet_bRaisePanic
                0x0008541d       0x3b /cygdrive/c/TWESDK/Wks_ToCoNet/App_Tag/../../Wks_libToCoNet/libToCoNet/lib/libToCoNet_JN5164.a(ToCoNet_main.o)
                0x0008541d                __ToCoNet_bRaisePanic
 .text.ToCoNet_bRegisterAesKey
                0x00085458       0x1a /cygdrive/c/TWESDK/Wks_ToCoNet/App_Tag/../../Wks_libToCoNet/libToCoNet/lib/libToCoNet_JN5164.a(ToCoNet_main.o)
                0x00085458                _ToCoNet_bRegisterAesKey
 .text.ToCoNet_vMain
                0x00085472      0x26c /cygdrive/c/TWESDK/Wks_ToCoNet/App_Tag/../../Wks_libToCoNet/libToCoNet/lib/libToCoNet_JN5164.a(ToCoNet_main.o)
                0x00085472                _ToCoNet_vMain
 .text.vProcessEvCoreMac
                0x000856de       0x7a /cygdrive/c/TWESDK/Wks_ToCoNet/App_Tag/../../Wks_libToCoNet/libToCoNet/lib/libToCoNet_JN5164.a(ToCoNet_main.o)
                0x000856de                _vProcessEvCoreMac
 .text.ToCoNet_vStart
                0x00085758      0x3e2 /cygdrive/c/TWESDK/Wks_ToCoNet/App_Tag/../../Wks_libToCoNet/libToCoNet/lib/libToCoNet_JN5164.a(ToCoNet_main.o)
                0x00085758                _ToCoNet_vStart
 .text.ToCoNet_vInit
                0x00085b3a      0x135 /cygdrive/c/TWESDK/Wks_ToCoNet/App_Tag/../../Wks_libToCoNet/libToCoNet/lib/libToCoNet_JN5164.a(ToCoNet_main.o)
                0x00085b3a                _ToCoNet_vInit
 .text.u8HwEventHandler
                0x00085c6f       0x27 /cygdrive/c/TWESDK/Wks_ToCoNet/App_Tag/../../Wks_libToCoNet/libToCoNet/lib/libToCoNet_JN5164.a(ToCoNet_main.o)
 .text.ToCoNet_u32GetVersion
                0x00085c96       0x21 /cygdrive/c/TWESDK/Wks_ToCoNet/App_Tag/../../Wks_libToCoNet/libToCoNet/lib/libToCoNet_JN5164.a(ToCoNet_utils.o)
                0x00085c96                _ToCoNet_u32GetVersion
 .text.ToCoNet_u32GetVersion_LibEx
                0x00085cb7       0x21 /cygdrive/c/TWESDK/Wks_ToCoNet/App_Tag/../../Wks_libToCoNet/libToCoNet/lib/libToCoNet_JN5164.a(ToCoNet_utils.o)
                0x00085cb7                _ToCoNet_u32GetVersion_LibEx
 .text.ToCoNet_u32GetVersion_LibUtils
                0x00085cd8       0x21 /cygdrive/c/TWESDK/Wks_ToCoNet/App_Tag/../../Wks_libToCoNet/libToCoNet/lib/libToCoNet_JN5164.a(ToCoNet_utils.o)
                0x00085cd8                _ToCoNet_u32GetVersion_LibUtils
 .text.ToCoNet_u16GetPanId
                0x00085cf9        0x9 /cygdrive/c/TWESDK/Wks_ToCoNet/App_Tag/../../Wks_libToCoNet/libToCoNet/lib/libToCoNet_JN5164.a(ToCoNet_utils.o)
                0x00085cf9                _ToCoNet_u16GetPanId
 .text.ToCoNet_u32GetSerial
                0x00085d02        0x9 /cygdrive/c/TWESDK/Wks_ToCoNet/App_Tag/../../Wks_libToCoNet/libToCoNet/lib/libToCoNet_JN5164.a(ToCoNet_utils.o)
                0x00085d02                _ToCoNet_u32GetSerial
 .text.ToCoNet_u32GetRand
                0x00085d0b       0x65 /cygdrive/c/TWESDK/Wks_ToCoNet/App_Tag/../../Wks_libToCoNet/libToCoNet/lib/libToCoNet_JN5164.a(ToCoNet_utils.o)
                0x00085d0b                _ToCoNet_u32GetRand
 .text.ToCoNet_vReg_mod_Tx_Standard
                0x00085d70       0x1d /cygdrive/c/TWESDK/Wks_ToCoNet/App_Tag/../../Wks_libToCoNet/libToCoNet/lib/libToCoNet_JN5164.a(ToCoNet_mod_Tx.o)
                0x00085d70                _ToCoNet_vReg_mod_Tx_Standard
 .text.vProcessEvCoreTx
                0x00085d8d       0x67 /cygdrive/c/TWESDK/Wks_ToCoNet/App_Tag/../../Wks_libToCoNet/libToCoNet/lib/libToCoNet_JN5164.a(ToCoNet_mod_Tx.o)
 .text.vHnd_E_STATE_FINISH_TX_SUCCESS
                0x00085df4       0x9b /cygdrive/c/TWESDK/Wks_ToCoNet/App_Tag/../../Wks_libToCoNet/libToCoNet/lib/libToCoNet_JN5164.a(ToCoNet_mod_Tx.o)
 .text.vHnd_E_STATE_WAIT_TX
                0x00085e8f       0x71 /cygdrive/c/TWESDK/Wks_ToCoNet/App_Tag/../../Wks_libToCoNet/libToCoNet/lib/libToCoNet_JN5164.a(ToCoNet_mod_Tx.o)
 .text.vHnd_E_STATE_PREPARE_TX
                0x00085f00      0x160 /cygdrive/c/TWESDK/Wks_ToCoNet/App_Tag/../../Wks_libToCoNet/libToCoNet/lib/libToCoNet_JN5164.a(ToCoNet_mod_Tx.o)
 .text.vHnd_E_STATE_IDLE
                0x00086060       0x49 /cygdrive/c/TWESDK/Wks_ToCoNet/App_Tag/../../Wks_libToCoNet/libToCoNet/lib/libToCoNet_JN5164.a(ToCoNet_mod_Tx.o)
 .text.vHnd_E_STATE_RUNNING
                0x000860a9      0x202 /cygdrive/c/TWESDK/Wks_ToCoNet/App_Tag/../../Wks_libToCoNet/libToCoNet/lib/libToCoNet_JN5164.a(ToCoNet_mod_Tx.o)
 .text.vHnd_E_STATE_FINISH_TX_FAIL
                0x000862ab       0xc2 /cygdrive/c/TWESDK/Wks_ToCoNet/App_Tag/../../Wks_libToCoNet/libToCoNet/lib/libToCoNet_JN5164.a(ToCoNet_mod_Tx.o)
 .text.ToCoNet_vReg_mod_NbScan
                0x0008636d       0x20 /cygdrive/c/TWESDK/Wks_ToCoNet/App_Tag/../../Wks_libToCoNet/libToCoNet/lib/libToCoNet_JN5164.a(ToCoNet_mod_NbScan.o)
                0x0008636d                _ToCoNet_vReg_mod_NbScan
 .text.iNbScCompare
                0x0008638d       0x25 /cygdrive/c/TWESDK/Wks_ToCoNet/App_Tag/../../Wks_libToCoNet/libToCoNet/lib/libToCoNet_JN5164.a(ToCoNet_mod_NbScan.o)
 .text.vSetEnt  0x000863b2       0x4e /cygdrive/c/TWESDK/Wks_ToCoNet/App_Tag/../../Wks_libToCoNet/libToCoNet/lib/libToCoNet_JN5164.a(ToCoNet_mod_NbScan.o)
 .text.ToCoNet_bNeighbourScanStartCore
                0x00086400       0x96 /cygdrive/c/TWESDK/Wks_ToCoNet/App_Tag/../../Wks_libToCoNet/libToCoNet/lib/libToCoNet_JN5164.a(ToCoNet_mod_NbScan.o)
 .text.ToCoNet_NbScan_bStartToFindRole
                0x00086496       0x37 /cygdrive/c/TWESDK/Wks_ToCoNet/App_Tag/../../Wks_libToCoNet/libToCoNet/lib/libToCoNet_JN5164.a(ToCoNet_mod_NbScan.o)
                0x00086496                _ToCoNet_NbScan_bStartToFindRole
 .text.ToCoNet_NbScan_bStartToFindAddrCb
                0x000864cd       0x52 /cygdrive/c/TWESDK/Wks_ToCoNet/App_Tag/../../Wks_libToCoNet/libToCoNet/lib/libToCoNet_JN5164.a(ToCoNet_mod_NbScan.o)
                0x000864cd                _ToCoNet_NbScan_bStartToFindAddrCb
 .text.vProcessEvModNeighbourScan
                0x0008651f       0x4d /cygdrive/c/TWESDK/Wks_ToCoNet/App_Tag/../../Wks_libToCoNet/libToCoNet/lib/libToCoNet_JN5164.a(ToCoNet_mod_NbScan.o)
 .text.vHnd_E_STATE_IDLE
                0x0008656c       0x2f /cygdrive/c/TWESDK/Wks_ToCoNet/App_Tag/../../Wks_libToCoNet/libToCoNet/lib/libToCoNet_JN5164.a(ToCoNet_mod_NbScan.o)
 .text.vHnd_E_STATE_FINISHED
                0x0008659b       0xa5 /cygdrive/c/TWESDK/Wks_ToCoNet/App_Tag/../../Wks_libToCoNet/libToCoNet/lib/libToCoNet_JN5164.a(ToCoNet_mod_NbScan.o)
 .text.vHnd_E_STATE_WAIT_COMMAND
                0x00086640      0x347 /cygdrive/c/TWESDK/Wks_ToCoNet/App_Tag/../../Wks_libToCoNet/libToCoNet/lib/libToCoNet_JN5164.a(ToCoNet_mod_NbScan.o)
 .text.vHnd_E_STATE_SCANNING
                0x00086987       0xa2 /cygdrive/c/TWESDK/Wks_ToCoNet/App_Tag/../../Wks_libToCoNet/libToCoNet/lib/libToCoNet_JN5164.a(ToCoNet_mod_NbScan.o)
 .text.vHnd_E_STATE_SCANNING_INIT
                0x00086a29       0x6e /cygdrive/c/TWESDK/Wks_ToCoNet/App_Tag/../../Wks_libToCoNet/libToCoNet/lib/libToCoNet_JN5164.a(ToCoNet_mod_NbScan.o)
 .text.RepondList_bFind
                0x00086a97       0x4b /cygdrive/c/TWESDK/Wks_ToCoNet/App_Tag/../../Wks_libToCoNet/libToCoNet/lib/libToCoNet_JN5164.a(ToCoNet_mod_NbScan_Slave.o)
 .text.ToCoNet_vReg_mod_NbScan_Slave
                0x00086ae2       0x45 /cygdrive/c/TWESDK/Wks_ToCoNet/App_Tag/../../Wks_libToCoNet/libToCoNet/lib/libToCoNet_JN5164.a(ToCoNet_mod_NbScan_Slave.o)
                0x00086ae2                _ToCoNet_vReg_mod_NbScan_Slave
 .text.vTransmit
                0x00086b27      0x177 /cygdrive/c/TWESDK/Wks_ToCoNet/App_Tag/../../Wks_libToCoNet/libToCoNet/lib/libToCoNet_JN5164.a(ToCoNet_mod_NbScan_Slave.o)
 .text.vProcessEvModNeighbourScanSlave
                0x00086c9e      0x164 /cygdrive/c/TWESDK/Wks_ToCoNet/App_Tag/../../Wks_libToCoNet/libToCoNet/lib/libToCoNet_JN5164.a(ToCoNet_mod_NbScan_Slave.o)
 .text.ToCoNet_vReg_mod_TxRxQueueMid
                0x00086e02       0x84 /cygdrive/c/TWESDK/Wks_ToCoNet/App_Tag/../../Wks_libToCoNet/libToCoNet/lib/libToCoNet_JN5164.a(ToCoNet_mod_TxRxQueue.o)
                0x00086e02                _ToCoNet_vReg_mod_TxRxQueueMid
 .text.ToCoNet_vRxProc_App
                0x00086e86       0x81 /cygdrive/c/TWESDK/Wks_ToCoNet/App_Tag/../../Wks_libToCoNet/libToCoNet/lib/libToCoNet_JN5164.a(ToCoNet_mod_Nwk_Common.o)
                0x00086e86                _ToCoNet_vRxProc_App
 .text.ToCoNet_vRxProc_Mod
                0x00086f07       0x49 /cygdrive/c/TWESDK/Wks_ToCoNet/App_Tag/../../Wks_libToCoNet/libToCoNet/lib/libToCoNet_JN5164.a(ToCoNet_mod_Nwk_Common.o)
                0x00086f07                _ToCoNet_vRxProc_Mod
 .text.u32GenRouteCtlInfo
                0x00086f50       0x24 /cygdrive/c/TWESDK/Wks_ToCoNet/App_Tag/../../Wks_libToCoNet/libToCoNet/lib/libToCoNet_JN5164.a(ToCoNet_mod_Nwk_LayerTree.o)
 .text.DupPkt_bAdd
                0x00086f74       0x70 /cygdrive/c/TWESDK/Wks_ToCoNet/App_Tag/../../Wks_libToCoNet/libToCoNet/lib/libToCoNet_JN5164.a(ToCoNet_mod_Nwk_LayerTree.o)
 .text.u8UpdateXOR
                0x00086fe4       0x16 /cygdrive/c/TWESDK/Wks_ToCoNet/App_Tag/../../Wks_libToCoNet/libToCoNet/lib/libToCoNet_JN5164.a(ToCoNet_mod_Nwk_LayerTree.o)
 .text.vHnd_E_STATE_DISCONNECT
                0x00086ffa       0x27 /cygdrive/c/TWESDK/Wks_ToCoNet/App_Tag/../../Wks_libToCoNet/libToCoNet/lib/libToCoNet_JN5164.a(ToCoNet_mod_Nwk_LayerTree.o)
 .text.vHnd_E_STATE_LOCATING
                0x00087021      0x14a /cygdrive/c/TWESDK/Wks_ToCoNet/App_Tag/../../Wks_libToCoNet/libToCoNet/lib/libToCoNet_JN5164.a(ToCoNet_mod_Nwk_LayerTree.o)
 .text.vHnd_E_STATE_SCANNING
                0x0008716b      0x246 /cygdrive/c/TWESDK/Wks_ToCoNet/App_Tag/../../Wks_libToCoNet/libToCoNet/lib/libToCoNet_JN5164.a(ToCoNet_mod_Nwk_LayerTree.o)
 .text.ToCoNet_NwkLyTr_psConfig
                0x000873b1      0x219 /cygdrive/c/TWESDK/Wks_ToCoNet/App_Tag/../../Wks_libToCoNet/libToCoNet/lib/libToCoNet_JN5164.a(ToCoNet_mod_Nwk_LayerTree.o)
                0x000873b1                _ToCoNet_NwkLyTr_psConfig
 .text.ToCoNet_vReg_mod_Nwk_LayerTree
                0x000875ca       0x45 /cygdrive/c/TWESDK/Wks_ToCoNet/App_Tag/../../Wks_libToCoNet/libToCoNet/lib/libToCoNet_JN5164.a(ToCoNet_mod_Nwk_LayerTree.o)
                0x000875ca                _ToCoNet_vReg_mod_Nwk_LayerTree
 .text.DupPkt_vInit
                0x0008760f       0x1b /cygdrive/c/TWESDK/Wks_ToCoNet/App_Tag/../../Wks_libToCoNet/libToCoNet/lib/libToCoNet_JN5164.a(ToCoNet_mod_Nwk_LayerTree.o)
 .text.vHnd_E_STATE_RUNNING
                0x0008762a       0xc2 /cygdrive/c/TWESDK/Wks_ToCoNet/App_Tag/../../Wks_libToCoNet/libToCoNet/lib/libToCoNet_JN5164.a(ToCoNet_mod_Nwk_LayerTree.o)
 .text.bTxReq   0x000876ec      0x248 /cygdrive/c/TWESDK/Wks_ToCoNet/App_Tag/../../Wks_libToCoNet/libToCoNet/lib/libToCoNet_JN5164.a(ToCoNet_mod_Nwk_LayerTree.o)
 .text.ToCoNet_bNwk_Pause_LayerTree
                0x00087934       0x78 /cygdrive/c/TWESDK/Wks_ToCoNet/App_Tag/../../Wks_libToCoNet/libToCoNet/lib/libToCoNet_JN5164.a(ToCoNet_mod_Nwk_LayerTree.o)
 .text.vProcessEvCoreNwkLayerTree
                0x000879ac      0x5ce /cygdrive/c/TWESDK/Wks_ToCoNet/App_Tag/../../Wks_libToCoNet/libToCoNet/lib/libToCoNet_JN5164.a(ToCoNet_mod_Nwk_LayerTree.o)
                0x000879ac                _vProcessEvCoreNwkLayerTree
 .text.ToCoNet_bNwk_Start_LayerTree
                0x00087f7a       0x8f /cygdrive/c/TWESDK/Wks_ToCoNet/App_Tag/../../Wks_libToCoNet/libToCoNet/lib/libToCoNet_JN5164.a(ToCoNet_mod_Nwk_LayerTree.o)
 .text.ToCoNet_bNwk_Resume_LayerTree
                0x00088009       0x6f /cygdrive/c/TWESDK/Wks_ToCoNet/App_Tag/../../Wks_libToCoNet/libToCoNet/lib/libToCoNet_JN5164.a(ToCoNet_mod_Nwk_LayerTree.o)
 .text.ToCoNet_bNwk_Init_LayerTree
                0x00088078       0x3b /cygdrive/c/TWESDK/Wks_ToCoNet/App_Tag/../../Wks_libToCoNet/libToCoNet/lib/libToCoNet_JN5164.a(ToCoNet_mod_Nwk_LayerTree.o)
 .text.ToCoNet_bNwk_Stop_LayerTree
                0x000880b3       0x67 /cygdrive/c/TWESDK/Wks_ToCoNet/App_Tag/../../Wks_libToCoNet/libToCoNet/lib/libToCoNet_JN5164.a(ToCoNet_mod_Nwk_LayerTree.o)
 .text.vHnd_E_STATE_PAUSE
                0x0008811a       0x6a /cygdrive/c/TWESDK/Wks_ToCoNet/App_Tag/../../Wks_libToCoNet/libToCoNet/lib/libToCoNet_JN5164.a(ToCoNet_mod_Nwk_LayerTree.o)
 .text.vHnd_E_STATE_IDLE
                0x00088184      0x101 /cygdrive/c/TWESDK/Wks_ToCoNet/App_Tag/../../Wks_libToCoNet/libToCoNet/lib/libToCoNet_JN5164.a(ToCoNet_mod_Nwk_LayerTree.o)
 .text.ToCoNet_ChMgr_bCh_Reconfig
                0x00088285       0x68 /cygdrive/c/TWESDK/Wks_ToCoNet/App_Tag/../../Wks_libToCoNet/libToCoNet/lib/libToCoNet_JN5164.a(ToCoNet_mod_Channel_Mgr.o)
                0x00088285                _ToCoNet_ChMgr_bCh_Reconfig
 .text.ToCoNet_ChMgr_vCh_TxFin
                0x000882ed       0x30 /cygdrive/c/TWESDK/Wks_ToCoNet/App_Tag/../../Wks_libToCoNet/libToCoNet/lib/libToCoNet_JN5164.a(ToCoNet_mod_Channel_Mgr.o)
                0x000882ed                _ToCoNet_ChMgr_vCh_TxFin
 .text.ToCoNet_ChMgr_vCh_Release
                0x0008831d       0x24 /cygdrive/c/TWESDK/Wks_ToCoNet/App_Tag/../../Wks_libToCoNet/libToCoNet/lib/libToCoNet_JN5164.a(ToCoNet_mod_Channel_Mgr.o)
                0x0008831d                _ToCoNet_ChMgr_vCh_Release
 .text.ToCoNet_ChMgr_bCh_Hold
                0x00088341       0x36 /cygdrive/c/TWESDK/Wks_ToCoNet/App_Tag/../../Wks_libToCoNet/libToCoNet/lib/libToCoNet_JN5164.a(ToCoNet_mod_Channel_Mgr.o)
                0x00088341                _ToCoNet_ChMgr_bCh_Hold
 .text.ToCoNet_ChMgr_bCh_Change
                0x00088377       0x28 /cygdrive/c/TWESDK/Wks_ToCoNet/App_Tag/../../Wks_libToCoNet/libToCoNet/lib/libToCoNet_JN5164.a(ToCoNet_mod_Channel_Mgr.o)
                0x00088377                _ToCoNet_ChMgr_bCh_Change
 .text.ToCoNet_ChMgr_bCh_OnTx
                0x0008839f       0x6d /cygdrive/c/TWESDK/Wks_ToCoNet/App_Tag/../../Wks_libToCoNet/libToCoNet/lib/libToCoNet_JN5164.a(ToCoNet_mod_Channel_Mgr.o)
                0x0008839f                _ToCoNet_ChMgr_bCh_OnTx
 .text.vHnd_E_STATE_RUNNING
                0x0008840c        0x3 /cygdrive/c/TWESDK/Wks_ToCoNet/App_Tag/../../Wks_libToCoNet/libToCoNet/lib/libToCoNet_JN5164.a(ToCoNet_mod_Nwk_MessagePool.o)
 .text.ToCoNet_MsgPl_bRequest_w_Payload_to_Parenet
                0x0008840f       0xe7 /cygdrive/c/TWESDK/Wks_ToCoNet/App_Tag/../../Wks_libToCoNet/libToCoNet/lib/libToCoNet_JN5164.a(ToCoNet_mod_Nwk_MessagePool.o)
                0x0008840f                _ToCoNet_MsgPl_bRequest_w_Payload_to_Parenet
 .text.ToCoNet_MsgPl_vConfig
                0x000884f6       0x12 /cygdrive/c/TWESDK/Wks_ToCoNet/App_Tag/../../Wks_libToCoNet/libToCoNet/lib/libToCoNet_JN5164.a(ToCoNet_mod_Nwk_MessagePool.o)
                0x000884f6                _ToCoNet_MsgPl_vConfig
 .text.ToCoNet_vReg_mod_Nwk_MessagePool
                0x00088508       0x3d /cygdrive/c/TWESDK/Wks_ToCoNet/App_Tag/../../Wks_libToCoNet/libToCoNet/lib/libToCoNet_JN5164.a(ToCoNet_mod_Nwk_MessagePool.o)
                0x00088508                _ToCoNet_vReg_mod_Nwk_MessagePool
 .text.vHnd_E_STATE_IDLE
                0x00088545        0x8 /cygdrive/c/TWESDK/Wks_ToCoNet/App_Tag/../../Wks_libToCoNet/libToCoNet/lib/libToCoNet_JN5164.a(ToCoNet_mod_Nwk_MessagePool.o)
 .text.ToCoNet_MsgPl_bSetMessage
                0x0008854d      0x105 /cygdrive/c/TWESDK/Wks_ToCoNet/App_Tag/../../Wks_libToCoNet/libToCoNet/lib/libToCoNet_JN5164.a(ToCoNet_mod_Nwk_MessagePool.o)
                0x0008854d                _ToCoNet_MsgPl_bSetMessage
 .text.vProcessEvCoreMessagePool
                0x00088652      0x267 /cygdrive/c/TWESDK/Wks_ToCoNet/App_Tag/../../Wks_libToCoNet/libToCoNet/lib/libToCoNet_JN5164.a(ToCoNet_mod_Nwk_MessagePool.o)
 .text.ToCoNet_DupChk_bAdd_E
                0x000888b9       0x82 /cygdrive/c/TWESDK/Wks_ToCoNet/App_Tag/../../Wks_libToCoNet/libToCoNet/lib/libToCoNet_JN5164.a(ToCoNet_mod_DuplicateChecker.o)
                0x000888b9                _ToCoNet_DupChk_bAdd_E
 .text.ToCoNet_DupChk_u8Clean_E
                0x0008893b       0x44 /cygdrive/c/TWESDK/Wks_ToCoNet/App_Tag/../../Wks_libToCoNet/libToCoNet/lib/libToCoNet_JN5164.a(ToCoNet_mod_DuplicateChecker.o)
                0x0008893b                _ToCoNet_DupChk_u8Clean_E
 .text.ToCoNet_DupChk_vClean
                0x0008897f       0x4e /cygdrive/c/TWESDK/Wks_ToCoNet/App_Tag/../../Wks_libToCoNet/libToCoNet/lib/libToCoNet_JN5164.a(ToCoNet_mod_DuplicateChecker.o)
                0x0008897f                _ToCoNet_DupChk_vClean
 .text.ToCoNet_DupChk_vInit_E
                0x000889cd       0x15 /cygdrive/c/TWESDK/Wks_ToCoNet/App_Tag/../../Wks_libToCoNet/libToCoNet/lib/libToCoNet_JN5164.a(ToCoNet_mod_DuplicateChecker.o)
                0x000889cd                _ToCoNet_DupChk_vInit_E
 .text.ToCoNet_DupChk_bAdd
                0x000889e2      0x1e6 /cygdrive/c/TWESDK/Wks_ToCoNet/App_Tag/../../Wks_libToCoNet/libToCoNet/lib/libToCoNet_JN5164.a(ToCoNet_mod_DuplicateChecker.o)
                0x000889e2                _ToCoNet_DupChk_bAdd
 .text._ToCoNet_DupChk_psInit
                0x00088bc8       0x8d /cygdrive/c/TWESDK/Wks_ToCoNet/App_Tag/../../Wks_libToCoNet/libToCoNet/lib/libToCoNet_JN5164.a(ToCoNet_mod_DuplicateChecker.o)
                0x00088bc8                __ToCoNet_DupChk_psInit
 .text.ToCoNet_vReg_mod_DupChk
                0x00088c55       0x2d /cygdrive/c/TWESDK/Wks_ToCoNet/App_Tag/../../Wks_libToCoNet/libToCoNet/lib/libToCoNet_JN5164.a(ToCoNet_mod_DuplicateChecker.o)
                0x00088c55                _ToCoNet_vReg_mod_DupChk
 .text.vFifoInit
                0x00088c82       0x14 /cygdrive/c/TWESDK/Wks_ToCoNet/App_Tag/../../Wks_libToCoNet/libToCoNet/lib/libToCoNet_JN5164.a(AppQueueApi_ToCoNet.o)
 .text.pvFifoPull
                0x00088c96       0x23 /cygdrive/c/TWESDK/Wks_ToCoNet/App_Tag/../../Wks_libToCoNet/libToCoNet/lib/libToCoNet_JN5164.a(AppQueueApi_ToCoNet.o)
 .text.psAppQApiGetMcpsBuffer
                0x00088cb9        0xc /cygdrive/c/TWESDK/Wks_ToCoNet/App_Tag/../../Wks_libToCoNet/libToCoNet/lib/libToCoNet_JN5164.a(AppQueueApi_ToCoNet.o)
 .text.psAppQApiGetMlmeBuffer
                0x00088cc5        0xc /cygdrive/c/TWESDK/Wks_ToCoNet/App_Tag/../../Wks_libToCoNet/libToCoNet/lib/libToCoNet_JN5164.a(AppQueueApi_ToCoNet.o)
 .text.psAppQApiReadHwIndT
                0x00088cd1        0xc /cygdrive/c/TWESDK/Wks_ToCoNet/App_Tag/../../Wks_libToCoNet/libToCoNet/lib/libToCoNet_JN5164.a(AppQueueApi_ToCoNet.o)
                0x00088cd1                _psAppQApiReadHwIndT
 .text.psAppQApiReadMcpsIndT
                0x00088cdd        0xc /cygdrive/c/TWESDK/Wks_ToCoNet/App_Tag/../../Wks_libToCoNet/libToCoNet/lib/libToCoNet_JN5164.a(AppQueueApi_ToCoNet.o)
                0x00088cdd                _psAppQApiReadMcpsIndT
 .text.psAppQApiReadMlmeIndT
                0x00088ce9        0xc /cygdrive/c/TWESDK/Wks_ToCoNet/App_Tag/../../Wks_libToCoNet/libToCoNet/lib/libToCoNet_JN5164.a(AppQueueApi_ToCoNet.o)
                0x00088ce9                _psAppQApiReadMlmeIndT
 .text.bFifoPush
                0x00088cf5       0x28 /cygdrive/c/TWESDK/Wks_ToCoNet/App_Tag/../../Wks_libToCoNet/libToCoNet/lib/libToCoNet_JN5164.a(AppQueueApi_ToCoNet.o)
 .text.vAppQApiPostMcps
                0x00088d1d       0x1e /cygdrive/c/TWESDK/Wks_ToCoNet/App_Tag/../../Wks_libToCoNet/libToCoNet/lib/libToCoNet_JN5164.a(AppQueueApi_ToCoNet.o)
 .text.vAppQApiPostMlme
                0x00088d3b       0x22 /cygdrive/c/TWESDK/Wks_ToCoNet/App_Tag/../../Wks_libToCoNet/libToCoNet/lib/libToCoNet_JN5164.a(AppQueueApi_ToCoNet.o)
 .text.vAppQApiReturnHwIndBufferT
                0x00088d5d        0xe /cygdrive/c/TWESDK/Wks_ToCoNet/App_Tag/../../Wks_libToCoNet/libToCoNet/lib/libToCoNet_JN5164.a(AppQueueApi_ToCoNet.o)
                0x00088d5d                _vAppQApiReturnHwIndBufferT
 .text.vAppQApiReturnMcpsIndBufferT
                0x00088d6b        0xe /cygdrive/c/TWESDK/Wks_ToCoNet/App_Tag/../../Wks_libToCoNet/libToCoNet/lib/libToCoNet_JN5164.a(AppQueueApi_ToCoNet.o)
                0x00088d6b                _vAppQApiReturnMcpsIndBufferT
 .text.vAppQApiReturnMlmeIndBufferT
                0x00088d79        0xe /cygdrive/c/TWESDK/Wks_ToCoNet/App_Tag/../../Wks_libToCoNet/libToCoNet/lib/libToCoNet_JN5164.a(AppQueueApi_ToCoNet.o)
                0x00088d79                _vAppQApiReturnMlmeIndBufferT
 .text.u32AppQApiInitT
                0x00088d87      0x18f /cygdrive/c/TWESDK/Wks_ToCoNet/App_Tag/../../Wks_libToCoNet/libToCoNet/lib/libToCoNet_JN5164.a(AppQueueApi_ToCoNet.o)
                0x00088d87                _u32AppQApiInitT
 .text.vAppQApiPostHwIntT
                0x00088f16       0x6e /cygdrive/c/TWESDK/Wks_ToCoNet/App_Tag/../../Wks_libToCoNet/libToCoNet/lib/libToCoNet_JN5164.a(AppQueueApi_ToCoNet.o)
 .text.u32AppQApiInitNetwork
                0x00088f84       0x22 /cygdrive/c/TWESDK/Wks_ToCoNet/App_Tag/../../Wks_libToCoNet/libToCoNet/lib/libToCoNet_JN5164.a(AppQueueApi_ToCoNet.o)
                0x00088f84                _u32AppQApiInitNetwork
 .text._ToCoNet_bRfChChannel
                0x00088fa6       0xaa /cygdrive/c/TWESDK/Wks_ToCoNet/App_Tag/../../Wks_libToCoNet/libToCoNet/lib/libToCoNetExt_JN5164.a(AppStart.o)
                0x00088fa6                __ToCoNet_bRfChChannel
 .text.AppWarmStart
                0x00089050       0x9d /cygdrive/c/TWESDK/Wks_ToCoNet/App_Tag/../../Wks_libToCoNet/libToCoNet/lib/libToCoNetExt_JN5164.a(AppStart.o)
                0x00089050                _AppWarmStart
 .text._ToCoNet_vMacInit
                0x000890ed       0x2c /cygdrive/c/TWESDK/Wks_ToCoNet/App_Tag/../../Wks_libToCoNet/libToCoNet/lib/libToCoNetExt_JN5164.a(AppStart.o)
                0x000890ed                __ToCoNet_vMacInit
 .text._ToCoNet_vRfConfig
                0x00089119       0xe3 /cygdrive/c/TWESDK/Wks_ToCoNet/App_Tag/../../Wks_libToCoNet/libToCoNet/lib/libToCoNetExt_JN5164.a(AppStart.o)
                0x00089119                __ToCoNet_vRfConfig
 .text.AppColdStart
                0x000891fc      0x4d7 /cygdrive/c/TWESDK/Wks_ToCoNet/App_Tag/../../Wks_libToCoNet/libToCoNet/lib/libToCoNetExt_JN5164.a(AppStart.o)
                0x000891fc                _AppColdStart
 .text.ToCoNet_u32GetSerialOnBoot
                0x000896d3       0x37 /cygdrive/c/TWESDK/Wks_ToCoNet/App_Tag/../../Wks_libToCoNet/libToCoNet/lib/libToCoNetExt_JN5164.a(getMacAddr.o)
                0x000896d3                _ToCoNet_u32GetSerialOnBoot
 .text.Mac_bRxQueueReg
                0x0008970a       0x34 /cygdrive/c/TWESDK/Wks_ToCoNet/App_Tag/../../Wks_libToCoNet/libToCoNet/lib/libToCoNetExt_JN5164.a(mac.o)
                0x0008970a                _Mac_bRxQueueReg
 .text.Mac_vSetHighDataRate
                0x0008973e        0x3 /cygdrive/c/TWESDK/Wks_ToCoNet/App_Tag/../../Wks_libToCoNet/libToCoNet/lib/libToCoNetExt_JN5164.a(mac.o)
                0x0008973e                _Mac_vSetHighDataRate
 .text.Mac_vSetCCA
                0x00089741       0x32 /cygdrive/c/TWESDK/Wks_ToCoNet/App_Tag/../../Wks_libToCoNet/libToCoNet/lib/libToCoNetExt_JN5164.a(mac.o)
                0x00089741                _Mac_vSetCCA
 .text.Mac_vSetRetry
                0x00089773       0x1e /cygdrive/c/TWESDK/Wks_ToCoNet/App_Tag/../../Wks_libToCoNet/libToCoNet/lib/libToCoNetExt_JN5164.a(mac.o)
                0x00089773                _Mac_vSetRetry
 .text.Mac_vReset
                0x00089791       0x20 /cygdrive/c/TWESDK/Wks_ToCoNet/App_Tag/../../Wks_libToCoNet/libToCoNet/lib/libToCoNetExt_JN5164.a(mac.o)
                0x00089791                _Mac_vReset
 .text.bDecodeAES
                0x000897b1       0xc6 /cygdrive/c/TWESDK/Wks_ToCoNet/App_Tag/../../Wks_libToCoNet/libToCoNet/lib/libToCoNetExt_JN5164.a(mac.o)
                0x000897b1                _bDecodeAES
 .text.bEncodeAES
                0x00089877       0xbb /cygdrive/c/TWESDK/Wks_ToCoNet/App_Tag/../../Wks_libToCoNet/libToCoNet/lib/libToCoNetExt_JN5164.a(mac.o)
                0x00089877                _bEncodeAES
 .text.Mac_vHandleMcpsDataInd
                0x00089932      0x2a0 /cygdrive/c/TWESDK/Wks_ToCoNet/App_Tag/../../Wks_libToCoNet/libToCoNet/lib/libToCoNetExt_JN5164.a(mac.o)
                0x00089932                _Mac_vHandleMcpsDataInd
 .text.Mac_bSecureInit
                0x00089bd2        0xc /cygdrive/c/TWESDK/Wks_ToCoNet/App_Tag/../../Wks_libToCoNet/libToCoNet/lib/libToCoNetExt_JN5164.a(mac.o)
                0x00089bd2                _Mac_bSecureInit
 .text.Mac_vInit
                0x00089bde       0x41 /cygdrive/c/TWESDK/Wks_ToCoNet/App_Tag/../../Wks_libToCoNet/libToCoNet/lib/libToCoNetExt_JN5164.a(mac.o)
                0x00089bde                _Mac_vInit
 .text.Mac_bTransmit
                0x00089c1f      0x1ee /cygdrive/c/TWESDK/Wks_ToCoNet/App_Tag/../../Wks_libToCoNet/libToCoNet/lib/libToCoNetExt_JN5164.a(mac.o)
                0x00089c1f                _Mac_bTransmit
 .text.bAES_CCM_Encode
                0x00089e0d       0x1e /cygdrive/c/TWESDK/Wks_ToCoNet/App_Tag/../../Wks_libToCoNet/libToCoNet/lib/libToCoNetExt_JN5164.a(AES_CCM.o)
                0x00089e0d                _bAES_CCM_Encode
 .text.bAES_CCM_Decode
                0x00089e2b       0x1e /cygdrive/c/TWESDK/Wks_ToCoNet/App_Tag/../../Wks_libToCoNet/libToCoNet/lib/libToCoNetExt_JN5164.a(AES_CCM.o)
                0x00089e2b                _bAES_CCM_Decode
 .text.bAES_CCM_KeyReg
                0x00089e49       0x4a /cygdrive/c/TWESDK/Wks_ToCoNet/App_Tag/../../Wks_libToCoNet/libToCoNet/lib/libToCoNetExt_JN5164.a(AES_CCM.o)
                0x00089e49                _bAES_CCM_KeyReg
 .text.bAES_CCM_DecodeKey
                0x00089e93       0x6b /cygdrive/c/TWESDK/Wks_ToCoNet/App_Tag/../../Wks_libToCoNet/libToCoNet/lib/libToCoNetExt_JN5164.a(AES_CCM.o)
                0x00089e93                _bAES_CCM_DecodeKey
 .text.bAES_CCM_EncodeKey
                0x00089efe       0x5c /cygdrive/c/TWESDK/Wks_ToCoNet/App_Tag/../../Wks_libToCoNet/libToCoNet/lib/libToCoNetExt_JN5164.a(AES_CCM.o)
                0x00089efe                _bAES_CCM_EncodeKey
 .text.EEP_6x_bRead
                0x00089f5a       0x48 /cygdrive/c/TWESDK/Wks_ToCoNet/App_Tag/../../Wks_libToCoNet/libToCoNet/lib/libToCoNetExt_JN5164.a(eeprom_6x.o)
                0x00089f5a                _EEP_6x_bRead
 .text.EEP_6x_bWrite
                0x00089fa2       0x7b /cygdrive/c/TWESDK/Wks_ToCoNet/App_Tag/../../Wks_libToCoNet/libToCoNet/lib/libToCoNetExt_JN5164.a(eeprom_6x.o)
                0x00089fa2                _EEP_6x_bWrite
 .text.vInstallNoAckHandler
                0x0008a01d       0x2a /cygdrive/c/TWESDK/Wks_ToCoNet/App_Tag/../../Wks_libToCoNet/libToCoNet/lib/libToCoNetExt_JN5164.a(no_ack_handler.o)
                0x0008a01d                _vInstallNoAckHandler
 .text.vHandlerPatch
                0x0008a047       0x38 /cygdrive/c/TWESDK/Wks_ToCoNet/App_Tag/../../Wks_libToCoNet/libToCoNet/lib/libToCoNetExt_JN5164.a(no_ack_handler.o)
 .text.bAHI_ReadIndexSectorPage
                0x0008a07f       0x4a /cygdrive/c/TWESDK/Wks_ToCoNet/App_Tag/../../Wks_libToCoNet/libToCoNet/lib/libToCoNetExt_JN5164.a(AHI_FlashIndexSector.o)
                0x0008a07f                _bAHI_ReadIndexSectorPage
 .text.bAHI_ReadUserData
                0x0008a0c9       0x2a /cygdrive/c/TWESDK/Wks_ToCoNet/App_Tag/../../Wks_libToCoNet/libToCoNet/lib/libToCoNetExt_JN5164.a(AHI_FlashIndexSector.o)
                0x0008a0c9                _bAHI_ReadUserData
 .text.bAHI_ReadIndexSectorBit
                0x0008a0f3       0x39 /cygdrive/c/TWESDK/Wks_ToCoNet/App_Tag/../../Wks_libToCoNet/libToCoNet/lib/libToCoNetExt_JN5164.a(AHI_FlashIndexSector.o)
                0x0008a0f3                _bAHI_ReadIndexSectorBit
 .text.u32AHI_ReadIndexSectorBits
                0x0008a12c       0x37 /cygdrive/c/TWESDK/Wks_ToCoNet/App_Tag/../../Wks_libToCoNet/libToCoNet/lib/libToCoNetExt_JN5164.a(AHI_FlashIndexSector.o)
                0x0008a12c                _u32AHI_ReadIndexSectorBits
 .text.bAHI_ReadCustomerSettings
                0x0008a163       0x9b /cygdrive/c/TWESDK/Wks_ToCoNet/App_Tag/../../Wks_libToCoNet/libToCoNet/lib/libToCoNetExt_JN5164.a(AHI_FlashIndexSector.o)
                0x0008a163                _bAHI_ReadCustomerSettings
 .text.bAHI_ReadMACID
                0x0008a1fe       0x46 /cygdrive/c/TWESDK/Wks_ToCoNet/App_Tag/../../Wks_libToCoNet/libToCoNet/lib/libToCoNetExt_JN5164.a(AHI_FlashIndexSector.o)
                0x0008a1fe                _bAHI_ReadMACID
 .text.bPDM_InitialiseEEPROM
                0x0008a244       0x4d /cygdrive/c/TWESDK/Wks_ToCoNet/App_Tag/../../Wks_libToCoNet/libToCoNet/lib/libToCoNetExt_JN5164.a(PDM_EEPROM.o)
                0x0008a244                _bPDM_InitialiseEEPROM
 .text.vPDM_WriteEEPROMfixSegmentData
                0x0008a291       0x3e /cygdrive/c/TWESDK/Wks_ToCoNet/App_Tag/../../Wks_libToCoNet/libToCoNet/lib/libToCoNetExt_JN5164.a(PDM_EEPROM.o)
                0x0008a291                _vPDM_WriteEEPROMfixSegmentData
 .text.SERIAL_bTxQueueEmpty
                0x0008a2cf       0x18 /cygdrive/c/TWESDK/Wks_ToCoNet/App_Tag/../../Wks_libToCoNet/libToCoNet/lib/libToCoNetUtils_JN5164.a(serial.o)
                0x0008a2cf                _SERIAL_bTxQueueEmpty
 .text.SERIAL_bRxQueueEmpty
                0x0008a2e7       0x18 /cygdrive/c/TWESDK/Wks_ToCoNet/App_Tag/../../Wks_libToCoNet/libToCoNet/lib/libToCoNetUtils_JN5164.a(serial.o)
                0x0008a2e7                _SERIAL_bRxQueueEmpty
 .text.SERIAL_vTxReady
                0x0008a2ff       0x36 /cygdrive/c/TWESDK/Wks_ToCoNet/App_Tag/../../Wks_libToCoNet/libToCoNet/lib/libToCoNetUtils_JN5164.a(serial.o)
                0x0008a2ff                _SERIAL_vTxReady
 .text.SERIAL_vFlush
                0x0008a335       0x39 /cygdrive/c/TWESDK/Wks_ToCoNet/App_Tag/../../Wks_libToCoNet/libToCoNet/lib/libToCoNetUtils_JN5164.a(serial.o)
                0x0008a335                _SERIAL_vFlush
 .text.SERIAL_i16RxChar
                0x0008a36e       0x4c /cygdrive/c/TWESDK/Wks_ToCoNet/App_Tag/../../Wks_libToCoNet/libToCoNet/lib/libToCoNetUtils_JN5164.a(serial.o)
                0x0008a36e                _SERIAL_i16RxChar
 .text.SERIAL_bTxChar
                0x0008a3ba       0x73 /cygdrive/c/TWESDK/Wks_ToCoNet/App_Tag/../../Wks_libToCoNet/libToCoNet/lib/libToCoNetUtils_JN5164.a(serial.o)
                0x0008a3ba                _SERIAL_bTxChar
 .text.SERIAL_vInitEx
                0x0008a42d       0x90 /cygdrive/c/TWESDK/Wks_ToCoNet/App_Tag/../../Wks_libToCoNet/libToCoNet/lib/libToCoNetUtils_JN5164.a(serial.o)
                0x0008a42d                _SERIAL_vInitEx
 .text.vRxChar  0x0008a4bd       0x3e /cygdrive/c/TWESDK/Wks_ToCoNet/App_Tag/../../Wks_libToCoNet/libToCoNet/lib/libToCoNetUtils_JN5164.a(serial.o)
 .text.UART_vSetTxInterrupt
                0x0008a4fb       0x1a /cygdrive/c/TWESDK/Wks_ToCoNet/App_Tag/../../Wks_libToCoNet/libToCoNet/lib/libToCoNetUtils_JN5164.a(uart.o)
                0x0008a4fb                _UART_vSetTxInterrupt
 .text.UART_bTxReady
                0x0008a515        0xf /cygdrive/c/TWESDK/Wks_ToCoNet/App_Tag/../../Wks_libToCoNet/libToCoNet/lib/libToCoNetUtils_JN5164.a(uart.o)
                0x0008a515                _UART_bTxReady
 .text.UART_vTxChar
                0x0008a524        0x6 /cygdrive/c/TWESDK/Wks_ToCoNet/App_Tag/../../Wks_libToCoNet/libToCoNet/lib/libToCoNetUtils_JN5164.a(uart.o)
                0x0008a524                _UART_vTxChar
 .text.UART_vRtsStartFlow
                0x0008a52a       0x22 /cygdrive/c/TWESDK/Wks_ToCoNet/App_Tag/../../Wks_libToCoNet/libToCoNet/lib/libToCoNetUtils_JN5164.a(uart.o)
                0x0008a52a                _UART_vRtsStartFlow
 .text.UART_vRtsStopFlow
                0x0008a54c       0x22 /cygdrive/c/TWESDK/Wks_ToCoNet/App_Tag/../../Wks_libToCoNet/libToCoNet/lib/libToCoNetUtils_JN5164.a(uart.o)
                0x0008a54c                _UART_vRtsStopFlow
 .text.UART_vInit
                0x0008a56e      0x1c3 /cygdrive/c/TWESDK/Wks_ToCoNet/App_Tag/../../Wks_libToCoNet/libToCoNet/lib/libToCoNetUtils_JN5164.a(uart.o)
                0x0008a56e                _UART_vInit
 .text.UART_vHandleUartInterrupt
                0x0008a731       0x8e /cygdrive/c/TWESDK/Wks_ToCoNet/App_Tag/../../Wks_libToCoNet/libToCoNet/lib/libToCoNetUtils_JN5164.a(uart.o)
 .text.QUEUE__vInit
                0x0008a7bf       0x12 /cygdrive/c/TWESDK/Wks_ToCoNet/App_Tag/../../Wks_libToCoNet/libToCoNet/lib/libToCoNetUtils_JN5164.a(ByteQueue.o)
                0x0008a7bf                _QUEUE__vInit
 .text.QUEUE__bEmpty
                0x0008a7d1        0xe /cygdrive/c/TWESDK/Wks_ToCoNet/App_Tag/../../Wks_libToCoNet/libToCoNet/lib/libToCoNetUtils_JN5164.a(ByteQueue.o)
                0x0008a7d1                _QUEUE__bEmpty
 .text.QUEUE__bFull
                0x0008a7df       0x11 /cygdrive/c/TWESDK/Wks_ToCoNet/App_Tag/../../Wks_libToCoNet/libToCoNet/lib/libToCoNetUtils_JN5164.a(ByteQueue.o)
                0x0008a7df                _QUEUE__bFull
 .text.QUEUE__u16Count
                0x0008a7f0        0x6 /cygdrive/c/TWESDK/Wks_ToCoNet/App_Tag/../../Wks_libToCoNet/libToCoNet/lib/libToCoNetUtils_JN5164.a(ByteQueue.o)
                0x0008a7f0                _QUEUE__u16Count
 .text.QUEUE__vFlush
                0x0008a7f6       0x26 /cygdrive/c/TWESDK/Wks_ToCoNet/App_Tag/../../Wks_libToCoNet/libToCoNet/lib/libToCoNetUtils_JN5164.a(ByteQueue.o)
                0x0008a7f6                _QUEUE__vFlush
 .text.QUEUE__u8RemoveItem
                0x0008a81c       0x66 /cygdrive/c/TWESDK/Wks_ToCoNet/App_Tag/../../Wks_libToCoNet/libToCoNet/lib/libToCoNetUtils_JN5164.a(ByteQueue.o)
                0x0008a81c                _QUEUE__u8RemoveItem
 .text.QUEUE__vAddItem
                0x0008a882       0x66 /cygdrive/c/TWESDK/Wks_ToCoNet/App_Tag/../../Wks_libToCoNet/libToCoNet/lib/libToCoNetUtils_JN5164.a(ByteQueue.o)
                0x0008a882                _QUEUE__vAddItem
 .text.u8CCITT8
                0x0008a8e8       0x23 /cygdrive/c/TWESDK/Wks_ToCoNet/App_Tag/../../Wks_libToCoNet/libToCoNet/lib/libToCoNetUtils_JN5164.a(ccitt8.o)
                0x0008a8e8                _u8CCITT8
 .text.vPrintString
                0x0008a90b       0x7d /cygdrive/c/TWESDK/Wks_ToCoNet/App_Tag/../../Wks_libToCoNet/libToCoNet/lib/libToCoNetUtils_JN5164.a(fprintf.o)
 .text.vPrintInteger
                0x0008a988       0xac /cygdrive/c/TWESDK/Wks_ToCoNet/App_Tag/../../Wks_libToCoNet/libToCoNet/lib/libToCoNetUtils_JN5164.a(fprintf.o)
 .text.vfPrintf
                0x0008aa34      0x1d4 /cygdrive/c/TWESDK/Wks_ToCoNet/App_Tag/../../Wks_libToCoNet/libToCoNet/lib/libToCoNetUtils_JN5164.a(fprintf.o)
                0x0008aa34                _vfPrintf
 .text.SPRINTF_bPutChar
                0x0008ac08       0x3b /cygdrive/c/TWESDK/Wks_ToCoNet/App_Tag/../../Wks_libToCoNet/libToCoNet/lib/libToCoNetUtils_JN5164.a(sprintf.o)
 .text.SPRINTF_vInit128
                0x0008ac43       0x30 /cygdrive/c/TWESDK/Wks_ToCoNet/App_Tag/../../Wks_libToCoNet/libToCoNet/lib/libToCoNetUtils_JN5164.a(sprintf.o)
                0x0008ac43                _SPRINTF_vInit128
 .text.u32string2hex
                0x0008ac73       0x5e /cygdrive/c/TWESDK/Wks_ToCoNet/App_Tag/../../Wks_libToCoNet/libToCoNet/lib/libToCoNetUtils_JN5164.a(sprintf.o)
                0x0008ac73                _u32string2hex
 .text.u32string2dec
                0x0008acd1       0x61 /cygdrive/c/TWESDK/Wks_ToCoNet/App_Tag/../../Wks_libToCoNet/libToCoNet/lib/libToCoNetUtils_JN5164.a(sprintf.o)
                0x0008acd1                _u32string2dec
 .text.vWait    0x0008ad32       0x19 /cygdrive/c/TWESDK/Wks_ToCoNet/App_Tag/../../Wks_libToCoNet/libToCoNet/lib/libToCoNetUtils_JN5164.a(utils.o)
                0x0008ad32                _vWait
 .text.vTimerStart
                0x0008ad4b       0xa7 /cygdrive/c/TWESDK/Wks_ToCoNet/App_Tag/../../Wks_libToCoNet/libToCoNet/lib/libToCoNetUtils_JN5164.a(utils.o)
                0x0008ad4b                _vTimerStart
 *fill*         0x0008adf2        0x2 00
 .text.vTimerConfig
                0x0008adf4      0x190 /cygdrive/c/TWESDK/Wks_ToCoNet/App_Tag/../../Wks_libToCoNet/libToCoNet/lib/libToCoNetUtils_JN5164.a(utils.o)
                0x0008adf4                _vTimerConfig
 .text.pvAppApiDefGetMacHandle
                0x0008af84        0x9 /cygdrive/c/TWESDK/516x/Components/Library/libAppApi_JN516x.a(AppApi.o)
                0x0008af84                _pvAppApiDefGetMacHandle
 .text.vAppApiDefSetPrbsSeed
                0x0008af8d       0x24 /cygdrive/c/TWESDK/516x/Components/Library/libAppApi_JN516x.a(AppApi.o)
                0x0008af8d                _vAppApiDefSetPrbsSeed
 .text.pvAppApiDefGetMacAddrLocation
                0x0008afb1        0x9 /cygdrive/c/TWESDK/516x/Components/Library/libAppApi_JN516x.a(AppApi.o)
                0x0008afb1                _pvAppApiDefGetMacAddrLocation
 .text.vAppApiDefSetInterrupts
                0x0008afba       0x3d /cygdrive/c/TWESDK/516x/Components/Library/libAppApi_JN516x.a(AppApi.o)
                0x0008afba                _vAppApiDefSetInterrupts
 .text.vAppApiDefPowerUp
                0x0008aff7       0x26 /cygdrive/c/TWESDK/516x/Components/Library/libAppApi_JN516x.a(AppApi.o)
                0x0008aff7                _vAppApiDefPowerUp
 .text.vAppApiDefStartStack
                0x0008b01d       0x51 /cygdrive/c/TWESDK/516x/Components/Library/libAppApi_JN516x.a(AppApi.o)
                0x0008b01d                _vAppApiDefStartStack
 .text.u32AppApiDefInit
                0x0008b06e       0x5a /cygdrive/c/TWESDK/516x/Components/Library/libAppApi_JN516x.a(AppApi.o)
                0x0008b06e                _u32AppApiDefInit
 .text.eAppApiDefPlmeGet
                0x0008b0c8       0x33 /cygdrive/c/TWESDK/516x/Components/Library/libAppApi_JN516x.a(AppApi.o)
                0x0008b0c8                _eAppApiDefPlmeGet
 .text.vAppApiDefMcpsRequest
                0x0008b0fb       0x32 /cygdrive/c/TWESDK/516x/Components/Library/libAppApi_JN516x.a(AppApi.o)
                0x0008b0fb                _vAppApiDefMcpsRequest
 .text.vAppApiDefMlmeRequest
                0x0008b12d       0x32 /cygdrive/c/TWESDK/516x/Components/Library/libAppApi_JN516x.a(AppApi.o)
                0x0008b12d                _vAppApiDefMlmeRequest
 .text.eAppApiDefPlmeSet
                0x0008b15f       0x33 /cygdrive/c/TWESDK/516x/Components/Library/libAppApi_JN516x.a(AppApi.o)
                0x0008b15f                _eAppApiDefPlmeSet
 .text.vAppApiDefSaveMacSettings
                0x0008b192       0x5d /cygdrive/c/TWESDK/516x/Components/Library/libAppApi_JN516x.a(AppApiSleep.o)
                0x0008b192                _vAppApiDefSaveMacSettings
 .text.vMAC_RestoreSettings
                0x0008b1ef       0xc8 /cygdrive/c/TWESDK/516x/Components/Library/libAppApi_JN516x.a(AppApiSleep.o)
                0x0008b1ef                _vMAC_RestoreSettings
 .text.vAppApiDefRestoreMacSettings
                0x0008b2b7       0x25 /cygdrive/c/TWESDK/516x/Components/Library/libAppApi_JN516x.a(AppApiSleep.o)
                0x0008b2b7                _vAppApiDefRestoreMacSettings
 .text.vSetTimer0
                0x0008b2dc        0xf /cygdrive/c/TWESDK/516x/Components/Library/libMac_JN516x.a(mac_main.o)
                0x0008b2dc                _vSetTimer0
 .text.u32GetTimer0
                0x0008b2eb        0x7 /cygdrive/c/TWESDK/516x/Components/Library/libMac_JN516x.a(mac_main.o)
                0x0008b2eb                _u32GetTimer0
 .text.MAC_vXcvPhyEvtHandler
                0x0008b2f2       0x10 /cygdrive/c/TWESDK/516x/Components/Library/libMac_JN516x.a(mac_main.o)
                0x0008b2f2                _MAC_vXcvPhyEvtHandler
 .text.MAC_vXcvBbcEvtHandler
                0x0008b302       0x20 /cygdrive/c/TWESDK/516x/Components/Library/libMac_JN516x.a(mac_main.o)
                0x0008b302                _MAC_vXcvBbcEvtHandler
 .text.mac_vInitTimer0
                0x0008b322       0x20 /cygdrive/c/TWESDK/516x/Components/Library/libMac_JN516x.a(mac_main.o)
                0x0008b322                _mac_vInitTimer0
 .text.MAC_pvCtor
                0x0008b342       0x82 /cygdrive/c/TWESDK/516x/Components/Library/libMac_JN516x.a(mac_main.o)
                0x0008b342                _MAC_pvCtor
 .text.MAC_vHandleMcpsReqRsp
                0x0008b3c4       0x2d /cygdrive/c/TWESDK/516x/Components/Library/libMac_JN516x.a(mac_mcps.o)
                0x0008b3c4                _MAC_vHandleMcpsReqRsp
 .text.vHandleTofRequest
                0x0008b3f1       0x12 /cygdrive/c/TWESDK/516x/Components/Library/libMac_JN516x.a(mac_mlme.o)
 *fill*         0x0008b403        0x1 00
 .text.MAC_vHandleMlmeReqRsp
                0x0008b404       0xb4 /cygdrive/c/TWESDK/516x/Components/Library/libMac_JN516x.a(mac_mlme.o)
                0x0008b404                _MAC_vHandleMlmeReqRsp
 .text.MAC_psPibGetHandle
                0x0008b4b8        0x7 /cygdrive/c/TWESDK/516x/Components/Library/libMac_JN516x.a(mac_pib.o)
                0x0008b4b8                _MAC_psPibGetHandle
 .text.MAC_vPibSetShortAddr
                0x0008b4bf        0xe /cygdrive/c/TWESDK/516x/Components/Library/libMac_JN516x.a(mac_pib.o)
                0x0008b4bf                _MAC_vPibSetShortAddr
 .text.MAC_vPibSetPanId
                0x0008b4cd       0x1b /cygdrive/c/TWESDK/516x/Components/Library/libMac_JN516x.a(mac_pib.o)
                0x0008b4cd                _MAC_vPibSetPanId
 .text.MAC_vPibSetMinBe
                0x0008b4e8       0x1e /cygdrive/c/TWESDK/516x/Components/Library/libMac_JN516x.a(mac_pib.o)
                0x0008b4e8                _MAC_vPibSetMinBe
 .text.MAC_vPibSetMaxCsmaBackoffs
                0x0008b506       0x21 /cygdrive/c/TWESDK/516x/Components/Library/libMac_JN516x.a(mac_pib.o)
                0x0008b506                _MAC_vPibSetMaxCsmaBackoffs
 .text.MAC_vSetExtAddr
                0x0008b527       0x1f /cygdrive/c/TWESDK/516x/Components/Library/libMac_JN516x.a(mac_pib.o)
                0x0008b527                _MAC_vSetExtAddr
 .text.MAC_vPibSetRxOnWhenIdle
                0x0008b546       0x13 /cygdrive/c/TWESDK/516x/Components/Library/libMac_JN516x.a(mac_pib.o)
                0x0008b546                _MAC_vPibSetRxOnWhenIdle
 .text.MAC_vPibSetPromiscuousMode
                0x0008b559       0x40 /cygdrive/c/TWESDK/516x/Components/Library/libMac_JN516x.a(mac_pib.o)
                0x0008b559                _MAC_vPibSetPromiscuousMode
 .text.mac_vPibCmpCoordExtAddr
                0x0008b599       0x29 /cygdrive/c/TWESDK/516x/Components/Library/libMac_JN516x.a(mac_pib_mlme.o)
                0x0008b599                _mac_vPibCmpCoordExtAddr
 .text.mac_vPibReset
                0x0008b5c2       0x87 /cygdrive/c/TWESDK/516x/Components/Library/libMac_JN516x.a(mac_pib_mlme.o)
                0x0008b5c2                _mac_vPibReset
 .text.mac_vPibSetDefaults
                0x0008b649      0x12e /cygdrive/c/TWESDK/516x/Components/Library/libMac_JN516x.a(mac_pib_mlme.o)
                0x0008b649                _mac_vPibSetDefaults
 .text.vPMICreset
                0x0008b777        0xd /cygdrive/c/TWESDK/516x/Components/Library/libMac_JN516x.a(mac_pmic.o)
                0x0008b777                _vPMICreset
 .text.vPMICpostFailedAssocDcfm
                0x0008b784       0x3d /cygdrive/c/TWESDK/516x/Components/Library/libMac_JN516x.a(mac_pmic.o)
                0x0008b784                _vPMICpostFailedAssocDcfm
 .text.vPMICassocReqTO_2
                0x0008b7c1       0x1d /cygdrive/c/TWESDK/516x/Components/Library/libMac_JN516x.a(mac_pmic.o)
 .text.vPMICassocReqFrameReceived
                0x0008b7de       0x79 /cygdrive/c/TWESDK/516x/Components/Library/libMac_JN516x.a(mac_pmic.o)
                0x0008b7de                _vPMICassocReqFrameReceived
 .text.vPMICdisassocReceived
                0x0008b857       0x93 /cygdrive/c/TWESDK/516x/Components/Library/libMac_JN516x.a(mac_pmic.o)
                0x0008b857                _vPMICdisassocReceived
 .text.vPMICassocRespFrameReceived
                0x0008b8ea       0x93 /cygdrive/c/TWESDK/516x/Components/Library/libMac_JN516x.a(mac_pmic.o)
                0x0008b8ea                _vPMICassocRespFrameReceived
 .text.vPMICassocReqTO_1
                0x0008b97d       0x8c /cygdrive/c/TWESDK/516x/Components/Library/libMac_JN516x.a(mac_pmic.o)
 .text.vPMICdisassociateRequest
                0x0008ba09       0xf4 /cygdrive/c/TWESDK/516x/Components/Library/libMac_JN516x.a(mac_pmic.o)
                0x0008ba09                _vPMICdisassociateRequest
 .text.bPMICdisassocReqSent
                0x0008bafd       0x83 /cygdrive/c/TWESDK/516x/Components/Library/libMac_JN516x.a(mac_pmic.o)
 .text.vPMICassociateResponse
                0x0008bb80       0xd9 /cygdrive/c/TWESDK/516x/Components/Library/libMac_JN516x.a(mac_pmic.o)
                0x0008bb80                _vPMICassociateResponse
 .text.bAssocRespSent
                0x0008bc59       0x1d /cygdrive/c/TWESDK/516x/Components/Library/libMac_JN516x.a(mac_pmic.o)
 .text.vPMICassociateRequest
                0x0008bc76       0xe6 /cygdrive/c/TWESDK/516x/Components/Library/libMac_JN516x.a(mac_pmic.o)
                0x0008bc76                _vPMICassociateRequest
 .text.bPMICassocReqPollSent
                0x0008bd5c       0x5b /cygdrive/c/TWESDK/516x/Components/Library/libMac_JN516x.a(mac_pmic.o)
 .text.bPMICassocReqSent
                0x0008bdb7       0x8d /cygdrive/c/TWESDK/516x/Components/Library/libMac_JN516x.a(mac_pmic.o)
 .text.MAC_vRegisterMlmeDcfmIndCallbacks
                0x0008be44        0xc /cygdrive/c/TWESDK/516x/Components/Library/libMac_JN516x.a(mac_ind.o)
                0x0008be44                _MAC_vRegisterMlmeDcfmIndCallbacks
 .text.MAC_vRegisterMcpsDcfmIndCallbacks
                0x0008be50        0xc /cygdrive/c/TWESDK/516x/Components/Library/libMac_JN516x.a(mac_ind.o)
                0x0008be50                _MAC_vRegisterMcpsDcfmIndCallbacks
 .text.mac_psDcfmIndGetBuf
                0x0008be5c       0x23 /cygdrive/c/TWESDK/516x/Components/Library/libMac_JN516x.a(mac_ind.o)
                0x0008be5c                _mac_psDcfmIndGetBuf
 .text.mac_eDcfmIndPost
                0x0008be7f       0x21 /cygdrive/c/TWESDK/516x/Components/Library/libMac_JN516x.a(mac_ind.o)
                0x0008be7f                _mac_eDcfmIndPost
 .text.eScanHandleEvt
                0x0008bea0       0x2e /cygdrive/c/TWESDK/516x/Components/Library/libMac_JN516x.a(mac_scan.o)
                0x0008bea0                _eScanHandleEvt
 .text.vScanHandleTimer
                0x0008bece        0x8 /cygdrive/c/TWESDK/516x/Components/Library/libMac_JN516x.a(mac_scan.o)
 .text.eGenlIllegal
                0x0008bed6        0x7 /cygdrive/c/TWESDK/516x/Components/Library/libMac_JN516x.a(mac_scan.o)
 .text.eGenlDontCare
                0x0008bedd        0x5 /cygdrive/c/TWESDK/516x/Components/Library/libMac_JN516x.a(mac_scan.o)
 .text.eWEnDEdDone
                0x0008bee2       0x64 /cygdrive/c/TWESDK/516x/Components/Library/libMac_JN516x.a(mac_scan.o)
 .text.eWEnDTmrExpiry
                0x0008bf46        0xb /cygdrive/c/TWESDK/516x/Components/Library/libMac_JN516x.a(mac_scan.o)
 .text.mac_eScanHandleXcvBbcEvt
                0x0008bf51        0xf /cygdrive/c/TWESDK/516x/Components/Library/libMac_JN516x.a(mac_scan.o)
                0x0008bf51                _mac_eScanHandleXcvBbcEvt
 .text.mac_eScanHandleXcvPhyEvt
                0x0008bf60       0x12 /cygdrive/c/TWESDK/516x/Components/Library/libMac_JN516x.a(mac_scan.o)
                0x0008bf60                _mac_eScanHandleXcvPhyEvt
 .text.vSetNextChannel
                0x0008bf72       0x4a /cygdrive/c/TWESDK/516x/Components/Library/libMac_JN516x.a(mac_scan.o)
 .text.mac_vScanHandleMlmeReq
                0x0008bfbc       0x98 /cygdrive/c/TWESDK/516x/Components/Library/libMac_JN516x.a(mac_scan.o)
                0x0008bfbc                _mac_vScanHandleMlmeReq
 .text.mac_eScanInit
                0x0008c054       0x19 /cygdrive/c/TWESDK/516x/Components/Library/libMac_JN516x.a(mac_scan.o)
                0x0008c054                _mac_eScanInit
 .text.vPostDcfm
                0x0008c06d       0xe9 /cygdrive/c/TWESDK/516x/Components/Library/libMac_JN516x.a(mac_scan.o)
 .text.eWCoRRxDone
                0x0008c156       0xb7 /cygdrive/c/TWESDK/516x/Components/Library/libMac_JN516x.a(mac_scan.o)
 .text.eGenTmrExpiry
                0x0008c20d       0x4b /cygdrive/c/TWESDK/516x/Components/Library/libMac_JN516x.a(mac_scan.o)
 .text.eWEDTEdDone
                0x0008c258       0x1a /cygdrive/c/TWESDK/516x/Components/Library/libMac_JN516x.a(mac_scan.o)
 .text.eGenRxHdrDone
                0x0008c272       0x13 /cygdrive/c/TWESDK/516x/Components/Library/libMac_JN516x.a(mac_scan.o)
 .text.eWONTTxDone
                0x0008c285       0x35 /cygdrive/c/TWESDK/516x/Components/Library/libMac_JN516x.a(mac_scan.o)
 .text.eWBRTTxDone
                0x0008c2ba       0x21 /cygdrive/c/TWESDK/516x/Components/Library/libMac_JN516x.a(mac_scan.o)
 .text.eWBcnRxDone
                0x0008c2db      0x19e /cygdrive/c/TWESDK/516x/Components/Library/libMac_JN516x.a(mac_scan.o)
 .text.bSendMacCmd
                0x0008c479       0x40 /cygdrive/c/TWESDK/516x/Components/Library/libMac_JN516x.a(mac_scan.o)
 .text.eWChCChanChgd
                0x0008c4b9      0x170 /cygdrive/c/TWESDK/516x/Components/Library/libMac_JN516x.a(mac_scan.o)
 .text.mac_vLPBAdjustBeaconOffset
                0x0008c629       0x5d /cygdrive/c/TWESDK/516x/Components/Library/libMac_JN516x.a(mac_lp.o)
                0x0008c629                _mac_vLPBAdjustBeaconOffset
 .text.mac_u32LPBGetBeaconTimeout
                0x0008c686        0x9 /cygdrive/c/TWESDK/516x/Components/Library/libMac_JN516x.a(mac_lp.o)
                0x0008c686                _mac_u32LPBGetBeaconTimeout
 .text.MAC_u32ConvertFrom16uS
                0x0008c68f       0x41 /cygdrive/c/TWESDK/516x/Components/Library/libMac_JN516x.a(mac_lp.o)
                0x0008c68f                _MAC_u32ConvertFrom16uS
 .text.mac_vLPBSleep
                0x0008c6d0       0x55 /cygdrive/c/TWESDK/516x/Components/Library/libMac_JN516x.a(mac_lp.o)
                0x0008c6d0                _mac_vLPBSleep
 .text.mac_vLPBStopTimer
                0x0008c725        0xe /cygdrive/c/TWESDK/516x/Components/Library/libMac_JN516x.a(mac_lp.o)
                0x0008c725                _mac_vLPBStopTimer
 .text.mac_vLPBStartTimer
                0x0008c733       0x88 /cygdrive/c/TWESDK/516x/Components/Library/libMac_JN516x.a(mac_lp.o)
                0x0008c733                _mac_vLPBStartTimer
 .text.vMCPSframeReceived
                0x0008c7bb       0x5a /cygdrive/c/TWESDK/516x/Components/Library/libMac_JN516x.a(MCPS.o)
                0x0008c7bb                _vMCPSframeReceived
 .text.bSearchQueue
                0x0008c815       0x36 /cygdrive/c/TWESDK/516x/Components/Library/libMac_JN516x.a(MCPS.o)
 .text.vTAM_MCPSpurgeRequest
                0x0008c84b       0x64 /cygdrive/c/TWESDK/516x/Components/Library/libMac_JN516x.a(MCPS.o)
                0x0008c84b                _vTAM_MCPSpurgeRequest
 .text.bMCPSframeTXcomplete
                0x0008c8af       0x5a /cygdrive/c/TWESDK/516x/Components/Library/libMac_JN516x.a(MCPS.o)
 .text.vTAM_MCPSdataRequest
                0x0008c909       0x46 /cygdrive/c/TWESDK/516x/Components/Library/libMac_JN516x.a(MCPS.o)
                0x0008c909                _vTAM_MCPSdataRequest
 .text.phy_ePibGet
                0x0008c94f       0x34 /cygdrive/c/TWESDK/516x/Components/Library/libMac_JN516x.a(phy_pib.o)
                0x0008c94f                _phy_ePibGet
 .text.u8GetPapValue
                0x0008c983       0x21 /cygdrive/c/TWESDK/516x/Components/Library/libMac_JN516x.a(phy_pib.o)
 .text.vPhySetChannel
                0x0008c9a4       0x77 /cygdrive/c/TWESDK/516x/Components/Library/libMac_JN516x.a(phy_pib.o)
                0x0008c9a4                _vPhySetChannel
 .text.phy_ePibSet
                0x0008ca1b       0x90 /cygdrive/c/TWESDK/516x/Components/Library/libMac_JN516x.a(phy_pib.o)
                0x0008ca1b                _phy_ePibSet
 .text.phy_vPibSetDefaults
                0x0008caab       0x2c /cygdrive/c/TWESDK/516x/Components/Library/libMac_JN516x.a(phy_pib.o)
                0x0008caab                _phy_vPibSetDefaults
 .text.bTAMinPAN
                0x0008cad7       0x19 /cygdrive/c/TWESDK/516x/Components/Library/libMac_JN516x.a(TAM.o)
                0x0008cad7                _bTAMinPAN
 .text.eTAMevent
                0x0008caf0       0x1a /cygdrive/c/TWESDK/516x/Components/Library/libMac_JN516x.a(TAM.o)
                0x0008caf0                _eTAMevent
 *fill*         0x0008cb0a        0x2 00
 .text.eTAMselect
                0x0008cb0c      0x154 /cygdrive/c/TWESDK/516x/Components/Library/libMac_JN516x.a(TAM.o)
                0x0008cb0c                _eTAMselect
 .text.vTAM_MLMEsyncRequest
                0x0008cc60       0x17 /cygdrive/c/TWESDK/516x/Components/Library/libMac_JN516x.a(TAM.o)
                0x0008cc60                _vTAM_MLMEsyncRequest
 .text.vTAM_MLMEstartRequest
                0x0008cc77       0x87 /cygdrive/c/TWESDK/516x/Components/Library/libMac_JN516x.a(TAM.o)
                0x0008cc77                _vTAM_MLMEstartRequest
 .text.vTAMreset
                0x0008ccfe      0x1f6 /cygdrive/c/TWESDK/516x/Components/Library/libMac_JN516x.a(TAM.o)
                0x0008ccfe                _vTAMreset
 .text.vTAMCOsetCoordinator
                0x0008cef4       0x29 /cygdrive/c/TWESDK/516x/Components/Library/libMac_JN516x.a(TAMCO.o)
                0x0008cef4                _vTAMCOsetCoordinator
 .text.vTAMCOupdatePendingList
                0x0008cf1d       0xbb /cygdrive/c/TWESDK/516x/Components/Library/libMac_JN516x.a(TAMCO.o)
                0x0008cf1d                _vTAMCOupdatePendingList
 .text.vTAMCOreqTXinCAP
                0x0008cfd8       0x2f /cygdrive/c/TWESDK/516x/Components/Library/libMac_JN516x.a(TAMCO.o)
                0x0008cfd8                _vTAMCOreqTXinCAP
 .text.vTrySendFromDirectNoBeacon
                0x0008d007       0x38 /cygdrive/c/TWESDK/516x/Components/Library/libMac_JN516x.a(TAMCO.o)
 .text.vTAMCOreqTXnoBeacon
                0x0008d03f       0x18 /cygdrive/c/TWESDK/516x/Components/Library/libMac_JN516x.a(TAMCO.o)
                0x0008d03f                _vTAMCOreqTXnoBeacon
 .text.vTAMCOframeRXnobeacon
                0x0008d057       0x18 /cygdrive/c/TWESDK/516x/Components/Library/libMac_JN516x.a(TAMCO.o)
                0x0008d057                _vTAMCOframeRXnobeacon
 .text.vTAMCOframeTXnobeacon
                0x0008d06f       0x1e /cygdrive/c/TWESDK/516x/Components/Library/libMac_JN516x.a(TAMCO.o)
                0x0008d06f                _vTAMCOframeTXnobeacon
 .text.vTrySendFromDirectCAP
                0x0008d08d       0x25 /cygdrive/c/TWESDK/516x/Components/Library/libMac_JN516x.a(TAMCO.o)
 .text.vTAMCOframeRXcap
                0x0008d0b2       0x18 /cygdrive/c/TWESDK/516x/Components/Library/libMac_JN516x.a(TAMCO.o)
                0x0008d0b2                _vTAMCOframeRXcap
 .text.vTAMCOframeRXgoingIdle
                0x0008d0ca       0x1c /cygdrive/c/TWESDK/516x/Components/Library/libMac_JN516x.a(TAMCO.o)
                0x0008d0ca                _vTAMCOframeRXgoingIdle
 .text.vTAMCOframeTXcap
                0x0008d0e6       0x30 /cygdrive/c/TWESDK/516x/Components/Library/libMac_JN516x.a(TAMCO.o)
                0x0008d0e6                _vTAMCOframeTXcap
 .text.vTAMCOframeTXgoingIdle
                0x0008d116       0x1b /cygdrive/c/TWESDK/516x/Components/Library/libMac_JN516x.a(TAMCO.o)
                0x0008d116                _vTAMCOframeTXgoingIdle
 .text.vTAMCOint2Fired
                0x0008d131       0x22 /cygdrive/c/TWESDK/516x/Components/Library/libMac_JN516x.a(TAMCO.o)
                0x0008d131                _vTAMCOint2Fired
 .text.vTAMCOframeTXbeacon
                0x0008d153       0xc9 /cygdrive/c/TWESDK/516x/Components/Library/libMac_JN516x.a(TAMCO.o)
                0x0008d153                _vTAMCOframeTXbeacon
 .text.vTAMCOint1Fired
                0x0008d21c       0xef /cygdrive/c/TWESDK/516x/Components/Library/libMac_JN516x.a(TAMCO.o)
                0x0008d21c                _vTAMCOint1Fired
 .text.vTAMCOint1FiredCAP
                0x0008d30b       0x7f /cygdrive/c/TWESDK/516x/Components/Library/libMac_JN516x.a(TAMCO.o)
                0x0008d30b                _vTAMCOint1FiredCAP
 .text.vTAMCOstartBeacon
                0x0008d38a       0x41 /cygdrive/c/TWESDK/516x/Components/Library/libMac_JN516x.a(TAMCO.o)
                0x0008d38a                _vTAMCOstartBeacon
 .text.vStartStoreValues
                0x0008d3cb       0xbc /cygdrive/c/TWESDK/516x/Components/Library/libMac_JN516x.a(TAMCO.o)
 .text.bStartCallback
                0x0008d487       0x2f /cygdrive/c/TWESDK/516x/Components/Library/libMac_JN516x.a(TAMCO.o)
 .text.vTAMCO_MLMEstartRequest
                0x0008d4b6      0x11e /cygdrive/c/TWESDK/516x/Components/Library/libMac_JN516x.a(TAMCO.o)
                0x0008d4b6                _vTAMCO_MLMEstartRequest
 .text.vTAMCOframeStarting
                0x0008d5d4       0x1e /cygdrive/c/TWESDK/516x/Components/Library/libMac_JN516x.a(TAMCO.o)
                0x0008d5d4                _vTAMCOframeStarting
 .text.vTAMDEdetermineNullState
                0x0008d5f2       0x1d /cygdrive/c/TWESDK/516x/Components/Library/libMac_JN516x.a(TAMDE.o)
                0x0008d5f2                _vTAMDEdetermineNullState
 .text.vSetPHYfromMacValue
                0x0008d60f       0x45 /cygdrive/c/TWESDK/516x/Components/Library/libMac_JN516x.a(TAMDE.o)
 .text.vTAMDEint1FiredWaitDR
                0x0008d654       0x20 /cygdrive/c/TWESDK/516x/Components/Library/libMac_JN516x.a(TAMDE.o)
                0x0008d654                _vTAMDEint1FiredWaitDR
 .text.vTAMDEstartSync
                0x0008d674       0x86 /cygdrive/c/TWESDK/516x/Components/Library/libMac_JN516x.a(TAMDE.o)
                0x0008d674                _vTAMDEstartSync
 .text.vTAMDE_MLMEsyncRequest
                0x0008d6fa       0x30 /cygdrive/c/TWESDK/516x/Components/Library/libMac_JN516x.a(TAMDE.o)
                0x0008d6fa                _vTAMDE_MLMEsyncRequest
 .text.vTrySendUnslotted
                0x0008d72a       0x23 /cygdrive/c/TWESDK/516x/Components/Library/libMac_JN516x.a(TAMDE.o)
 .text.vDeterminePowerState
                0x0008d74d       0x98 /cygdrive/c/TWESDK/516x/Components/Library/libMac_JN516x.a(TAMDE.o)
 .text.vTAMDEreqTXnullTrackingCAP
                0x0008d7e5       0x1c /cygdrive/c/TWESDK/516x/Components/Library/libMac_JN516x.a(TAMDE.o)
                0x0008d7e5                _vTAMDEreqTXnullTrackingCAP
 .text.vTAMDEint2FiredTrackingDR
                0x0008d801       0x2b /cygdrive/c/TWESDK/516x/Components/Library/libMac_JN516x.a(TAMDE.o)
                0x0008d801                _vTAMDEint2FiredTrackingDR
 .text.vTAMDEframeTXDEnull
                0x0008d82c       0x28 /cygdrive/c/TWESDK/516x/Components/Library/libMac_JN516x.a(TAMDE.o)
                0x0008d82c                _vTAMDEframeTXDEnull
 .text.vTAMDEframeTXtrackingCAPgts
                0x0008d854       0x34 /cygdrive/c/TWESDK/516x/Components/Library/libMac_JN516x.a(TAMDE.o)
                0x0008d854                _vTAMDEframeTXtrackingCAPgts
 .text.vTAMDEframeRX
                0x0008d888       0x30 /cygdrive/c/TWESDK/516x/Components/Library/libMac_JN516x.a(TAMDE.o)
                0x0008d888                _vTAMDEframeRX
 .text.vTAMDEframePreSyncReq
                0x0008d8b8       0x21 /cygdrive/c/TWESDK/516x/Components/Library/libMac_JN516x.a(TAMDE.o)
                0x0008d8b8                _vTAMDEframePreSyncReq
 .text.bSendDataRequest
                0x0008d8d9      0x113 /cygdrive/c/TWESDK/516x/Components/Library/libMac_JN516x.a(TAMDE.o)
 .text.vTAMDEframeRXtrackingDR
                0x0008d9ec       0x47 /cygdrive/c/TWESDK/516x/Components/Library/libMac_JN516x.a(TAMDE.o)
                0x0008d9ec                _vTAMDEframeRXtrackingDR
 .text.vTAMDEint2FiredPollActive
                0x0008da33       0x34 /cygdrive/c/TWESDK/516x/Components/Library/libMac_JN516x.a(TAMDE.o)
                0x0008da33                _vTAMDEint2FiredPollActive
 .text.vTAMDEframeTXtrackingDR
                0x0008da67       0x6b /cygdrive/c/TWESDK/516x/Components/Library/libMac_JN516x.a(TAMDE.o)
                0x0008da67                _vTAMDEframeTXtrackingDR
 .text.vTAMDEint1FiredTracking
                0x0008dad2       0x6f /cygdrive/c/TWESDK/516x/Components/Library/libMac_JN516x.a(TAMDE.o)
                0x0008dad2                _vTAMDEint1FiredTracking
 .text.vTAMDEint1FiredTrackingCAPgts
                0x0008db41       0xca /cygdrive/c/TWESDK/516x/Components/Library/libMac_JN516x.a(TAMDE.o)
                0x0008db41                _vTAMDEint1FiredTrackingCAPgts
 .text.vTAMDEint1FiredTrackingBeacon
                0x0008dc0b       0xa7 /cygdrive/c/TWESDK/516x/Components/Library/libMac_JN516x.a(TAMDE.o)
                0x0008dc0b                _vTAMDEint1FiredTrackingBeacon
 .text.bProcessBeaconRX
                0x0008dcb2       0xe6 /cygdrive/c/TWESDK/516x/Components/Library/libMac_JN516x.a(TAMDE.o)
 .text.vTAMDEframeRXsyncReq
                0x0008dd98      0x26c /cygdrive/c/TWESDK/516x/Components/Library/libMac_JN516x.a(TAMDE.o)
                0x0008dd98                _vTAMDEframeRXsyncReq
 .text.vTAMDEint1FiredSyncReq
                0x0008e004       0x7b /cygdrive/c/TWESDK/516x/Components/Library/libMac_JN516x.a(TAMDE.o)
                0x0008e004                _vTAMDEint1FiredSyncReq
 .text.pvMEMget
                0x0008e07f       0x27 /cygdrive/c/TWESDK/516x/Components/Library/libMac_JN516x.a(TAM_MEM.o)
                0x0008e07f                _pvMEMget
 .text.vMEMreturn
                0x0008e0a6       0x6a /cygdrive/c/TWESDK/516x/Components/Library/libMac_JN516x.a(TAM_MEM.o)
                0x0008e0a6                _vMEMreturn
 .text.vMEMreset
                0x0008e110       0x70 /cygdrive/c/TWESDK/516x/Components/Library/libMac_JN516x.a(TAM_MEM.o)
                0x0008e110                _vMEMreset
 .text.vMLMErxEnableConfirm
                0x0008e180       0x37 /cygdrive/c/TWESDK/516x/Components/Library/libMac_JN516x.a(TAM_MLME.o)
                0x0008e180                _vMLMErxEnableConfirm
 .text.vMLMEcommStatus
                0x0008e1b7       0x6e /cygdrive/c/TWESDK/516x/Components/Library/libMac_JN516x.a(TAM_MLME.o)
                0x0008e1b7                _vMLMEcommStatus
 .text.vMLMEcommStatusFromFrame
                0x0008e225       0x47 /cygdrive/c/TWESDK/516x/Components/Library/libMac_JN516x.a(TAM_MLME.o)
                0x0008e225                _vMLMEcommStatusFromFrame
 .text.vMLMEsyncLoss
                0x0008e26c       0x38 /cygdrive/c/TWESDK/516x/Components/Library/libMac_JN516x.a(TAM_MLME.o)
                0x0008e26c                _vMLMEsyncLoss
 .text.vMLMEbeaconNotify
                0x0008e2a4      0x17c /cygdrive/c/TWESDK/516x/Components/Library/libMac_JN516x.a(TAM_MLME.o)
                0x0008e2a4                _vMLMEbeaconNotify
 .text.vTAHsetCutOff
                0x0008e420        0xa /cygdrive/c/TWESDK/516x/Components/Library/libMac_JN516x.a(TAM_TAH.o)
                0x0008e420                _vTAHsetCutOff
 .text.vTAHsetSyncLock
                0x0008e42a       0x18 /cygdrive/c/TWESDK/516x/Components/Library/libMac_JN516x.a(TAM_TAH.o)
                0x0008e42a                _vTAHsetSyncLock
 .text.vTAHsetPhyStateDirect
                0x0008e442       0x33 /cygdrive/c/TWESDK/516x/Components/Library/libMac_JN516x.a(TAM_TAH.o)
                0x0008e442                _vTAHsetPhyStateDirect
 .text.vTAHsetPhyState
                0x0008e475       0x35 /cygdrive/c/TWESDK/516x/Components/Library/libMac_JN516x.a(TAM_TAH.o)
                0x0008e475                _vTAHsetPhyState
 .text.vTAIdisableInterrupt
                0x0008e4aa       0x10 /cygdrive/c/TWESDK/516x/Components/Library/libMac_JN516x.a(TAM_TAI.o)
                0x0008e4aa                _vTAIdisableInterrupt
 .text.vTAIsetRxEnableTime
                0x0008e4ba       0x1d /cygdrive/c/TWESDK/516x/Components/Library/libMac_JN516x.a(TAM_TAI.o)
                0x0008e4ba                _vTAIsetRxEnableTime
 .text.vTAIsetCapTime
                0x0008e4d7       0x1d /cygdrive/c/TWESDK/516x/Components/Library/libMac_JN516x.a(TAM_TAI.o)
                0x0008e4d7                _vTAIsetCapTime
 .text.eTATreadTXstatus
                0x0008e4f4       0x46 /cygdrive/c/TWESDK/516x/Components/Library/libMac_JN516x.a(TAM_TAT.o)
                0x0008e4f4                _eTATreadTXstatus
 .text.vTATgetFrameAddress
                0x0008e53a       0x20 /cygdrive/c/TWESDK/516x/Components/Library/libMac_JN516x.a(TAM_TAT.o)
                0x0008e53a                _vTATgetFrameAddress
 .text.vTATgetFramePayload
                0x0008e55a       0x1d /cygdrive/c/TWESDK/516x/Components/Library/libMac_JN516x.a(TAM_TAT.o)
                0x0008e55a                _vTATgetFramePayload
 .text.vTATsetBLE
                0x0008e577       0x3e /cygdrive/c/TWESDK/516x/Components/Library/libMac_JN516x.a(TAM_TAT.o)
                0x0008e577                _vTATsetBLE
 .text.vTATwriteAclMaterialToHardware
                0x0008e5b5       0x2c /cygdrive/c/TWESDK/516x/Components/Library/libMac_JN516x.a(TAM_TAT.o)
                0x0008e5b5                _vTATwriteAclMaterialToHardware
 .text.bIsBbcSafeForTx
                0x0008e5e1       0x2d /cygdrive/c/TWESDK/516x/Components/Library/libMac_JN516x.a(TAM_TAT.o)
                0x0008e5e1                _bIsBbcSafeForTx
 .text.vTATstartReceiveAt
                0x0008e60e       0x1e /cygdrive/c/TWESDK/516x/Components/Library/libMac_JN516x.a(TAM_TAT.o)
                0x0008e60e                _vTATstartReceiveAt
 .text.vWriteFrame
                0x0008e62c       0x7d /cygdrive/c/TWESDK/516x/Components/Library/libMac_JN516x.a(TAM_TAT.o)
 .text.bTATsendFrame
                0x0008e6a9       0x5a /cygdrive/c/TWESDK/516x/Components/Library/libMac_JN516x.a(TAM_TAT.o)
                0x0008e6a9                _bTATsendFrame
 .text.bTATsendFrameAt
                0x0008e703       0x48 /cygdrive/c/TWESDK/516x/Components/Library/libMac_JN516x.a(TAM_TAT.o)
                0x0008e703                _bTATsendFrameAt
 .text.bTACassessBeaconForPayload
                0x0008e74b       0x4c /cygdrive/c/TWESDK/516x/Components/Library/libMac_JN516x.a(TAMcommon.o)
                0x0008e74b                _bTACassessBeaconForPayload
 .text.bTACframeInProgress
                0x0008e797       0x27 /cygdrive/c/TWESDK/516x/Components/Library/libMac_JN516x.a(TAMcommon.o)
                0x0008e797                _bTACframeInProgress
 .text.vTACu16ToPayloadM
                0x0008e7be        0xc /cygdrive/c/TWESDK/516x/Components/Library/libMac_JN516x.a(TAMcommon.o)
                0x0008e7be                _vTACu16ToPayloadM
 .text.vTACu32ToPayloadM
                0x0008e7ca       0x18 /cygdrive/c/TWESDK/516x/Components/Library/libMac_JN516x.a(TAMcommon.o)
                0x0008e7ca                _vTACu32ToPayloadM
 .text.u16TACpayloadToU16M
                0x0008e7e2        0xf /cygdrive/c/TWESDK/516x/Components/Library/libMac_JN516x.a(TAMcommon.o)
                0x0008e7e2                _u16TACpayloadToU16M
 .text.u32TACpayloadToU32M
                0x0008e7f1       0x23 /cygdrive/c/TWESDK/516x/Components/Library/libMac_JN516x.a(TAMcommon.o)
                0x0008e7f1                _u32TACpayloadToU32M
 .text.u8TACgetHeaderSize
                0x0008e814       0x26 /cygdrive/c/TWESDK/516x/Components/Library/libMac_JN516x.a(TAMcommon.o)
                0x0008e814                _u8TACgetHeaderSize
 .text.vTACsetTxFrameDefaults
                0x0008e83a       0x2a /cygdrive/c/TWESDK/516x/Components/Library/libMac_JN516x.a(TAMcommon.o)
                0x0008e83a                _vTACsetTxFrameDefaults
 .text.vTACcheckPollResponse
                0x0008e864       0x37 /cygdrive/c/TWESDK/516x/Components/Library/libMac_JN516x.a(TAMcommon.o)
                0x0008e864                _vTACcheckPollResponse
 .text.bUpdateTime
                0x0008e89b       0x46 /cygdrive/c/TWESDK/516x/Components/Library/libMac_JN516x.a(TAMcommon.o)
 .text.vTACbuildBeacon
                0x0008e8e1      0x257 /cygdrive/c/TWESDK/516x/Components/Library/libMac_JN516x.a(TAMcommon.o)
                0x0008e8e1                _vTACbuildBeacon
 .text.vTACsetFramePending
                0x0008eb38       0x3f /cygdrive/c/TWESDK/516x/Components/Library/libMac_JN516x.a(TAMcommon.o)
                0x0008eb38                _vTACsetFramePending
 .text.vTACsetPHYfromMacValue
                0x0008eb77       0x2b /cygdrive/c/TWESDK/516x/Components/Library/libMac_JN516x.a(TAMcommon.o)
                0x0008eb77                _vTACsetPHYfromMacValue
 .text.bTACcheckPANconflict
                0x0008eba2       0xa8 /cygdrive/c/TWESDK/516x/Components/Library/libMac_JN516x.a(TAMcommon.o)
                0x0008eba2                _bTACcheckPANconflict
 .text.bTACprocessUnexpectedBeacon
                0x0008ec4a       0x6d /cygdrive/c/TWESDK/516x/Components/Library/libMac_JN516x.a(TAMcommon.o)
                0x0008ec4a                _bTACprocessUnexpectedBeacon
 .text.bSendSyncLoss
                0x0008ecb7       0x1e /cygdrive/c/TWESDK/516x/Components/Library/libMac_JN516x.a(TAMcommon.o)
 .text.vTACinformOriginator
                0x0008ecd5       0x26 /cygdrive/c/TWESDK/516x/Components/Library/libMac_JN516x.a(TAMcommon.o)
                0x0008ecd5                _vTACinformOriginator
 .text.vTACintRXheader
                0x0008ecfb       0x98 /cygdrive/c/TWESDK/516x/Components/Library/libMac_JN516x.a(TAMcommon.o)
                0x0008ecfb                _vTACintRXheader
 .text.bTACprocessFrameRXcomplete
                0x0008ed93      0x231 /cygdrive/c/TWESDK/516x/Components/Library/libMac_JN516x.a(TAMcommon.o)
                0x0008ed93                _bTACprocessFrameRXcomplete
 .text.eTACprocessFrameTXcomplete
                0x0008efc4      0x17c /cygdrive/c/TWESDK/516x/Components/Library/libMac_JN516x.a(TAMcommon.o)
                0x0008efc4                _eTACprocessFrameTXcomplete
 .text.vTAMinsertEvent
                0x0008f140       0x6c /cygdrive/c/TWESDK/516x/Components/Library/libMac_JN516x.a(TAMevent.o)
                0x0008f140                _vTAMinsertEvent
 .text.vTAM_TxRetryTimeout
                0x0008f1ac        0x8 /cygdrive/c/TWESDK/516x/Components/Library/libMac_JN516x.a(TAMevent.o)
                0x0008f1ac                _vTAM_TxRetryTimeout
 .text.vTAM_QueueTxEvent
                0x0008f1b4       0x11 /cygdrive/c/TWESDK/516x/Components/Library/libMac_JN516x.a(TAMevent.o)
                0x0008f1b4                _vTAM_QueueTxEvent
 .text.vTAM_CancelTxRetryTimer