Archive member included because of file (symbol)

/cygdrive/c/TWESDK/Wks_ToCoNet/App_Tag/../../Wks_libToCoNet/libToCoNet/lib/libToCoNet_JN5164.a(ToCoNet_event.o)
                              objs_JN5164/EndDevice_Remote.o (_PRSEV_u8Register)
/cygdrive/c/TWESDK/Wks_ToCoNet/App_Tag/../../Wks_libToCoNet/libToCoNet/lib/libToCoNet_JN5164.a(ToCoNet_main.o)
                              objs_JN5164/EndDevice_Remote.o (_ToCoNet_vDebugInit)
/cygdrive/c/TWESDK/Wks_ToCoNet/App_Tag/../../Wks_libToCoNet/libToCoNet/lib/libToCoNet_JN5164.a(ToCoNet_utils.o)
                              objs_JN5164/Interactive.o (_ToCoNet_u32GetVersion)
/cygdrive/c/TWESDK/Wks_ToCoNet/App_Tag/../../Wks_libToCoNet/libToCoNet/lib/libToCoNet_JN5164.a(ToCoNet_mod_Tx.o)
                              objs_JN5164/EndDevice_Remote.o (_ToCoNet_vReg_mod_Tx_Standard)
/cygdrive/c/TWESDK/Wks_ToCoNet/App_Tag/../../Wks_libToCoNet/libToCoNet/lib/libToCoNet_JN5164.a(ToCoNet_mod_NbScan.o)
                              objs_JN5164/EndDevice_Remote.o (_ToCoNet_vReg_mod_NbScan)
/cygdrive/c/TWESDK/Wks_ToCoNet/App_Tag/../../Wks_libToCoNet/libToCoNet/lib/libToCoNet_JN5164.a(ToCoNet_mod_TxRxQueue.o)
                              objs_JN5164/EndDevice_Remote.o (_ToCoNet_vReg_mod_TxRxQueueMid)
/cygdrive/c/TWESDK/Wks_ToCoNet/App_Tag/../../Wks_libToCoNet/libToCoNet/lib/libToCoNet_JN5164.a(ToCoNet_mod_Nwk_Common.o)
                              /cygdrive/c/TWESDK/Wks_ToCoNet/App_Tag/../../Wks_libToCoNet/libToCoNet/lib/libToCoNet_JN5164.a(ToCoNet_main.o) (_ToCoNet_vRxProc_App)
/cygdrive/c/TWESDK/Wks_ToCoNet/App_Tag/../../Wks_libToCoNet/libToCoNet/lib/libToCoNet_JN5164.a(ToCoNet_mod_Nwk_LayerTree.o)
                              objs_JN5164/EndDevice_Remote.o (_ToCoNet_NwkLyTr_psConfig)
/cygdrive/c/TWESDK/Wks_ToCoNet/App_Tag/../../Wks_libToCoNet/libToCoNet/lib/libToCoNet_JN5164.a(ToCoNet_mod_Channel_Mgr.o)
                              /cygdrive/c/TWESDK/Wks_ToCoNet/App_Tag/../../Wks_libToCoNet/libToCoNet/lib/libToCoNet_JN5164.a(ToCoNet_main.o) (_ToCoNet_ChMgr_bCh_Reconfig)
/cygdrive/c/TWESDK/Wks_ToCoNet/App_Tag/../../Wks_libToCoNet/libToCoNet/lib/libToCoNet_JN5164.a(ToCoNet_mod_Nwk_MessagePool.o)
                              objs_JN5164/EndDevice_Remote.o (_ToCoNet_MsgPl_bRequest)
/cygdrive/c/TWESDK/Wks_ToCoNet/App_Tag/../../Wks_libToCoNet/libToCoNet/lib/libToCoNet_JN5164.a(Version.o)
                              /cygdrive/c/TWESDK/Wks_ToCoNet/App_Tag/../../Wks_libToCoNet/libToCoNet/lib/libToCoNet_JN5164.a(ToCoNet_utils.o) (_au8ToCoNetVersionInfo)
/cygdrive/c/TWESDK/Wks_ToCoNet/App_Tag/../../Wks_libToCoNet/libToCoNet/lib/libToCoNet_JN5164.a(AppQueueApi_ToCoNet.o)
                              /cygdrive/c/TWESDK/Wks_ToCoNet/App_Tag/../../Wks_libToCoNet/libToCoNet/lib/libToCoNet_JN5164.a(ToCoNet_main.o) (_psAppQApiReadHwIndT)
/cygdrive/c/TWESDK/Wks_ToCoNet/App_Tag/../../Wks_libToCoNet/libToCoNet/lib/libToCoNetExt_JN5164.a(AppStart.o)
                              /cygdrive/c/TWESDK/Wks_ToCoNet/App_Tag/../../Wks_libToCoNet/libToCoNet/lib/libToCoNet_JN5164.a(ToCoNet_mod_Channel_Mgr.o) (__ToCoNet_bRfChChannel)
/cygdrive/c/TWESDK/Wks_ToCoNet/App_Tag/../../Wks_libToCoNet/libToCoNet/lib/libToCoNetExt_JN5164.a(getMacAddr.o)
                              /cygdrive/c/TWESDK/Wks_ToCoNet/App_Tag/../../Wks_libToCoNet/libToCoNet/lib/libToCoNet_JN5164.a(ToCoNet_main.o) (_ToCoNet_u32GetSerialOnBoot)
/cygdrive/c/TWESDK/Wks_ToCoNet/App_Tag/../../Wks_libToCoNet/libToCoNet/lib/libToCoNetExt_JN5164.a(mac.o)
                              /cygdrive/c/TWESDK/Wks_ToCoNet/App_Tag/../../Wks_libToCoNet/libToCoNet/lib/libToCoNet_JN5164.a(ToCoNet_main.o) (_Mac_bRxQueueReg)
/cygdrive/c/TWESDK/Wks_ToCoNet/App_Tag/../../Wks_libToCoNet/libToCoNet/lib/libToCoNetExt_JN5164.a(AES_CCM.o)
                              /cygdrive/c/TWESDK/Wks_ToCoNet/App_Tag/../../Wks_libToCoNet/libToCoNet/lib/libToCoNetExt_JN5164.a(mac.o) (_bAES_CCM_Encode)
/cygdrive/c/TWESDK/Wks_ToCoNet/App_Tag/../../Wks_libToCoNet/libToCoNet/lib/libToCoNetExt_JN5164.a(eeprom_6x.o)
                              objs_JN5164/flash.o (_EEP_6x_bRead)
/cygdrive/c/TWESDK/Wks_ToCoNet/App_Tag/../../Wks_libToCoNet/libToCoNet/lib/libToCoNetExt_JN5164.a(no_ack_handler.o)
                              /cygdrive/c/TWESDK/Wks_ToCoNet/App_Tag/../../Wks_libToCoNet/libToCoNet/lib/libToCoNetExt_JN5164.a(AppStart.o) (_vInstallNoAckHandler)
/cygdrive/c/TWESDK/Wks_ToCoNet/App_Tag/../../Wks_libToCoNet/libToCoNet/lib/libToCoNetExt_JN5164.a(Version.o)
                              /cygdrive/c/TWESDK/Wks_ToCoNet/App_Tag/../../Wks_libToCoNet/libToCoNet/lib/libToCoNet_JN5164.a(ToCoNet_utils.o) (_au8ToCoNetExtVersionInfo)
/cygdrive/c/TWESDK/Wks_ToCoNet/App_Tag/../../Wks_libToCoNet/libToCoNet/lib/libToCoNetExt_JN5164.a(AHI_FlashIndexSector.o)
                              /cygdrive/c/TWESDK/Wks_ToCoNet/App_Tag/../../Wks_libToCoNet/libToCoNet/lib/libToCoNetExt_JN5164.a(AppStart.o) (_bAHI_ReadUserData)
[...]
Memory Configuration

Name             Origin             Length             Attributes
flash            0x00080000         0x00028000
ram              0x0400004c         0x00007fb4
*default*        0x00000000         0xffffffff

Linker script and memory map

LOAD objs_JN5164/EndDevice_Remote.o
LOAD objs_JN5164/common.o
LOAD objs_JN5164/flash.o
LOAD objs_JN5164/input_string.o
LOAD objs_JN5164/Interactive.o
LOAD objs_JN5164/sercmd_ascii.o
LOAD objs_JN5164/sercmd_chat.o
LOAD objs_JN5164/sercmd_plus3.o
LOAD objs_JN5164/sercmd_binary.o
LOAD objs_JN5164/LcdDraw.o
LOAD objs_JN5164/LcdDriver.o
LOAD objs_JN5164/LcdExtras.o
LOAD objs_JN5164/LcdFont.o
LOAD objs_JN5164/LcdPrint.o
LOAD /cygdrive/c/TWESDK/Wks_ToCoNet/App_Tag/../../Wks_libToCoNet/libToCoNet/lib/libToCoNet_JN5164.a
LOAD /cygdrive/c/TWESDK/Wks_ToCoNet/App_Tag/../../Wks_libToCoNet/libToCoNet/lib/libToCoNetExt_JN5164.a
LOAD /cygdrive/c/TWESDK/Wks_ToCoNet/App_Tag/../../Wks_libToCoNet/libToCoNet/lib/libToCoNetUtils_JN5164.a
START GROUP
LOAD /cygdrive/c/TWESDK/516x/Components/Library/libAppApi_JN516x.a
LOAD /cygdrive/c/TWESDK/516x/Components/Library/libMac_JN516x.a
LOAD /cygdrive/c/TWESDK/516x/Components/Library/libTof_JN516x.a
LOAD /cygdrive/c/TWESDK/516x/Components/Library/libXcv_JN516x.a
LOAD /cygdrive/c/TWESDK/516x/Components/Library/libAES_CCM_SW_PATCH_JN516x.a
LOAD /cygdrive/c/TWESDK/516x/Components/Library/libAes_JN516x.a
LOAD /cygdrive/c/TWESDK/516x/Components/Library/libTimerServer_JN516x.a
LOAD /cygdrive/c/TWESDK/516x/Components/Library/libHardwareApi_JN516x.a
LOAD /cygdrive/c/TWESDK/516x/Components/Library/libMicroSpecific_JN516x.a
LOAD /cygdrive/c/TWESDK/516x/Components/Library/libBoot_JN516x.a
LOAD /cygdrive/c/TWESDK/516x/Components/Library/libMaths_JN516x.a
LOAD /cygdrive/c/TWESDK/Wks_ToCoNet/App_Tag/../../Wks_libToCoNet/libToCoNet/lib/libToCoNet_JN5164.a
LOAD /cygdrive/c/TWESDK/Wks_ToCoNet/App_Tag/../../Wks_libToCoNet/libToCoNet/lib/libToCoNetExt_JN5164.a
LOAD /cygdrive/c/TWESDK/Wks_ToCoNet/App_Tag/../../Wks_libToCoNet/libToCoNet/lib/libToCoNetUtils_JN5164.a
END GROUP
LOAD /cygdrive/c/TWESDK/Tools/ba-elf-ba2/bin/../lib/gcc/ba-elf/4.1.2/ba2/libgcc.a
LOAD /cygdrive/c/TWESDK/Tools/ba-elf-ba2/bin/../lib/gcc/ba-elf/4.1.2/../../../../ba-elf/lib/ba2/libc.a
LOAD /cygdrive/c/TWESDK/Tools/ba-elf-ba2/bin/../lib/gcc/ba-elf/4.1.2/ba2/libgcc.a
                0x00001000                _stack_size = 0x1000
                0x00080038                __exception_vsr_table = 0x80038
                0x04000000                _pSPIflashFncTable = 0x4000000
                0x00001000                _stack_size = 0x1000
                0x00000044                restore_state = 0x44
                0x0000004a                _bZSPIWaitWIPClear = 0x4a
                0x00000050                _u16ZSPIflashRDID = 0x50
                0x00000056                _u8SelectFlashChipType = 0x56
                0x0000005c                _memcpy = 0x5c
                0x00000066                _vBootFlashProg = 0x66
                [0x00000d16]                _minimum_heap_size = DEFINED (_minimum_heap_size)?_minimum_heap_size:0xd16
                0x00000000                _SwConfig = (DEFINED (g_bSWConf_Debug) | (DEFINED (g_bSWConf_AltDebugPort) << 0x1))

.version        0x0007fffc        0x4
                0x0007fffc        0x4 LONG 0x4030008

.bir            0x00080000       0x10
                0x00080000                _flash_start = <code 342> (.)
                0x00080000                _flash_beg = <code 342> (.)
                0x00080000        0x4 LONG 0x12345678
                0x00080004        0x4 LONG 0x11223344
                0x00080008        0x4 LONG 0x55667788
                0x0008000c        0x1 BYTE 0x8
                0x0008000d        0x1 BYTE 0x1
                0x0008000e        0x2 SHORT 0x0

.flashheader    0x00080010       0x28
                0x00080010        0x4 LONG 0x0
                0x00080014        0x4 LONG 0x0
                0x00080018        0x4 LONG 0x0
                0x0008001c        0x2 SHORT 0x0
                0x0008001e        0x2 SHORT 0x0 <code 342> (_SwConfig)
                0x00080020                _enc_start = <code 342> (.)
                0x00080020        0x4 LONG 0x11080 <code 342> (_image_len)
                0x00000000                _enc_offset = (_enc_start & 0xf)
                [0x00000020]                _enc_start = (_enc_start - _flash_beg)
                0x00080024        0x4 LONG 0x91054 <code 342> (_flash_data_start)
                0x00080028        0x2 SHORT 0x13 ((<code 342> (_ram_data_start) / 0x4) & 0xffff)
                0x0008002a        0x2 SHORT 0xb ((<code 342> (_ram_data_len) / 0x4) & 0xffff)
                0x0008002c        0x2 SHORT 0x1e ((<code 342> (_bss_start) / 0x4) & 0xffff)
                0x0008002e        0x2 SHORT 0x9b3 ((<code 342> (_bss_len) / 0x4) & 0xffff)
                0x00080030        0x4 LONG 0x86fb7 <code 342> (_AppWarmStart)
                0x00080034        0x4 LONG 0x87163 <code 342> (_AppColdStart)
                0x00000044                PROVIDE (_vException_BusError, restore_state)
                0x00000044                PROVIDE (_vException_UnalignedAccess, restore_state)
                0x00000044                PROVIDE (_vException_IllegalInstruction, restore_state)
                0x00000044                PROVIDE (_vException_SysCall, restore_state)
                0x00000044                PROVIDE (_vException_Trap, restore_state)
                0x00000044                PROVIDE (_vException_StackOverflow, restore_state)
                0x00080038                . = <code 342> (__exception_vsr_table)

.vsr_table      0x00080038       0x18
                0x00080038        0x4 LONG 0x44 <code 342> (_vException_BusError)
                0x0008003c        0x4 LONG 0x44 <code 342> (_vException_UnalignedAccess)
                0x00080040        0x4 LONG 0x44 <code 342> (_vException_IllegalInstruction)
                0x00080044        0x4 LONG 0x44 <code 342> (_vException_SysCall)
                0x00080048        0x4 LONG 0x44 <code 342> (_vException_Trap)
                0x0008004c        0x4 LONG 0x44 <code 342> (_vException_StackOverflow)

.vsr_handlers   0x00080050       0xab
 *(.vsr_handlers)
 .vsr_handlers  0x00080050       0xab /cygdrive/c/TWESDK/516x/Components/Library/libBoot_JN516x.a(ExceptionHandler.o)
                0x00080050                __exception_external_interrupt
                0x000800f9                __default_vsr_dummy

.rodata         0x000800fc      0xd2d
 *(.rodata*)
 .rodata.str1.1
                0x000800fc      0x2c0 objs_JN5164/EndDevice_Remote.o
                                0x2c8 (size before relaxing)
 .rodata.str1.1
                0x000803bc       0x6d objs_JN5164/common.o
 *fill*         0x00080429        0x3 00
 .rodata.u32DioPortWakeUp
                0x0008042c        0x4 objs_JN5164/common.o
                0x0008042c                _u32DioPortWakeUp
 .rodata.au8EncKey
                0x00080430       0x10 objs_JN5164/common.o
                0x00080430                _au8EncKey
 .rodata.str1.1
                0x00080440      0x4c3 objs_JN5164/Interactive.o
                                0x4da (size before relaxing)
 .rodata.au8name_stop.5299
                0x00080903        0x2 objs_JN5164/Interactive.o
 .rodata.au8name_parity.5298
                0x00080905        0x3 objs_JN5164/Interactive.o
 .rodata.au8name_bit.5297
                0x00080908        0x2 objs_JN5164/Interactive.o
 .rodata.au8tbl.2213
                0x0008090a       0x11 objs_JN5164/sercmd_ascii.o
 .rodata.u8tbl.2152
                0x0008091b       0x17 objs_JN5164/sercmd_ascii.o
 .rodata.str1.1
                0x00080932       0x11 /cygdrive/c/TWESDK/Wks_ToCoNet/App_Tag/../../Wks_libToCoNet/libToCoNet/lib/libToCoNet_JN5164.a(ToCoNet_mod_Tx.o)
 *fill*         0x00080943        0x1 00
 .rodata.asStateFuncTbl
                0x00080944       0x38 /cygdrive/c/TWESDK/Wks_ToCoNet/App_Tag/../../Wks_libToCoNet/libToCoNet/lib/libToCoNet_JN5164.a(ToCoNet_mod_Tx.o)
 .rodata.asStateFuncTbl
                0x0008097c       0x30 /cygdrive/c/TWESDK/Wks_ToCoNet/App_Tag/../../Wks_libToCoNet/libToCoNet/lib/libToCoNet_JN5164.a(ToCoNet_mod_NbScan.o)
 .rodata.str1.1
                0x000809ac       0x47 /cygdrive/c/TWESDK/Wks_ToCoNet/App_Tag/../../Wks_libToCoNet/libToCoNet/lib/libToCoNet_JN5164.a(ToCoNet_mod_Nwk_LayerTree.o)
 *fill*         0x000809f3        0x1 00
 .rodata.asStateFuncTbl.4920
                0x000809f4       0x38 /cygdrive/c/TWESDK/Wks_ToCoNet/App_Tag/../../Wks_libToCoNet/libToCoNet/lib/libToCoNet_JN5164.a(ToCoNet_mod_Nwk_LayerTree.o)
 .rodata.asStateFuncTbl.4371
                0x00080a2c       0x18 /cygdrive/c/TWESDK/Wks_ToCoNet/App_Tag/../../Wks_libToCoNet/libToCoNet/lib/libToCoNet_JN5164.a(ToCoNet_mod_Channel_Mgr.o)
 .rodata.asStateFuncTbl.4569
                0x00080a44       0x18 /cygdrive/c/TWESDK/Wks_ToCoNet/App_Tag/../../Wks_libToCoNet/libToCoNet/lib/libToCoNet_JN5164.a(ToCoNet_mod_Nwk_MessagePool.o)
 .rodata.au8ToCoNetVersionInfo
                0x00080a5c        0xc /cygdrive/c/TWESDK/Wks_ToCoNet/App_Tag/../../Wks_libToCoNet/libToCoNet/lib/libToCoNet_JN5164.a(Version.o)
                0x00080a5c                _au8ToCoNetVersionInfo
 .rodata.str1.1
                0x00080a68       0x11 /cygdrive/c/TWESDK/Wks_ToCoNet/App_Tag/../../Wks_libToCoNet/libToCoNet/lib/libToCoNetExt_JN5164.a(AppStart.o)
 .rodata        0x00080a79       0x11 /cygdrive/c/TWESDK/Wks_ToCoNet/App_Tag/../../Wks_libToCoNet/libToCoNet/lib/libToCoNetExt_JN5164.a(AppStart.o)
 .rodata.au8k.5340
                0x00080a8a       0x20 /cygdrive/c/TWESDK/Wks_ToCoNet/App_Tag/../../Wks_libToCoNet/libToCoNet/lib/libToCoNetExt_JN5164.a(AppStart.o)
 .rodata.au8k.5378
                0x00080aaa       0x20 /cygdrive/c/TWESDK/Wks_ToCoNet/App_Tag/../../Wks_libToCoNet/libToCoNet/lib/libToCoNetExt_JN5164.a(AppStart.o)
 .rodata.str1.1
                0x00080aca       0x11 /cygdrive/c/TWESDK/Wks_ToCoNet/App_Tag/../../Wks_libToCoNet/libToCoNet/lib/libToCoNetExt_JN5164.a(mac.o)
 *fill*         0x00080adb        0x1 00
 .rodata.u32MacHigh_TOCOS
                0x00080adc        0x4 /cygdrive/c/TWESDK/Wks_ToCoNet/App_Tag/../../Wks_libToCoNet/libToCoNet/lib/libToCoNetExt_JN5164.a(mac.o)
                0x00080adc                _u32MacHigh_TOCOS
 .rodata.u32MacLow_TOCOS
                0x00080ae0        0x4 /cygdrive/c/TWESDK/Wks_ToCoNet/App_Tag/../../Wks_libToCoNet/libToCoNet/lib/libToCoNetExt_JN5164.a(mac.o)
                0x00080ae0                _u32MacLow_TOCOS
 .rodata.au8ToCoNetExtVersionInfo
                0x00080ae4        0xc /cygdrive/c/TWESDK/Wks_ToCoNet/App_Tag/../../Wks_libToCoNet/libToCoNet/lib/libToCoNetExt_JN5164.a(Version.o)
                0x00080ae4                _au8ToCoNetExtVersionInfo
 .rodata.au8SpeedCodeToEepromClkDivisors
                0x00080af0        0x8 /cygdrive/c/TWESDK/Wks_ToCoNet/App_Tag/../../Wks_libToCoNet/libToCoNet/lib/libToCoNetExt_JN5164.a(PDM_EEPROM.o)
 .rodata.u8CRCTable
                0x00080af8      0x100 /cygdrive/c/TWESDK/Wks_ToCoNet/App_Tag/../../Wks_libToCoNet/libToCoNet/lib/libToCoNetUtils_JN5164.a(ccitt8.o)
 .rodata.str1.1
                0x00080bf8        0x7 /cygdrive/c/TWESDK/Wks_ToCoNet/App_Tag/../../Wks_libToCoNet/libToCoNet/lib/libToCoNetUtils_JN5164.a(fprintf.o)
 .rodata.au8ToCoNetUtilsVersionInfo
                0x00080bff        0xc /cygdrive/c/TWESDK/Wks_ToCoNet/App_Tag/../../Wks_libToCoNet/libToCoNet/lib/libToCoNetUtils_JN5164.a(Version.o)
                0x00080bff                _au8ToCoNetUtilsVersionInfo
 *fill*         0x00080c0b        0x1 00
 .rodata.s_sPibInit
                0x00080c0c       0x18 /cygdrive/c/TWESDK/516x/Components/Library/libMac_JN516x.a(mac_pib_mlme.o)
 .rodata.aeXcvPhyEvtToScanEvt.4240
                0x00080c24       0x18 /cygdrive/c/TWESDK/516x/Components/Library/libMac_JN516x.a(mac_scan.o)
 .rodata.aeXcvBbcEvtToScanEvt.4230
                0x00080c3c        0xa /cygdrive/c/TWESDK/516x/Components/Library/libMac_JN516x.a(mac_scan.o)
 .rodata.s_atScanEvtST
                0x00080c46       0x31 /cygdrive/c/TWESDK/516x/Components/Library/libMac_JN516x.a(mac_scan.o)
 *fill*         0x00080c77        0x1 00
 .rodata.s_aprScanHandleEvt
                0x00080c78       0x30 /cygdrive/c/TWESDK/516x/Components/Library/libMac_JN516x.a(mac_scan.o)
 .rodata.psTAMcontext
                0x00080ca8        0x4 /cygdrive/c/TWESDK/516x/Components/Library/libMac_JN516x.a(TAM.o)
                0x00080ca8                _psTAMcontext
 .rodata.psTamMacContext
                0x00080cac        0x4 /cygdrive/c/TWESDK/516x/Components/Library/libMac_JN516x.a(TAM.o)
                0x00080cac                _psTamMacContext
 .rodata.psTamXcvContext
                0x00080cb0        0x4 /cygdrive/c/TWESDK/516x/Components/Library/libMac_JN516x.a(TAM.o)
                0x00080cb0                _psTamXcvContext
 .rodata.au8XcvToTAMevent.4757
                0x00080cb4        0xa /cygdrive/c/TWESDK/516x/Components/Library/libMac_JN516x.a(TAM.o)
 .rodata.au8HeaderSize.4215
                0x00080cbe        0xe /cygdrive/c/TWESDK/516x/Components/Library/libMac_JN516x.a(TAMcommon.o)
 .rodata.apvActionCalls
                0x00080ccc       0x88 /cygdrive/c/TWESDK/516x/Components/Library/libMac_JN516x.a(TAMevent.o)
                0x00080ccc                _apvActionCalls
 .rodata.au8StateActions
                0x00080d54       0x8c /cygdrive/c/TWESDK/516x/Components/Library/libMac_JN516x.a(TAMevent.o)
                0x00080d54                _au8StateActions
 .rodata.au8SizeInc.4433
                0x00080de0        0x9 /cygdrive/c/TWESDK/516x/Components/Library/libMac_JN516x.a(TAMsecurity.o)
 .rodata.au8MICLenLUT.3714
                0x00080de9        0x4 /cygdrive/c/TWESDK/516x/Components/Library/libMac_JN516x.a(TAMsecurity.o)
 .rodata.au8FlashWaitStates32MXO
                0x00080ded        0x8 /cygdrive/c/TWESDK/516x/Components/Library/libHardwareApi_JN516x.a(AHI_System.o)
 .rodata.au8FlashWaitStatesHSRCO
                0x00080df5        0x8 /cygdrive/c/TWESDK/516x/Components/Library/libHardwareApi_JN516x.a(AHI_System.o)
 *fill*         0x00080dfd        0x3 00
 .rodata.au32TimerBaseAddress
                0x00080e00       0x14 /cygdrive/c/TWESDK/516x/Components/Library/libHardwareApi_JN516x.a(AHI_Timer.o)
 .rodata.au32UartAddrOffset
                0x00080e14        0x8 /cygdrive/c/TWESDK/516x/Components/Library/libHardwareApi_JN516x.a(AHI_Uart.o)
                0x00080e14                _au32UartAddrOffset
 .rodata.au8dataSizeTable
                0x00080e1c        0xd /cygdrive/c/TWESDK/516x/Components/Library/libAes_JN516x.a(AEScoprocessorAPI.o)
                0x00080e1c                _au8dataSizeTable

.text           0x00080e2c    0x10228
 *(.text*)
 .text.cbToCoNet_vRxEvent
                0x00080e2c        0x3 objs_JN5164/EndDevice_Remote.o
                0x00080e2c                _cbToCoNet_vRxEvent
 .text.cbToCoNet_vTxEvent
                0x00080e2f        0x3 objs_JN5164/EndDevice_Remote.o
                0x00080e2f                _cbToCoNet_vTxEvent
 .text.cbToCoNet_vHwEvent
                0x00080e32        0x3 objs_JN5164/EndDevice_Remote.o
                0x00080e32                _cbToCoNet_vHwEvent
 .text.cbToCoNet_u8HwInt
                0x00080e35        0x5 objs_JN5164/EndDevice_Remote.o
                0x00080e35                _cbToCoNet_u8HwInt
 .text.vProcessSerialCmd
                0x00080e3a       0xa4 objs_JN5164/EndDevice_Remote.o
                0x00080e3a                _vProcessSerialCmd
 .text.vSerInitMessage
                0x00080ede       0x7f objs_JN5164/EndDevice_Remote.o
                0x00080ede                _vSerInitMessage
 .text.cbToCoNet_vNwkEvent
                0x00080f5d      0x1bc objs_JN5164/EndDevice_Remote.o
                0x00080f5d                _cbToCoNet_vNwkEvent
 .text.vProcessEvCore
                0x00081119      0x44c objs_JN5164/EndDevice_Remote.o
 .text.cbToCoNet_vMain
                0x00081565        0x6 objs_JN5164/EndDevice_Remote.o
                0x00081565                _cbToCoNet_vMain
 .text.vSerialInit
                0x0008156b       0x76 objs_JN5164/EndDevice_Remote.o
 .text.vInitHardware
                0x000815e1       0xcc objs_JN5164/EndDevice_Remote.o
 .text.cbAppWarmStart
                0x000816ad       0x5b objs_JN5164/EndDevice_Remote.o
                0x000816ad                _cbAppWarmStart
 .text.cbAppColdStart
                0x00081708       0xf1 objs_JN5164/EndDevice_Remote.o
                0x00081708                _cbAppColdStart
 .text.vProcessEvCoreConfig
                0x000817f9       0x40 objs_JN5164/EndDevice_Remote.o
 .text.vDispInfo
                0x00081839       0x5e objs_JN5164/common.o
                0x00081839                _vDispInfo
 .text.vResetWithMsg
                0x00081897       0x20 objs_JN5164/common.o
                0x00081897                _vResetWithMsg
 .text.vSleep   0x000818b7       0x4c objs_JN5164/common.o
                0x000818b7                _vSleep
 .text.bRegAesKey
                0x00081903       0x3e objs_JN5164/common.o
                0x00081903                _bRegAesKey
 .text.bFlash_Erase
                0x00081941       0x38 objs_JN5164/flash.o
                0x00081941                _bFlash_Erase
 .text.bFlash_Write
                0x00081979       0x35 objs_JN5164/flash.o
                0x00081979                _bFlash_Write
 .text.bFlash_Read
                0x000819ae       0x49 objs_JN5164/flash.o
                0x000819ae                _bFlash_Read
 .text.INPSTR_vStart
                0x000819f7       0x19 objs_JN5164/input_string.o
                0x000819f7                _INPSTR_vStart
 .text.INPSTR_u8InputByte
                0x00081a10       0xe6 objs_JN5164/input_string.o
                0x00081a10                _INPSTR_u8InputByte
 .text.INPSTR_vInit
                0x00081af6       0x1a objs_JN5164/input_string.o
                0x00081af6                _INPSTR_vInit
 .text.Interactive_bGetMode
                0x00081b10        0x9 objs_JN5164/Interactive.o
                0x00081b10                _Interactive_bGetMode
 .text.Interactive_vSetMode
                0x00081b19       0x24 objs_JN5164/Interactive.o
                0x00081b19                _Interactive_vSetMode
 .text.vConfig_Update
                0x00081b3d       0x74 objs_JN5164/Interactive.o
 .text.Config_vSetDefaults
                0x00081bb1       0x3d objs_JN5164/Interactive.o
 .text.vConfig_UnSetAll
                0x00081bee        0xc objs_JN5164/Interactive.o
 .text.Config_bSave
                0x00081bfa       0x6d objs_JN5164/Interactive.o
                0x00081bfa                _Config_bSave
 .text.Config_bLoad
                0x00081c67       0x40 objs_JN5164/Interactive.o
                0x00081c67                _Config_bLoad
 .text.vSerPrintUartOpt
                0x00081ca7       0x57 objs_JN5164/Interactive.o
 .text.vSerUpdateScreen
                0x00081cfe      0x433 objs_JN5164/Interactive.o
 .text.vProcessInputByte_Command
                0x00082131      0x105 objs_JN5164/Interactive.o
 .text.Interactive_vInit
                0x00082236       0xa8 objs_JN5164/Interactive.o
                0x00082236                _Interactive_vInit
 *fill*         0x000822de        0x2 00
 .text.vHandleSerialInput
                0x000822e0      0xd20 objs_JN5164/Interactive.o
                0x000822e0                _vHandleSerialInput
 .text.SerCmdAscii_u8Parse
                0x00083000      0x13c objs_JN5164/sercmd_ascii.o
                0x00083000                _SerCmdAscii_u8Parse
 .text.vPutByte
                0x0008313c       0x43 objs_JN5164/sercmd_ascii.o
 .text.SerCmdAscii_Output
                0x0008317f       0x67 objs_JN5164/sercmd_ascii.o
 .text.SerCmdAscii_vInit
                0x000831e6       0x2f objs_JN5164/sercmd_ascii.o
                0x000831e6                _SerCmdAscii_vInit
 .text.SerCmdPlus3_u8Parse
                0x00083215       0xaa objs_JN5164/sercmd_plus3.o
                0x00083215                _SerCmdPlus3_u8Parse
 *fill*         0x000832bf        0x1 00
 .text.SerCmdBinary_u8Parse
                0x000832c0      0x114 objs_JN5164/sercmd_binary.o
 .text.SerCmdBinary_Output
                0x000833d4       0x82 objs_JN5164/sercmd_binary.o
 .text.SerCmdBinary_vInit
                0x00083456       0x2f objs_JN5164/sercmd_binary.o
                0x00083456                _SerCmdBinary_vInit
 .text.PRSEV_u8Register
                0x00083485       0x32 /cygdrive/c/TWESDK/Wks_ToCoNet/App_Tag/../../Wks_libToCoNet/libToCoNet/lib/libToCoNet_JN5164.a(ToCoNet_event.o)
                0x00083485                _PRSEV_u8Register
 .text.PRSEV_peGetContext
                0x000834b7       0x2b /cygdrive/c/TWESDK/Wks_ToCoNet/App_Tag/../../Wks_libToCoNet/libToCoNet/lib/libToCoNet_JN5164.a(ToCoNet_event.o)
                0x000834b7                _PRSEV_peGetContext
 .text.PRSEV_peGetContextH
                0x000834e2       0x14 /cygdrive/c/TWESDK/Wks_ToCoNet/App_Tag/../../Wks_libToCoNet/libToCoNet/lib/libToCoNet_JN5164.a(ToCoNet_event.o)
                0x000834e2                _PRSEV_peGetContextH
 .text.PRSEV_vSetStateAll
                0x000834f6       0x3b /cygdrive/c/TWESDK/Wks_ToCoNet/App_Tag/../../Wks_libToCoNet/libToCoNet/lib/libToCoNet_JN5164.a(ToCoNet_event.o)
                0x000834f6                _PRSEV_vSetStateAll
 .text.PRSEV_vSetState
                0x00083531       0x10 /cygdrive/c/TWESDK/Wks_ToCoNet/App_Tag/../../Wks_libToCoNet/libToCoNet/lib/libToCoNet_JN5164.a(ToCoNet_event.o)
                0x00083531                _PRSEV_vSetState
 .text.PRSEV_vProcessEv_core
                0x00083541       0x8f /cygdrive/c/TWESDK/Wks_ToCoNet/App_Tag/../../Wks_libToCoNet/libToCoNet/lib/libToCoNet_JN5164.a(ToCoNet_event.o)
 .text.PRSEV_vProcessEvPost
                0x000835d0       0x35 /cygdrive/c/TWESDK/Wks_ToCoNet/App_Tag/../../Wks_libToCoNet/libToCoNet/lib/libToCoNet_JN5164.a(ToCoNet_event.o)
                0x000835d0                _PRSEV_vProcessEvPost
 .text._PRSEV_vProcessEv
                0x00083605       0x16 /cygdrive/c/TWESDK/Wks_ToCoNet/App_Tag/../../Wks_libToCoNet/libToCoNet/lib/libToCoNet_JN5164.a(ToCoNet_event.o)
                0x00083605                __PRSEV_vProcessEv
 .text._PRSEV_vProcessEvSingle
                0x0008361b       0x14 /cygdrive/c/TWESDK/Wks_ToCoNet/App_Tag/../../Wks_libToCoNet/libToCoNet/lib/libToCoNet_JN5164.a(ToCoNet_event.o)
                0x0008361b                __PRSEV_vProcessEvSingle
 .text._PRSEV_vProcessEvSingleH
                0x0008362f       0x16 /cygdrive/c/TWESDK/Wks_ToCoNet/App_Tag/../../Wks_libToCoNet/libToCoNet/lib/libToCoNet_JN5164.a(ToCoNet_event.o)
                0x0008362f                __PRSEV_vProcessEvSingleH
 .text.PRSEV_eGetState
                0x00083645       0x18 /cygdrive/c/TWESDK/Wks_ToCoNet/App_Tag/../../Wks_libToCoNet/libToCoNet/lib/libToCoNet_JN5164.a(ToCoNet_event.o)
                0x00083645                _PRSEV_eGetState
 .text.ToCoNet_Event_StateExec
                0x0008365d       0x31 /cygdrive/c/TWESDK/Wks_ToCoNet/App_Tag/../../Wks_libToCoNet/libToCoNet/lib/libToCoNet_JN5164.a(ToCoNet_event.o)
                0x0008365d                _ToCoNet_Event_StateExec
 .text.PRSEV_vInit
                0x0008368e       0x4d /cygdrive/c/TWESDK/Wks_ToCoNet/App_Tag/../../Wks_libToCoNet/libToCoNet/lib/libToCoNet_JN5164.a(ToCoNet_event.o)
                0x0008368e                _PRSEV_vInit
 .text.ToCoNet_vDebugInit
                0x000836db        0x9 /cygdrive/c/TWESDK/Wks_ToCoNet/App_Tag/../../Wks_libToCoNet/libToCoNet/lib/libToCoNet_JN5164.a(ToCoNet_main.o)
                0x000836db                _ToCoNet_vDebugInit
 .text.ToCoNet_vDebugLevel
                0x000836e4        0x9 /cygdrive/c/TWESDK/Wks_ToCoNet/App_Tag/../../Wks_libToCoNet/libToCoNet/lib/libToCoNet_JN5164.a(ToCoNet_main.o)
                0x000836e4                _ToCoNet_vDebugLevel
 .text._ToCoNet_bRaisePanic
                0x000836ed       0x3b /cygdrive/c/TWESDK/Wks_ToCoNet/App_Tag/../../Wks_libToCoNet/libToCoNet/lib/libToCoNet_JN5164.a(ToCoNet_main.o)
                0x000836ed                __ToCoNet_bRaisePanic
 .text.ToCoNet_bRegisterAesKey
                0x00083728       0x1a /cygdrive/c/TWESDK/Wks_ToCoNet/App_Tag/../../Wks_libToCoNet/libToCoNet/lib/libToCoNet_JN5164.a(ToCoNet_main.o)
                0x00083728                _ToCoNet_bRegisterAesKey
 .text.ToCoNet_vMain
                0x00083742      0x26c /cygdrive/c/TWESDK/Wks_ToCoNet/App_Tag/../../Wks_libToCoNet/libToCoNet/lib/libToCoNet_JN5164.a(ToCoNet_main.o)
                0x00083742                _ToCoNet_vMain
 .text.vProcessEvCoreMac
                0x000839ae       0x7a /cygdrive/c/TWESDK/Wks_ToCoNet/App_Tag/../../Wks_libToCoNet/libToCoNet/lib/libToCoNet_JN5164.a(ToCoNet_main.o)
                0x000839ae                _vProcessEvCoreMac
 .text.ToCoNet_vStart
                0x00083a28      0x3e2 /cygdrive/c/TWESDK/Wks_ToCoNet/App_Tag/../../Wks_libToCoNet/libToCoNet/lib/libToCoNet_JN5164.a(ToCoNet_main.o)
                0x00083a28                _ToCoNet_vStart
 .text.ToCoNet_vInit
                0x00083e0a      0x135 /cygdrive/c/TWESDK/Wks_ToCoNet/App_Tag/../../Wks_libToCoNet/libToCoNet/lib/libToCoNet_JN5164.a(ToCoNet_main.o)
                0x00083e0a                _ToCoNet_vInit
 .text.u8HwEventHandler
                0x00083f3f       0x27 /cygdrive/c/TWESDK/Wks_ToCoNet/App_Tag/../../Wks_libToCoNet/libToCoNet/lib/libToCoNet_JN5164.a(ToCoNet_main.o)
 .text.ToCoNet_u32GetVersion
                0x00083f66       0x21 /cygdrive/c/TWESDK/Wks_ToCoNet/App_Tag/../../Wks_libToCoNet/libToCoNet/lib/libToCoNet_JN5164.a(ToCoNet_utils.o)
                0x00083f66                _ToCoNet_u32GetVersion
 .text.ToCoNet_u32GetVersion_LibEx
                0x00083f87       0x21 /cygdrive/c/TWESDK/Wks_ToCoNet/App_Tag/../../Wks_libToCoNet/libToCoNet/lib/libToCoNet_JN5164.a(ToCoNet_utils.o)
                0x00083f87                _ToCoNet_u32GetVersion_LibEx
 .text.ToCoNet_u32GetVersion_LibUtils
                0x00083fa8       0x21 /cygdrive/c/TWESDK/Wks_ToCoNet/App_Tag/../../Wks_libToCoNet/libToCoNet/lib/libToCoNet_JN5164.a(ToCoNet_utils.o)
                0x00083fa8                _ToCoNet_u32GetVersion_LibUtils
 .text.ToCoNet_u16GetPanId
                0x00083fc9        0x9 /cygdrive/c/TWESDK/Wks_ToCoNet/App_Tag/../../Wks_libToCoNet/libToCoNet/lib/libToCoNet_JN5164.a(ToCoNet_utils.o)
                0x00083fc9                _ToCoNet_u16GetPanId
 .text.ToCoNet_u32GetSerial
                0x00083fd2        0x9 /cygdrive/c/TWESDK/Wks_ToCoNet/App_Tag/../../Wks_libToCoNet/libToCoNet/lib/libToCoNet_JN5164.a(ToCoNet_utils.o)
                0x00083fd2                _ToCoNet_u32GetSerial
 .text.ToCoNet_u32GetRand
                0x00083fdb       0x65 /cygdrive/c/TWESDK/Wks_ToCoNet/App_Tag/../../Wks_libToCoNet/libToCoNet/lib/libToCoNet_JN5164.a(ToCoNet_utils.o)
                0x00083fdb                _ToCoNet_u32GetRand
 .text.ToCoNet_vSleep
                0x00084040      0x12b /cygdrive/c/TWESDK/Wks_ToCoNet/App_Tag/../../Wks_libToCoNet/libToCoNet/lib/libToCoNet_JN5164.a(ToCoNet_utils.o)
                0x00084040                _ToCoNet_vSleep
 .text.ToCoNet_vReg_mod_Tx_Standard
                0x0008416b       0x1d /cygdrive/c/TWESDK/Wks_ToCoNet/App_Tag/../../Wks_libToCoNet/libToCoNet/lib/libToCoNet_JN5164.a(ToCoNet_mod_Tx.o)
                0x0008416b                _ToCoNet_vReg_mod_Tx_Standard
 .text.vProcessEvCoreTx
                0x00084188       0x67 /cygdrive/c/TWESDK/Wks_ToCoNet/App_Tag/../../Wks_libToCoNet/libToCoNet/lib/libToCoNet_JN5164.a(ToCoNet_mod_Tx.o)
 .text.vHnd_E_STATE_FINISH_TX_SUCCESS
                0x000841ef       0x9b /cygdrive/c/TWESDK/Wks_ToCoNet/App_Tag/../../Wks_libToCoNet/libToCoNet/lib/libToCoNet_JN5164.a(ToCoNet_mod_Tx.o)
 .text.vHnd_E_STATE_WAIT_TX
                0x0008428a       0x71 /cygdrive/c/TWESDK/Wks_ToCoNet/App_Tag/../../Wks_libToCoNet/libToCoNet/lib/libToCoNet_JN5164.a(ToCoNet_mod_Tx.o)
 .text.vHnd_E_STATE_PREPARE_TX
                0x000842fb      0x160 /cygdrive/c/TWESDK/Wks_ToCoNet/App_Tag/../../Wks_libToCoNet/libToCoNet/lib/libToCoNet_JN5164.a(ToCoNet_mod_Tx.o)
 .text.vHnd_E_STATE_IDLE
                0x0008445b       0x49 /cygdrive/c/TWESDK/Wks_ToCoNet/App_Tag/../../Wks_libToCoNet/libToCoNet/lib/libToCoNet_JN5164.a(ToCoNet_mod_Tx.o)
 .text.vHnd_E_STATE_RUNNING
                0x000844a4      0x202 /cygdrive/c/TWESDK/Wks_ToCoNet/App_Tag/../../Wks_libToCoNet/libToCoNet/lib/libToCoNet_JN5164.a(ToCoNet_mod_Tx.o)
 .text.vHnd_E_STATE_FINISH_TX_FAIL
                0x000846a6       0xc2 /cygdrive/c/TWESDK/Wks_ToCoNet/App_Tag/../../Wks_libToCoNet/libToCoNet/lib/libToCoNet_JN5164.a(ToCoNet_mod_Tx.o)
 .text.ToCoNet_vReg_mod_NbScan
                0x00084768       0x20 /cygdrive/c/TWESDK/Wks_ToCoNet/App_Tag/../../Wks_libToCoNet/libToCoNet/lib/libToCoNet_JN5164.a(ToCoNet_mod_NbScan.o)
                0x00084768                _ToCoNet_vReg_mod_NbScan
 .text.iNbScCompare
                0x00084788       0x25 /cygdrive/c/TWESDK/Wks_ToCoNet/App_Tag/../../Wks_libToCoNet/libToCoNet/lib/libToCoNet_JN5164.a(ToCoNet_mod_NbScan.o)
 .text.vSetEnt  0x000847ad       0x4e /cygdrive/c/TWESDK/Wks_ToCoNet/App_Tag/../../Wks_libToCoNet/libToCoNet/lib/libToCoNet_JN5164.a(ToCoNet_mod_NbScan.o)
 .text.ToCoNet_bNeighbourScanStartCore
                0x000847fb       0x96 /cygdrive/c/TWESDK/Wks_ToCoNet/App_Tag/../../Wks_libToCoNet/libToCoNet/lib/libToCoNet_JN5164.a(ToCoNet_mod_NbScan.o)
 .text.ToCoNet_NbScan_bStartToFindRole
                0x00084891       0x37 /cygdrive/c/TWESDK/Wks_ToCoNet/App_Tag/../../Wks_libToCoNet/libToCoNet/lib/libToCoNet_JN5164.a(ToCoNet_mod_NbScan.o)
                0x00084891                _ToCoNet_NbScan_bStartToFindRole
 .text.ToCoNet_NbScan_bStartToFindAddrCb
                0x000848c8       0x52 /cygdrive/c/TWESDK/Wks_ToCoNet/App_Tag/../../Wks_libToCoNet/libToCoNet/lib/libToCoNet_JN5164.a(ToCoNet_mod_NbScan.o)
                0x000848c8                _ToCoNet_NbScan_bStartToFindAddrCb
 .text.vProcessEvModNeighbourScan
                0x0008491a       0x4d /cygdrive/c/TWESDK/Wks_ToCoNet/App_Tag/../../Wks_libToCoNet/libToCoNet/lib/libToCoNet_JN5164.a(ToCoNet_mod_NbScan.o)
 .text.vHnd_E_STATE_IDLE
                0x00084967       0x2f /cygdrive/c/TWESDK/Wks_ToCoNet/App_Tag/../../Wks_libToCoNet/libToCoNet/lib/libToCoNet_JN5164.a(ToCoNet_mod_NbScan.o)
 .text.vHnd_E_STATE_FINISHED
                0x00084996       0xa5 /cygdrive/c/TWESDK/Wks_ToCoNet/App_Tag/../../Wks_libToCoNet/libToCoNet/lib/libToCoNet_JN5164.a(ToCoNet_mod_NbScan.o)
 .text.vHnd_E_STATE_WAIT_COMMAND
                0x00084a3b      0x347 /cygdrive/c/TWESDK/Wks_ToCoNet/App_Tag/../../Wks_libToCoNet/libToCoNet/lib/libToCoNet_JN5164.a(ToCoNet_mod_NbScan.o)
 .text.vHnd_E_STATE_SCANNING
                0x00084d82       0xa2 /cygdrive/c/TWESDK/Wks_ToCoNet/App_Tag/../../Wks_libToCoNet/libToCoNet/lib/libToCoNet_JN5164.a(ToCoNet_mod_NbScan.o)
 .text.vHnd_E_STATE_SCANNING_INIT
                0x00084e24       0x6e /cygdrive/c/TWESDK/Wks_ToCoNet/App_Tag/../../Wks_libToCoNet/libToCoNet/lib/libToCoNet_JN5164.a(ToCoNet_mod_NbScan.o)
 .text.ToCoNet_vReg_mod_TxRxQueueMid
                0x00084e92       0x84 /cygdrive/c/TWESDK/Wks_ToCoNet/App_Tag/../../Wks_libToCoNet/libToCoNet/lib/libToCoNet_JN5164.a(ToCoNet_mod_TxRxQueue.o)
                0x00084e92                _ToCoNet_vReg_mod_TxRxQueueMid
 .text.ToCoNet_vRxProc_App
                0x00084f16       0x81 /cygdrive/c/TWESDK/Wks_ToCoNet/App_Tag/../../Wks_libToCoNet/libToCoNet/lib/libToCoNet_JN5164.a(ToCoNet_mod_Nwk_Common.o)
                0x00084f16                _ToCoNet_vRxProc_App
 .text.ToCoNet_vRxProc_Mod
                0x00084f97       0x49 /cygdrive/c/TWESDK/Wks_ToCoNet/App_Tag/../../Wks_libToCoNet/libToCoNet/lib/libToCoNet_JN5164.a(ToCoNet_mod_Nwk_Common.o)
                0x00084f97                _ToCoNet_vRxProc_Mod
 .text.u32GenRouteCtlInfo
                0x00084fe0       0x24 /cygdrive/c/TWESDK/Wks_ToCoNet/App_Tag/../../Wks_libToCoNet/libToCoNet/lib/libToCoNet_JN5164.a(ToCoNet_mod_Nwk_LayerTree.o)
 .text.DupPkt_bAdd
                0x00085004       0x70 /cygdrive/c/TWESDK/Wks_ToCoNet/App_Tag/../../Wks_libToCoNet/libToCoNet/lib/libToCoNet_JN5164.a(ToCoNet_mod_Nwk_LayerTree.o)
 .text.u8UpdateXOR
                0x00085074       0x16 /cygdrive/c/TWESDK/Wks_ToCoNet/App_Tag/../../Wks_libToCoNet/libToCoNet/lib/libToCoNet_JN5164.a(ToCoNet_mod_Nwk_LayerTree.o)
 .text.vHnd_E_STATE_DISCONNECT
                0x0008508a       0x27 /cygdrive/c/TWESDK/Wks_ToCoNet/App_Tag/../../Wks_libToCoNet/libToCoNet/lib/libToCoNet_JN5164.a(ToCoNet_mod_Nwk_LayerTree.o)
 .text.vHnd_E_STATE_LOCATING
                0x000850b1      0x14a /cygdrive/c/TWESDK/Wks_ToCoNet/App_Tag/../../Wks_libToCoNet/libToCoNet/lib/libToCoNet_JN5164.a(ToCoNet_mod_Nwk_LayerTree.o)
 .text.vHnd_E_STATE_SCANNING
                0x000851fb      0x246 /cygdrive/c/TWESDK/Wks_ToCoNet/App_Tag/../../Wks_libToCoNet/libToCoNet/lib/libToCoNet_JN5164.a(ToCoNet_mod_Nwk_LayerTree.o)
 .text.ToCoNet_NwkLyTr_psConfig
                0x00085441      0x219 /cygdrive/c/TWESDK/Wks_ToCoNet/App_Tag/../../Wks_libToCoNet/libToCoNet/lib/libToCoNet_JN5164.a(ToCoNet_mod_Nwk_LayerTree.o)
                0x00085441                _ToCoNet_NwkLyTr_psConfig
 .text.ToCoNet_vReg_mod_Nwk_LayerTree
                0x0008565a       0x45 /cygdrive/c/TWESDK/Wks_ToCoNet/App_Tag/../../Wks_libToCoNet/libToCoNet/lib/libToCoNet_JN5164.a(ToCoNet_mod_Nwk_LayerTree.o)
                0x0008565a                _ToCoNet_vReg_mod_Nwk_LayerTree
 .text.DupPkt_vInit
                0x0008569f       0x1b /cygdrive/c/TWESDK/Wks_ToCoNet/App_Tag/../../Wks_libToCoNet/libToCoNet/lib/libToCoNet_JN5164.a(ToCoNet_mod_Nwk_LayerTree.o)
 .text.vHnd_E_STATE_RUNNING
                0x000856ba       0xc2 /cygdrive/c/TWESDK/Wks_ToCoNet/App_Tag/../../Wks_libToCoNet/libToCoNet/lib/libToCoNet_JN5164.a(ToCoNet_mod_Nwk_LayerTree.o)
 .text.bTxReq   0x0008577c      0x248 /cygdrive/c/TWESDK/Wks_ToCoNet/App_Tag/../../Wks_libToCoNet/libToCoNet/lib/libToCoNet_JN5164.a(ToCoNet_mod_Nwk_LayerTree.o)
 .text.ToCoNet_bNwk_Pause_LayerTree
                0x000859c4       0x78 /cygdrive/c/TWESDK/Wks_ToCoNet/App_Tag/../../Wks_libToCoNet/libToCoNet/lib/libToCoNet_JN5164.a(ToCoNet_mod_Nwk_LayerTree.o)
 .text.vProcessEvCoreNwkLayerTree
                0x00085a3c      0x5ce /cygdrive/c/TWESDK/Wks_ToCoNet/App_Tag/../../Wks_libToCoNet/libToCoNet/lib/libToCoNet_JN5164.a(ToCoNet_mod_Nwk_LayerTree.o)
                0x00085a3c                _vProcessEvCoreNwkLayerTree
 .text.ToCoNet_bNwk_Start_LayerTree
                0x0008600a       0x8f /cygdrive/c/TWESDK/Wks_ToCoNet/App_Tag/../../Wks_libToCoNet/libToCoNet/lib/libToCoNet_JN5164.a(ToCoNet_mod_Nwk_LayerTree.o)
 .text.ToCoNet_bNwk_Resume_LayerTree
                0x00086099       0x6f /cygdrive/c/TWESDK/Wks_ToCoNet/App_Tag/../../Wks_libToCoNet/libToCoNet/lib/libToCoNet_JN5164.a(ToCoNet_mod_Nwk_LayerTree.o)
 .text.ToCoNet_bNwk_Init_LayerTree
                0x00086108       0x3b /cygdrive/c/TWESDK/Wks_ToCoNet/App_Tag/../../Wks_libToCoNet/libToCoNet/lib/libToCoNet_JN5164.a(ToCoNet_mod_Nwk_LayerTree.o)
 .text.ToCoNet_bNwk_Stop_LayerTree
                0x00086143       0x67 /cygdrive/c/TWESDK/Wks_ToCoNet/App_Tag/../../Wks_libToCoNet/libToCoNet/lib/libToCoNet_JN5164.a(ToCoNet_mod_Nwk_LayerTree.o)
 .text.vHnd_E_STATE_PAUSE
                0x000861aa       0x6a /cygdrive/c/TWESDK/Wks_ToCoNet/App_Tag/../../Wks_libToCoNet/libToCoNet/lib/libToCoNet_JN5164.a(ToCoNet_mod_Nwk_LayerTree.o)
 .text.vHnd_E_STATE_IDLE
                0x00086214      0x101 /cygdrive/c/TWESDK/Wks_ToCoNet/App_Tag/../../Wks_libToCoNet/libToCoNet/lib/libToCoNet_JN5164.a(ToCoNet_mod_Nwk_LayerTree.o)
 .text.ToCoNet_ChMgr_bCh_Reconfig
                0x00086315       0x68 /cygdrive/c/TWESDK/Wks_ToCoNet/App_Tag/../../Wks_libToCoNet/libToCoNet/lib/libToCoNet_JN5164.a(ToCoNet_mod_Channel_Mgr.o)
                0x00086315                _ToCoNet_ChMgr_bCh_Reconfig
 .text.ToCoNet_ChMgr_vCh_TxFin
                0x0008637d       0x30 /cygdrive/c/TWESDK/Wks_ToCoNet/App_Tag/../../Wks_libToCoNet/libToCoNet/lib/libToCoNet_JN5164.a(ToCoNet_mod_Channel_Mgr.o)
                0x0008637d                _ToCoNet_ChMgr_vCh_TxFin
 .text.ToCoNet_ChMgr_vCh_Release
                0x000863ad       0x24 /cygdrive/c/TWESDK/Wks_ToCoNet/App_Tag/../../Wks_libToCoNet/libToCoNet/lib/libToCoNet_JN5164.a(ToCoNet_mod_Channel_Mgr.o)
                0x000863ad                _ToCoNet_ChMgr_vCh_Release
 .text.ToCoNet_ChMgr_bCh_Hold
                0x000863d1       0x36 /cygdrive/c/TWESDK/Wks_ToCoNet/App_Tag/../../Wks_libToCoNet/libToCoNet/lib/libToCoNet_JN5164.a(ToCoNet_mod_Channel_Mgr.o)
                0x000863d1                _ToCoNet_ChMgr_bCh_Hold
 .text.ToCoNet_ChMgr_bCh_Change
                0x00086407       0x28 /cygdrive/c/TWESDK/Wks_ToCoNet/App_Tag/../../Wks_libToCoNet/libToCoNet/lib/libToCoNet_JN5164.a(ToCoNet_mod_Channel_Mgr.o)
                0x00086407                _ToCoNet_ChMgr_bCh_Change
 .text.ToCoNet_ChMgr_bCh_OnTx
                0x0008642f       0x6d /cygdrive/c/TWESDK/Wks_ToCoNet/App_Tag/../../Wks_libToCoNet/libToCoNet/lib/libToCoNet_JN5164.a(ToCoNet_mod_Channel_Mgr.o)
                0x0008642f                _ToCoNet_ChMgr_bCh_OnTx
 .text.ToCoNet_ChMgr_psConfig
                0x0008649c       0x41 /cygdrive/c/TWESDK/Wks_ToCoNet/App_Tag/../../Wks_libToCoNet/libToCoNet/lib/libToCoNet_JN5164.a(ToCoNet_mod_Channel_Mgr.o)
                0x0008649c                _ToCoNet_ChMgr_psConfig
 .text.ToCoNet_vReg_mod_Channel_Mgr
                0x000864dd       0x3f /cygdrive/c/TWESDK/Wks_ToCoNet/App_Tag/../../Wks_libToCoNet/libToCoNet/lib/libToCoNet_JN5164.a(ToCoNet_mod_Channel_Mgr.o)
                0x000864dd                _ToCoNet_vReg_mod_Channel_Mgr
 .text.vProcessEvCoreChannelMgr
                0x0008651c       0x1f /cygdrive/c/TWESDK/Wks_ToCoNet/App_Tag/../../Wks_libToCoNet/libToCoNet/lib/libToCoNet_JN5164.a(ToCoNet_mod_Channel_Mgr.o)
 .text.vUpdateChList
                0x0008653b       0x64 /cygdrive/c/TWESDK/Wks_ToCoNet/App_Tag/../../Wks_libToCoNet/libToCoNet/lib/libToCoNet_JN5164.a(ToCoNet_mod_Channel_Mgr.o)
 .text.vHnd_E_STATE_RUNNING
                0x0008659f       0xd5 /cygdrive/c/TWESDK/Wks_ToCoNet/App_Tag/../../Wks_libToCoNet/libToCoNet/lib/libToCoNet_JN5164.a(ToCoNet_mod_Channel_Mgr.o)
 .text.vHnd_E_STATE_IDLE
                0x00086674       0x18 /cygdrive/c/TWESDK/Wks_ToCoNet/App_Tag/../../Wks_libToCoNet/libToCoNet/lib/libToCoNet_JN5164.a(ToCoNet_mod_Channel_Mgr.o)
 .text.vHnd_E_STATE_RUNNING
                0x0008668c        0x3 /cygdrive/c/TWESDK/Wks_ToCoNet/App_Tag/../../Wks_libToCoNet/libToCoNet/lib/libToCoNet_JN5164.a(ToCoNet_mod_Nwk_MessagePool.o)
 .text.ToCoNet_MsgPl_bRequest_w_Payload_to_Parenet
                0x0008668f       0xe7 /cygdrive/c/TWESDK/Wks_ToCoNet/App_Tag/../../Wks_libToCoNet/libToCoNet/lib/libToCoNet_JN5164.a(ToCoNet_mod_Nwk_MessagePool.o)
                0x0008668f                _ToCoNet_MsgPl_bRequest_w_Payload_to_Parenet
 .text.ToCoNet_MsgPl_bRequest
                0x00086776       0xb0 /cygdrive/c/TWESDK/Wks_ToCoNet/App_Tag/../../Wks_libToCoNet/libToCoNet/lib/libToCoNet_JN5164.a(ToCoNet_mod_Nwk_MessagePool.o)
                0x00086776                _ToCoNet_MsgPl_bRequest
 .text.ToCoNet_MsgPl_vConfig
                0x00086826       0x12 /cygdrive/c/TWESDK/Wks_ToCoNet/App_Tag/../../Wks_libToCoNet/libToCoNet/lib/libToCoNet_JN5164.a(ToCoNet_mod_Nwk_MessagePool.o)
                0x00086826                _ToCoNet_MsgPl_vConfig
 .text.ToCoNet_vReg_mod_Nwk_MessagePool
                0x00086838       0x3d /cygdrive/c/TWESDK/Wks_ToCoNet/App_Tag/../../Wks_libToCoNet/libToCoNet/lib/libToCoNet_JN5164.a(ToCoNet_mod_Nwk_MessagePool.o)
                0x00086838                _ToCoNet_vReg_mod_Nwk_MessagePool
 .text.vHnd_E_STATE_IDLE
                0x00086875        0x8 /cygdrive/c/TWESDK/Wks_ToCoNet/App_Tag/../../Wks_libToCoNet/libToCoNet/lib/libToCoNet_JN5164.a(ToCoNet_mod_Nwk_MessagePool.o)
 .text.ToCoNet_MsgPl_bSetMessage
                0x0008687d      0x105 /cygdrive/c/TWESDK/Wks_ToCoNet/App_Tag/../../Wks_libToCoNet/libToCoNet/lib/libToCoNet_JN5164.a(ToCoNet_mod_Nwk_MessagePool.o)
                0x0008687d                _ToCoNet_MsgPl_bSetMessage
 .text.vProcessEvCoreMessagePool
                0x00086982      0x267 /cygdrive/c/TWESDK/Wks_ToCoNet/App_Tag/../../Wks_libToCoNet/libToCoNet/lib/libToCoNet_JN5164.a(ToCoNet_mod_Nwk_MessagePool.o)
 .text.vFifoInit
                0x00086be9       0x14 /cygdrive/c/TWESDK/Wks_ToCoNet/App_Tag/../../Wks_libToCoNet/libToCoNet/lib/libToCoNet_JN5164.a(AppQueueApi_ToCoNet.o)
 .text.pvFifoPull
                0x00086bfd       0x23 /cygdrive/c/TWESDK/Wks_ToCoNet/App_Tag/../../Wks_libToCoNet/libToCoNet/lib/libToCoNet_JN5164.a(AppQueueApi_ToCoNet.o)
 .text.psAppQApiGetMcpsBuffer
                0x00086c20        0xc /cygdrive/c/TWESDK/Wks_ToCoNet/App_Tag/../../Wks_libToCoNet/libToCoNet/lib/libToCoNet_JN5164.a(AppQueueApi_ToCoNet.o)
 .text.psAppQApiGetMlmeBuffer
                0x00086c2c        0xc /cygdrive/c/TWESDK/Wks_ToCoNet/App_Tag/../../Wks_libToCoNet/libToCoNet/lib/libToCoNet_JN5164.a(AppQueueApi_ToCoNet.o)
 .text.psAppQApiReadHwIndT
                0x00086c38        0xc /cygdrive/c/TWESDK/Wks_ToCoNet/App_Tag/../../Wks_libToCoNet/libToCoNet/lib/libToCoNet_JN5164.a(AppQueueApi_ToCoNet.o)
                0x00086c38                _psAppQApiReadHwIndT
 .text.psAppQApiReadMcpsIndT
                0x00086c44        0xc /cygdrive/c/TWESDK/Wks_ToCoNet/App_Tag/../../Wks_libToCoNet/libToCoNet/lib/libToCoNet_JN5164.a(AppQueueApi_ToCoNet.o)
                0x00086c44                _psAppQApiReadMcpsIndT
 .text.psAppQApiReadMlmeIndT
                0x00086c50        0xc /cygdrive/c/TWESDK/Wks_ToCoNet/App_Tag/../../Wks_libToCoNet/libToCoNet/lib/libToCoNet_JN5164.a(AppQueueApi_ToCoNet.o)
                0x00086c50                _psAppQApiReadMlmeIndT
 .text.bFifoPush
                0x00086c5c       0x28 /cygdrive/c/TWESDK/Wks_ToCoNet/App_Tag/../../Wks_libToCoNet/libToCoNet/lib/libToCoNet_JN5164.a(AppQueueApi_ToCoNet.o)
 .text.vAppQApiPostMcps
                0x00086c84       0x1e /cygdrive/c/TWESDK/Wks_ToCoNet/App_Tag/../../Wks_libToCoNet/libToCoNet/lib/libToCoNet_JN5164.a(AppQueueApi_ToCoNet.o)
 .text.vAppQApiPostMlme
                0x00086ca2       0x22 /cygdrive/c/TWESDK/Wks_ToCoNet/App_Tag/../../Wks_libToCoNet/libToCoNet/lib/libToCoNet_JN5164.a(AppQueueApi_ToCoNet.o)
 .text.vAppQApiReturnHwIndBufferT
                0x00086cc4        0xe /cygdrive/c/TWESDK/Wks_ToCoNet/App_Tag/../../Wks_libToCoNet/libToCoNet/lib/libToCoNet_JN5164.a(AppQueueApi_ToCoNet.o)
                0x00086cc4                _vAppQApiReturnHwIndBufferT
 .text.vAppQApiReturnMcpsIndBufferT
                0x00086cd2        0xe /cygdrive/c/TWESDK/Wks_ToCoNet/App_Tag/../../Wks_libToCoNet/libToCoNet/lib/libToCoNet_JN5164.a(AppQueueApi_ToCoNet.o)
                0x00086cd2                _vAppQApiReturnMcpsIndBufferT
 .text.vAppQApiReturnMlmeIndBufferT
                0x00086ce0        0xe /cygdrive/c/TWESDK/Wks_ToCoNet/App_Tag/../../Wks_libToCoNet/libToCoNet/lib/libToCoNet_JN5164.a(AppQueueApi_ToCoNet.o)
                0x00086ce0                _vAppQApiReturnMlmeIndBufferT
 .text.u32AppQApiInitT
                0x00086cee      0x18f /cygdrive/c/TWESDK/Wks_ToCoNet/App_Tag/../../Wks_libToCoNet/libToCoNet/lib/libToCoNet_JN5164.a(AppQueueApi_ToCoNet.o)
                0x00086cee                _u32AppQApiInitT
 .text.vAppQApiPostHwIntT
                0x00086e7d       0x6e /cygdrive/c/TWESDK/Wks_ToCoNet/App_Tag/../../Wks_libToCoNet/libToCoNet/lib/libToCoNet_JN5164.a(AppQueueApi_ToCoNet.o)
 .text.u32AppQApiInitNetwork
                0x00086eeb       0x22 /cygdrive/c/TWESDK/Wks_ToCoNet/App_Tag/../../Wks_libToCoNet/libToCoNet/lib/libToCoNet_JN5164.a(AppQueueApi_ToCoNet.o)
                0x00086eeb                _u32AppQApiInitNetwork
 .text._ToCoNet_bRfChChannel
                0x00086f0d       0xaa /cygdrive/c/TWESDK/Wks_ToCoNet/App_Tag/../../Wks_libToCoNet/libToCoNet/lib/libToCoNetExt_JN5164.a(AppStart.o)
                0x00086f0d                __ToCoNet_bRfChChannel
 .text.AppWarmStart
                0x00086fb7       0x9d /cygdrive/c/TWESDK/Wks_ToCoNet/App_Tag/../../Wks_libToCoNet/libToCoNet/lib/libToCoNetExt_JN5164.a(AppStart.o)
                0x00086fb7                _AppWarmStart
 .text._ToCoNet_vMacInit
                0x00087054       0x2c /cygdrive/c/TWESDK/Wks_ToCoNet/App_Tag/../../Wks_libToCoNet/libToCoNet/lib/libToCoNetExt_JN5164.a(AppStart.o)
                0x00087054                __ToCoNet_vMacInit
 .text._ToCoNet_vRfConfig
                0x00087080       0xe3 /cygdrive/c/TWESDK/Wks_ToCoNet/App_Tag/../../Wks_libToCoNet/libToCoNet/lib/libToCoNetExt_JN5164.a(AppStart.o)
                0x00087080                __ToCoNet_vRfConfig
 .text.AppColdStart
                0x00087163      0x4d7 /cygdrive/c/TWESDK/Wks_ToCoNet/App_Tag/../../Wks_libToCoNet/libToCoNet/lib/libToCoNetExt_JN5164.a(AppStart.o)
                0x00087163                _AppColdStart
 .text.ToCoNet_u32GetSerialOnBoot
                0x0008763a       0x37 /cygdrive/c/TWESDK/Wks_ToCoNet/App_Tag/../../Wks_libToCoNet/libToCoNet/lib/libToCoNetExt_JN5164.a(getMacAddr.o)
                0x0008763a                _ToCoNet_u32GetSerialOnBoot
 .text.Mac_bRxQueueReg
                0x00087671       0x34 /cygdrive/c/TWESDK/Wks_ToCoNet/App_Tag/../../Wks_libToCoNet/libToCoNet/lib/libToCoNetExt_JN5164.a(mac.o)
                0x00087671                _Mac_bRxQueueReg
 .text.Mac_vSetHighDataRate
                0x000876a5        0x3 /cygdrive/c/TWESDK/Wks_ToCoNet/App_Tag/../../Wks_libToCoNet/libToCoNet/lib/libToCoNetExt_JN5164.a(mac.o)
                0x000876a5                _Mac_vSetHighDataRate
 .text.Mac_vSetCCA
                0x000876a8       0x32 /cygdrive/c/TWESDK/Wks_ToCoNet/App_Tag/../../Wks_libToCoNet/libToCoNet/lib/libToCoNetExt_JN5164.a(mac.o)
                0x000876a8                _Mac_vSetCCA
 .text.Mac_vSetRetry
                0x000876da       0x1e /cygdrive/c/TWESDK/Wks_ToCoNet/App_Tag/../../Wks_libToCoNet/libToCoNet/lib/libToCoNetExt_JN5164.a(mac.o)
                0x000876da                _Mac_vSetRetry
 .text.Mac_vReset
                0x000876f8       0x20 /cygdrive/c/TWESDK/Wks_ToCoNet/App_Tag/../../Wks_libToCoNet/libToCoNet/lib/libToCoNetExt_JN5164.a(mac.o)
                0x000876f8                _Mac_vReset
 .text.bDecodeAES
                0x00087718       0xc6 /cygdrive/c/TWESDK/Wks_ToCoNet/App_Tag/../../Wks_libToCoNet/libToCoNet/lib/libToCoNetExt_JN5164.a(mac.o)
                0x00087718                _bDecodeAES
 .text.bEncodeAES
                0x000877de       0xbb /cygdrive/c/TWESDK/Wks_ToCoNet/App_Tag/../../Wks_libToCoNet/libToCoNet/lib/libToCoNetExt_JN5164.a(mac.o)
                0x000877de                _bEncodeAES
 .text.Mac_vHandleMcpsDataInd
                0x00087899      0x2a0 /cygdrive/c/TWESDK/Wks_ToCoNet/App_Tag/../../Wks_libToCoNet/libToCoNet/lib/libToCoNetExt_JN5164.a(mac.o)
                0x00087899                _Mac_vHandleMcpsDataInd
 .text.Mac_bSecureInit
                0x00087b39        0xc /cygdrive/c/TWESDK/Wks_ToCoNet/App_Tag/../../Wks_libToCoNet/libToCoNet/lib/libToCoNetExt_JN5164.a(mac.o)
                0x00087b39                _Mac_bSecureInit
 .text.Mac_vInit
                0x00087b45       0x41 /cygdrive/c/TWESDK/Wks_ToCoNet/App_Tag/../../Wks_libToCoNet/libToCoNet/lib/libToCoNetExt_JN5164.a(mac.o)
                0x00087b45                _Mac_vInit
 .text.Mac_bTransmit
                0x00087b86      0x1ee /cygdrive/c/TWESDK/Wks_ToCoNet/App_Tag/../../Wks_libToCoNet/libToCoNet/lib/libToCoNetExt_JN5164.a(mac.o)
                0x00087b86                _Mac_bTransmit
 .text.bAES_CCM_Encode
                0x00087d74       0x1e /cygdrive/c/TWESDK/Wks_ToCoNet/App_Tag/../../Wks_libToCoNet/libToCoNet/lib/libToCoNetExt_JN5164.a(AES_CCM.o)
                0x00087d74                _bAES_CCM_Encode
 .text.bAES_CCM_Decode
                0x00087d92       0x1e /cygdrive/c/TWESDK/Wks_ToCoNet/App_Tag/../../Wks_libToCoNet/libToCoNet/lib/libToCoNetExt_JN5164.a(AES_CCM.o)
                0x00087d92                _bAES_CCM_Decode
 .text.bAES_CCM_KeyReg
                0x00087db0       0x4a /cygdrive/c/TWESDK/Wks_ToCoNet/App_Tag/../../Wks_libToCoNet/libToCoNet/lib/libToCoNetExt_JN5164.a(AES_CCM.o)
                0x00087db0                _bAES_CCM_KeyReg
 .text.bAES_CCM_DecodeKey
                0x00087dfa       0x6b /cygdrive/c/TWESDK/Wks_ToCoNet/App_Tag/../../Wks_libToCoNet/libToCoNet/lib/libToCoNetExt_JN5164.a(AES_CCM.o)
                0x00087dfa                _bAES_CCM_DecodeKey
 .text.bAES_CCM_EncodeKey
                0x00087e65       0x5c /cygdrive/c/TWESDK/Wks_ToCoNet/App_Tag/../../Wks_libToCoNet/libToCoNet/lib/libToCoNetExt_JN5164.a(AES_CCM.o)
                0x00087e65                _bAES_CCM_EncodeKey
 .text.EEP_6x_bRead
                0x00087ec1       0x48 /cygdrive/c/TWESDK/Wks_ToCoNet/App_Tag/../../Wks_libToCoNet/libToCoNet/lib/libToCoNetExt_JN5164.a(eeprom_6x.o)
                0x00087ec1                _EEP_6x_bRead
 .text.EEP_6x_bWrite
                0x00087f09       0x7b /cygdrive/c/TWESDK/Wks_ToCoNet/App_Tag/../../Wks_libToCoNet/libToCoNet/lib/libToCoNetExt_JN5164.a(eeprom_6x.o)
                0x00087f09                _EEP_6x_bWrite
 .text.vInstallNoAckHandler
                0x00087f84       0x2a /cygdrive/c/TWESDK/Wks_ToCoNet/App_Tag/../../Wks_libToCoNet/libToCoNet/lib/libToCoNetExt_JN5164.a(no_ack_handler.o)
                0x00087f84                _vInstallNoAckHandler
 .text.vHandlerPatch
                0x00087fae       0x38 /cygdrive/c/TWESDK/Wks_ToCoNet/App_Tag/../../Wks_libToCoNet/libToCoNet/lib/libToCoNetExt_JN5164.a(no_ack_handler.o)
 .text.bAHI_ReadIndexSectorPage
                0x00087fe6       0x4a /cygdrive/c/TWESDK/Wks_ToCoNet/App_Tag/../../Wks_libToCoNet/libToCoNet/lib/libToCoNetExt_JN5164.a(AHI_FlashIndexSector.o)
                0x00087fe6                _bAHI_ReadIndexSectorPage
 .text.bAHI_ReadUserData
                0x00088030       0x2a /cygdrive/c/TWESDK/Wks_ToCoNet/App_Tag/../../Wks_libToCoNet/libToCoNet/lib/libToCoNetExt_JN5164.a(AHI_FlashIndexSector.o)
                0x00088030                _bAHI_ReadUserData
 .text.bAHI_ReadIndexSectorBit
                0x0008805a       0x39 /cygdrive/c/TWESDK/Wks_ToCoNet/App_Tag/../../Wks_libToCoNet/libToCoNet/lib/libToCoNetExt_JN5164.a(AHI_FlashIndexSector.o)
                0x0008805a                _bAHI_ReadIndexSectorBit
 .text.u32AHI_ReadIndexSectorBits
                0x00088093       0x37 /cygdrive/c/TWESDK/Wks_ToCoNet/App_Tag/../../Wks_libToCoNet/libToCoNet/lib/libToCoNetExt_JN5164.a(AHI_FlashIndexSector.o)
                0x00088093                _u32AHI_ReadIndexSectorBits
 .text.bAHI_ReadCustomerSettings
                0x000880ca       0x9b /cygdrive/c/TWESDK/Wks_ToCoNet/App_Tag/../../Wks_libToCoNet/libToCoNet/lib/libToCoNetExt_JN5164.a(AHI_FlashIndexSector.o)
                0x000880ca                _bAHI_ReadCustomerSettings
 .text.bAHI_ReadMACID
                0x00088165       0x46 /cygdrive/c/TWESDK/Wks_ToCoNet/App_Tag/../../Wks_libToCoNet/libToCoNet/lib/libToCoNetExt_JN5164.a(AHI_FlashIndexSector.o)
                0x00088165                _bAHI_ReadMACID
 .text.bPDM_InitialiseEEPROM
                0x000881ab       0x4d /cygdrive/c/TWESDK/Wks_ToCoNet/App_Tag/../../Wks_libToCoNet/libToCoNet/lib/libToCoNetExt_JN5164.a(PDM_EEPROM.o)
                0x000881ab                _bPDM_InitialiseEEPROM
 .text.vPDM_WriteEEPROMfixSegmentData
                0x000881f8       0x3e /cygdrive/c/TWESDK/Wks_ToCoNet/App_Tag/../../Wks_libToCoNet/libToCoNet/lib/libToCoNetExt_JN5164.a(PDM_EEPROM.o)
                0x000881f8                _vPDM_WriteEEPROMfixSegmentData
 .text.SERIAL_bTxQueueEmpty
                0x00088236       0x18 /cygdrive/c/TWESDK/Wks_ToCoNet/App_Tag/../../Wks_libToCoNet/libToCoNet/lib/libToCoNetUtils_JN5164.a(serial.o)
                0x00088236                _SERIAL_bTxQueueEmpty
 .text.SERIAL_bRxQueueEmpty
                0x0008824e       0x18 /cygdrive/c/TWESDK/Wks_ToCoNet/App_Tag/../../Wks_libToCoNet/libToCoNet/lib/libToCoNetUtils_JN5164.a(serial.o)
                0x0008824e                _SERIAL_bRxQueueEmpty
 .text.SERIAL_vTxReady
                0x00088266       0x36 /cygdrive/c/TWESDK/Wks_ToCoNet/App_Tag/../../Wks_libToCoNet/libToCoNet/lib/libToCoNetUtils_JN5164.a(serial.o)
                0x00088266                _SERIAL_vTxReady
 .text.SERIAL_vFlush
                0x0008829c       0x39 /cygdrive/c/TWESDK/Wks_ToCoNet/App_Tag/../../Wks_libToCoNet/libToCoNet/lib/libToCoNetUtils_JN5164.a(serial.o)
                0x0008829c                _SERIAL_vFlush
 .text.SERIAL_i16RxChar
                0x000882d5       0x4c /cygdrive/c/TWESDK/Wks_ToCoNet/App_Tag/../../Wks_libToCoNet/libToCoNet/lib/libToCoNetUtils_JN5164.a(serial.o)
                0x000882d5                _SERIAL_i16RxChar
 .text.SERIAL_bTxChar
                0x00088321       0x73 /cygdrive/c/TWESDK/Wks_ToCoNet/App_Tag/../../Wks_libToCoNet/libToCoNet/lib/libToCoNetUtils_JN5164.a(serial.o)
                0x00088321                _SERIAL_bTxChar
 .text.SERIAL_vInitEx
                0x00088394       0x90 /cygdrive/c/TWESDK/Wks_ToCoNet/App_Tag/../../Wks_libToCoNet/libToCoNet/lib/libToCoNetUtils_JN5164.a(serial.o)
                0x00088394                _SERIAL_vInitEx
 .text.SERIAL_vInit
                0x00088424        0x8 /cygdrive/c/TWESDK/Wks_ToCoNet/App_Tag/../../Wks_libToCoNet/libToCoNet/lib/libToCoNetUtils_JN5164.a(serial.o)
                0x00088424                _SERIAL_vInit
 .text.vRxChar  0x0008842c       0x3e /cygdrive/c/TWESDK/Wks_ToCoNet/App_Tag/../../Wks_libToCoNet/libToCoNet/lib/libToCoNetUtils_JN5164.a(serial.o)
 .text.UART_vSetTxInterrupt
                0x0008846a       0x1a /cygdrive/c/TWESDK/Wks_ToCoNet/App_Tag/../../Wks_libToCoNet/libToCoNet/lib/libToCoNetUtils_JN5164.a(uart.o)
                0x0008846a                _UART_vSetTxInterrupt
 .text.UART_bTxReady
                0x00088484        0xf /cygdrive/c/TWESDK/Wks_ToCoNet/App_Tag/../../Wks_libToCoNet/libToCoNet/lib/libToCoNetUtils_JN5164.a(uart.o)
                0x00088484                _UART_bTxReady
 .text.UART_vTxChar
                0x00088493        0x6 /cygdrive/c/TWESDK/Wks_ToCoNet/App_Tag/../../Wks_libToCoNet/libToCoNet/lib/libToCoNetUtils_JN5164.a(uart.o)
                0x00088493                _UART_vTxChar
 .text.UART_vRtsStartFlow
                0x00088499       0x22 /cygdrive/c/TWESDK/Wks_ToCoNet/App_Tag/../../Wks_libToCoNet/libToCoNet/lib/libToCoNetUtils_JN5164.a(uart.o)
                0x00088499                _UART_vRtsStartFlow
 .text.UART_vRtsStopFlow
                0x000884bb       0x22 /cygdrive/c/TWESDK/Wks_ToCoNet/App_Tag/../../Wks_libToCoNet/libToCoNet/lib/libToCoNetUtils_JN5164.a(uart.o)
                0x000884bb                _UART_vRtsStopFlow
 .text.UART_vInit
                0x000884dd      0x1c3 /cygdrive/c/TWESDK/Wks_ToCoNet/App_Tag/../../Wks_libToCoNet/libToCoNet/lib/libToCoNetUtils_JN5164.a(uart.o)
                0x000884dd                _UART_vInit
 .text.UART_vHandleUartInterrupt
                0x000886a0       0x8e /cygdrive/c/TWESDK/Wks_ToCoNet/App_Tag/../../Wks_libToCoNet/libToCoNet/lib/libToCoNetUtils_JN5164.a(uart.o)
 .text.QUEUE__vInit
                0x0008872e       0x12 /cygdrive/c/TWESDK/Wks_ToCoNet/App_Tag/../../Wks_libToCoNet/libToCoNet/lib/libToCoNetUtils_JN5164.a(ByteQueue.o)
                0x0008872e                _QUEUE__vInit
 .text.QUEUE__bEmpty
                0x00088740        0xe /cygdrive/c/TWESDK/Wks_ToCoNet/App_Tag/../../Wks_libToCoNet/libToCoNet/lib/libToCoNetUtils_JN5164.a(ByteQueue.o)
                0x00088740                _QUEUE__bEmpty
 .text.QUEUE__bFull
                0x0008874e       0x11 /cygdrive/c/TWESDK/Wks_ToCoNet/App_Tag/../../Wks_libToCoNet/libToCoNet/lib/libToCoNetUtils_JN5164.a(ByteQueue.o)
                0x0008874e                _QUEUE__bFull
 .text.QUEUE__u16Count
                0x0008875f        0x6 /cygdrive/c/TWESDK/Wks_ToCoNet/App_Tag/../../Wks_libToCoNet/libToCoNet/lib/libToCoNetUtils_JN5164.a(ByteQueue.o)
                0x0008875f                _QUEUE__u16Count
 .text.QUEUE__vFlush
                0x00088765       0x26 /cygdrive/c/TWESDK/Wks_ToCoNet/App_Tag/../../Wks_libToCoNet/libToCoNet/lib/libToCoNetUtils_JN5164.a(ByteQueue.o)
                0x00088765                _QUEUE__vFlush
 .text.QUEUE__u8RemoveItem
                0x0008878b       0x66 /cygdrive/c/TWESDK/Wks_ToCoNet/App_Tag/../../Wks_libToCoNet/libToCoNet/lib/libToCoNetUtils_JN5164.a(ByteQueue.o)
                0x0008878b                _QUEUE__u8RemoveItem
 .text.QUEUE__vAddItem
                0x000887f1       0x66 /cygdrive/c/TWESDK/Wks_ToCoNet/App_Tag/../../Wks_libToCoNet/libToCoNet/lib/libToCoNetUtils_JN5164.a(ByteQueue.o)
                0x000887f1                _QUEUE__vAddItem
 .text.u8CCITT8
                0x00088857       0x23 /cygdrive/c/TWESDK/Wks_ToCoNet/App_Tag/../../Wks_libToCoNet/libToCoNet/lib/libToCoNetUtils_JN5164.a(ccitt8.o)
                0x00088857                _u8CCITT8
 .text.vPrintString
                0x0008887a       0x7d /cygdrive/c/TWESDK/Wks_ToCoNet/App_Tag/../../Wks_libToCoNet/libToCoNet/lib/libToCoNetUtils_JN5164.a(fprintf.o)
 .text.vPrintInteger
                0x000888f7       0xac /cygdrive/c/TWESDK/Wks_ToCoNet/App_Tag/../../Wks_libToCoNet/libToCoNet/lib/libToCoNetUtils_JN5164.a(fprintf.o)
 .text.vfPrintf
                0x000889a3      0x1d4 /cygdrive/c/TWESDK/Wks_ToCoNet/App_Tag/../../Wks_libToCoNet/libToCoNet/lib/libToCoNetUtils_JN5164.a(fprintf.o)
                0x000889a3                _vfPrintf
 .text.SPRINTF_bPutChar
                0x00088b77       0x3b /cygdrive/c/TWESDK/Wks_ToCoNet/App_Tag/../../Wks_libToCoNet/libToCoNet/lib/libToCoNetUtils_JN5164.a(sprintf.o)
 .text.SPRINTF_vInit128
                0x00088bb2       0x30 /cygdrive/c/TWESDK/Wks_ToCoNet/App_Tag/../../Wks_libToCoNet/libToCoNet/lib/libToCoNetUtils_JN5164.a(sprintf.o)
                0x00088bb2                _SPRINTF_vInit128
 .text.SPRINTF_vRewind
                0x00088be2        0x9 /cygdrive/c/TWESDK/Wks_ToCoNet/App_Tag/../../Wks_libToCoNet/libToCoNet/lib/libToCoNetUtils_JN5164.a(sprintf.o)
                0x00088be2                _SPRINTF_vRewind
 .text.SPRINTF_pu8GetBuff
                0x00088beb        0x9 /cygdrive/c/TWESDK/Wks_ToCoNet/App_Tag/../../Wks_libToCoNet/libToCoNet/lib/libToCoNetUtils_JN5164.a(sprintf.o)
                0x00088beb                _SPRINTF_pu8GetBuff
 .text.u32string2hex
                0x00088bf4       0x5e /cygdrive/c/TWESDK/Wks_ToCoNet/App_Tag/../../Wks_libToCoNet/libToCoNet/lib/libToCoNetUtils_JN5164.a(sprintf.o)
                0x00088bf4                _u32string2hex
 .text.u32string2dec
                0x00088c52       0x61 /cygdrive/c/TWESDK/Wks_ToCoNet/App_Tag/../../Wks_libToCoNet/libToCoNet/lib/libToCoNetUtils_JN5164.a(sprintf.o)
                0x00088c52                _u32string2dec
 .text.vWait    0x00088cb3       0x19 /cygdrive/c/TWESDK/Wks_ToCoNet/App_Tag/../../Wks_libToCoNet/libToCoNet/lib/libToCoNetUtils_JN5164.a(utils.o)
                0x00088cb3                _vWait
 .text.vTimerStop
                0x00088ccc       0x39 /cygdrive/c/TWESDK/Wks_ToCoNet/App_Tag/../../Wks_libToCoNet/libToCoNet/lib/libToCoNetUtils_JN5164.a(utils.o)
                0x00088ccc                _vTimerStop
 .text.vTimerStart
                0x00088d05       0xa7 /cygdrive/c/TWESDK/Wks_ToCoNet/App_Tag/../../Wks_libToCoNet/libToCoNet/lib/libToCoNetUtils_JN5164.a(utils.o)
                0x00088d05                _vTimerStart
 .text.vTimerConfig
                0x00088dac      0x190 /cygdrive/c/TWESDK/Wks_ToCoNet/App_Tag/../../Wks_libToCoNet/libToCoNet/lib/libToCoNetUtils_JN5164.a(utils.o)
                0x00088dac                _vTimerConfig
 .text.pvAppApiDefGetMacHandle
                0x00088f3c        0x9 /cygdrive/c/TWESDK/516x/Components/Library/libAppApi_JN516x.a(AppApi.o)
                0x00088f3c                _pvAppApiDefGetMacHandle
 .text.vAppApiDefSetPrbsSeed
                0x00088f45       0x24 /cygdrive/c/TWESDK/516x/Components/Library/libAppApi_JN516x.a(AppApi.o)
                0x00088f45                _vAppApiDefSetPrbsSeed
 .text.pvAppApiDefGetMacAddrLocation
                0x00088f69        0x9 /cygdrive/c/TWESDK/516x/Components/Library/libAppApi_JN516x.a(AppApi.o)
                0x00088f69                _pvAppApiDefGetMacAddrLocation
 .text.vAppApiDefSetInterrupts
                0x00088f72       0x3d /cygdrive/c/TWESDK/516x/Components/Library/libAppApi_JN516x.a(AppApi.o)
                0x00088f72                _vAppApiDefSetInterrupts
 .text.vAppApiDefPowerUp
                0x00088faf       0x26 /cygdrive/c/TWESDK/516x/Components/Library/libAppApi_JN516x.a(AppApi.o)
                0x00088faf                _vAppApiDefPowerUp
 .text.vAppApiDefStartStack
                0x00088fd5       0x51 /cygdrive/c/TWESDK/516x/Components/Library/libAppApi_JN516x.a(AppApi.o)
                0x00088fd5                _vAppApiDefStartStack
 .text.u32AppApiDefInit
                0x00089026       0x5a /cygdrive/c/TWESDK/516x/Components/Library/libAppApi_JN516x.a(AppApi.o)
                0x00089026                _u32AppApiDefInit
 .text.eAppApiDefPlmeGet
                0x00089080       0x33 /cygdrive/c/TWESDK/516x/Components/Library/libAppApi_JN516x.a(AppApi.o)
                0x00089080                _eAppApiDefPlmeGet
 .text.vAppApiDefMcpsRequest
                0x000890b3       0x32 /cygdrive/c/TWESDK/516x/Components/Library/libAppApi_JN516x.a(AppApi.o)
                0x000890b3                _vAppApiDefMcpsRequest
 .text.vAppApiDefMlmeRequest
                0x000890e5       0x32 /cygdrive/c/TWESDK/516x/Components/Library/libAppApi_JN516x.a(AppApi.o)
                0x000890e5                _vAppApiDefMlmeRequest
 .text.eAppApiDefPlmeSet
                0x00089117       0x33 /cygdrive/c/TWESDK/516x/Components/Library/libAppApi_JN516x.a(AppApi.o)
                0x00089117                _eAppApiDefPlmeSet
 .text.vAppApiDefSaveMacSettings
                0x0008914a       0x5d /cygdrive/c/TWESDK/516x/Components/Library/libAppApi_JN516x.a(AppApiSleep.o)
                0x0008914a                _vAppApiDefSaveMacSettings
 .text.vMAC_RestoreSettings
                0x000891a7       0xc8 /cygdrive/c/TWESDK/516x/Components/Library/libAppApi_JN516x.a(AppApiSleep.o)
                0x000891a7                _vMAC_RestoreSettings
 .text.vAppApiDefRestoreMacSettings
                0x0008926f       0x25 /cygdrive/c/TWESDK/516x/Components/Library/libAppApi_JN516x.a(AppApiSleep.o)
                0x0008926f                _vAppApiDefRestoreMacSettings
 .text.vSetTimer0
                0x00089294        0xf /cygdrive/c/TWESDK/516x/Components/Library/libMac_JN516x.a(mac_main.o)
                0x00089294                _vSetTimer0
 .text.u32GetTimer0
                0x000892a3        0x7 /cygdrive/c/TWESDK/516x/Components/Library/libMac_JN516x.a(mac_main.o)
                0x000892a3                _u32GetTimer0
 .text.MAC_vXcvPhyEvtHandler
                0x000892aa       0x10 /cygdrive/c/TWESDK/516x/Components/Library/libMac_JN516x.a(mac_main.o)
                0x000892aa                _MAC_vXcvPhyEvtHandler
 .text.MAC_vXcvBbcEvtHandler
                0x000892ba       0x20 /cygdrive/c/TWESDK/516x/Components/Library/libMac_JN516x.a(mac_main.o)
                0x000892ba                _MAC_vXcvBbcEvtHandler
 .text.mac_vInitTimer0
                0x000892da       0x20 /cygdrive/c/TWESDK/516x/Components/Library/libMac_JN516x.a(mac_main.o)
                0x000892da                _mac_vInitTimer0
 .text.MAC_pvCtor
                0x000892fa       0x82 /cygdrive/c/TWESDK/516x/Components/Library/libMac_JN516x.a(mac_main.o)
                0x000892fa                _MAC_pvCtor
 .text.MAC_vHandleMcpsReqRsp
                0x0008937c       0x2d /cygdrive/c/TWESDK/516x/Components/Library/libMac_JN516x.a(mac_mcps.o)
                0x0008937c                _MAC_vHandleMcpsReqRsp
 .text.vHandleTofRequest
                0x000893a9       0x12 /cygdrive/c/TWESDK/516x/Components/Library/libMac_JN516x.a(mac_mlme.o)
 *fill*         0x000893bb        0x1 00
 .text.MAC_vHandleMlmeReqRsp
                0x000893bc       0xb4 /cygdrive/c/TWESDK/516x/Components/Library/libMac_JN516x.a(mac_mlme.o)
                0x000893bc                _MAC_vHandleMlmeReqRsp
 .text.MAC_psPibGetHandle
                0x00089470        0x7 /cygdrive/c/TWESDK/516x/Components/Library/libMac_JN516x.a(mac_pib.o)
                0x00089470                _MAC_psPibGetHandle
 .text.MAC_vPibSetShortAddr
                0x00089477        0xe /cygdrive/c/TWESDK/516x/Components/Library/libMac_JN516x.a(mac_pib.o)
                0x00089477                _MAC_vPibSetShortAddr
 .text.MAC_vPibSetPanId
                0x00089485       0x1b /cygdrive/c/TWESDK/516x/Components/Library/libMac_JN516x.a(mac_pib.o)
                0x00089485                _MAC_vPibSetPanId
 .text.MAC_vPibSetMinBe
                0x000894a0       0x1e /cygdrive/c/TWESDK/516x/Components/Library/libMac_JN516x.a(mac_pib.o)
                0x000894a0                _MAC_vPibSetMinBe
 .text.MAC_vPibSetMaxCsmaBackoffs
                0x000894be       0x21 /cygdrive/c/TWESDK/516x/Components/Library/libMac_JN516x.a(mac_pib.o)
                0x000894be                _MAC_vPibSetMaxCsmaBackoffs
 .text.MAC_vSetExtAddr
                0x000894df       0x1f /cygdrive/c/TWESDK/516x/Components/Library/libMac_JN516x.a(mac_pib.o)
                0x000894df                _MAC_vSetExtAddr
 .text.MAC_vPibSetRxOnWhenIdle
                0x000894fe       0x13 /cygdrive/c/TWESDK/516x/Components/Library/libMac_JN516x.a(mac_pib.o)
                0x000894fe                _MAC_vPibSetRxOnWhenIdle
 .text.MAC_vPibSetPromiscuousMode
                0x00089511       0x40 /cygdrive/c/TWESDK/516x/Components/Library/libMac_JN516x.a(mac_pib.o)
                0x00089511                _MAC_vPibSetPromiscuousMode
 .text.mac_vPibCmpCoordExtAddr
                0x00089551       0x29 /cygdrive/c/TWESDK/516x/Components/Library/libMac_JN516x.a(mac_pib_mlme.o)
                0x00089551                _mac_vPibCmpCoordExtAddr
 .text.mac_vPibReset
                0x0008957a       0x87 /cygdrive/c/TWESDK/516x/Components/Library/libMac_JN516x.a(mac_pib_mlme.o)
                0x0008957a                _mac_vPibReset
 .text.mac_vPibSetDefaults
                0x00089601      0x12e /cygdrive/c/TWESDK/516x/Components/Library/libMac_JN516x.a(mac_pib_mlme.o)
                0x00089601                _mac_vPibSetDefaults
 .text.vPMICreset
                0x0008972f        0xd /cygdrive/c/TWESDK/516x/Components/Library/libMac_JN516x.a(mac_pmic.o)
                0x0008972f                _vPMICreset
 .text.vPMICpostFailedAssocDcfm
                0x0008973c       0x3d /cygdrive/c/TWESDK/516x/Components/Library/libMac_JN516x.a(mac_pmic.o)
                0x0008973c                _vPMICpostFailedAssocDcfm
 .text.vPMICassocReqTO_2
                0x00089779       0x1d /cygdrive/c/TWESDK/516x/Components/Library/libMac_JN516x.a(mac_pmic.o)
 .text.vPMICassocReqFrameReceived
                0x00089796       0x79 /cygdrive/c/TWESDK/516x/Components/Library/libMac_JN516x.a(mac_pmic.o)
                0x00089796                _vPMICassocReqFrameReceived
 .text.vPMICdisassocReceived
                0x0008980f       0x93 /cygdrive/c/TWESDK/516x/Components/Library/libMac_JN516x.a(mac_pmic.o)
                0x0008980f                _vPMICdisassocReceived
 .text.vPMICassocRespFrameReceived
                0x000898a2       0x93 /cygdrive/c/TWESDK/516x/Components/Library/libMac_JN516x.a(mac_pmic.o)
                0x000898a2                _vPMICassocRespFrameReceived
 .text.vPMICassocReqTO_1
                0x00089935       0x8c /cygdrive/c/TWESDK/516x/Components/Library/libMac_JN516x.a(mac_pmic.o)
 .text.vPMICdisassociateRequest
                0x000899c1       0xf4 /cygdrive/c/TWESDK/516x/Components/Library/libMac_JN516x.a(mac_pmic.o)
                0x000899c1                _vPMICdisassociateRequest
 .text.bPMICdisassocReqSent
                0x00089ab5       0x83 /cygdrive/c/TWESDK/516x/Components/Library/libMac_JN516x.a(mac_pmic.o)
 .text.vPMICassociateResponse
                0x00089b38       0xd9 /cygdrive/c/TWESDK/516x/Components/Library/libMac_JN516x.a(mac_pmic.o)
                0x00089b38                _vPMICassociateResponse
 .text.bAssocRespSent
                0x00089c11       0x1d /cygdrive/c/TWESDK/516x/Components/Library/libMac_JN516x.a(mac_pmic.o)
 .text.vPMICassociateRequest
                0x00089c2e       0xe6 /cygdrive/c/TWESDK/516x/Components/Library/libMac_JN516x.a(mac_pmic.o)
                0x00089c2e                _vPMICassociateRequest
 .text.bPMICassocReqPollSent
                0x00089d14       0x5b /cygdrive/c/TWESDK/516x/Components/Library/libMac_JN516x.a(mac_pmic.o)
 .text.bPMICassocReqSent
                0x00089d6f       0x8d /cygdrive/c/TWESDK/516x/Components/Library/libMac_JN516x.a(mac_pmic.o)
 .text.MAC_vRegisterMlmeDcfmIndCallbacks
                0x00089dfc        0xc /cygdrive/c/TWESDK/516x/Components/Library/libMac_JN516x.a(mac_ind.o)
                0x00089dfc                _MAC_vRegisterMlmeDcfmIndCallbacks
 .text.MAC_vRegisterMcpsDcfmIndCallbacks
                0x00089e08        0xc /cygdrive/c/TWESDK/516x/Components/Library/libMac_JN516x.a(mac_ind.o)
                0x00089e08                _MAC_vRegisterMcpsDcfmIndCallbacks
 .text.mac_psDcfmIndGetBuf
                0x00089e14       0x23 /cygdrive/c/TWESDK/516x/Components/Library/libMac_JN516x.a(mac_ind.o)
                0x00089e14                _mac_psDcfmIndGetBuf
 .text.mac_eDcfmIndPost
                0x00089e37       0x21 /cygdrive/c/TWESDK/516x/Components/Library/libMac_JN516x.a(mac_ind.o)
                0x00089e37                _mac_eDcfmIndPost
 .text.eScanHandleEvt
                0x00089e58       0x2e /cygdrive/c/TWESDK/516x/Components/Library/libMac_JN516x.a(mac_scan.o)
                0x00089e58                _eScanHandleEvt
 .text.vScanHandleTimer
                0x00089e86        0x8 /cygdrive/c/TWESDK/516x/Components/Library/libMac_JN516x.a(mac_scan.o)
 .text.eGenlIllegal
                0x00089e8e        0x7 /cygdrive/c/TWESDK/516x/Components/Library/libMac_JN516x.a(mac_scan.o)
 .text.eGenlDontCare
                0x00089e95        0x5 /cygdrive/c/TWESDK/516x/Components/Library/libMac_JN516x.a(mac_scan.o)
 .text.eWEnDEdDone
                0x00089e9a       0x64 /cygdrive/c/TWESDK/516x/Components/Library/libMac_JN516x.a(mac_scan.o)
 .text.eWEnDTmrExpiry
                0x00089efe        0xb /cygdrive/c/TWESDK/516x/Components/Library/libMac_JN516x.a(mac_scan.o)
 .text.mac_eScanHandleXcvBbcEvt
                0x00089f09        0xf /cygdrive/c/TWESDK/516x/Components/Library/libMac_JN516x.a(mac_scan.o)
                0x00089f09                _mac_eScanHandleXcvBbcEvt
 .text.mac_eScanHandleXcvPhyEvt
                0x00089f18       0x12 /cygdrive/c/TWESDK/516x/Components/Library/libMac_JN516x.a(mac_scan.o)
                0x00089f18                _mac_eScanHandleXcvPhyEvt
 .text.vSetNextChannel
                0x00089f2a       0x4a /cygdrive/c/TWESDK/516x/Components/Library/libMac_JN516x.a(mac_scan.o)
 .text.mac_vScanHandleMlmeReq
                0x00089f74       0x98 /cygdrive/c/TWESDK/516x/Components/Library/libMac_JN516x.a(mac_scan.o)
                0x00089f74                _mac_vScanHandleMlmeReq
 .text.mac_eScanInit
                0x0008a00c       0x19 /cygdrive/c/TWESDK/516x/Components/Library/libMac_JN516x.a(mac_scan.o)
                0x0008a00c                _mac_eScanInit
 .text.vPostDcfm
                0x0008a025       0xe9 /cygdrive/c/TWESDK/516x/Components/Library/libMac_JN516x.a(mac_scan.o)
 .text.eWCoRRxDone
                0x0008a10e       0xb7 /cygdrive/c/TWESDK/516x/Components/Library/libMac_JN516x.a(mac_scan.o)
 .text.eGenTmrExpiry
                0x0008a1c5       0x4b /cygdrive/c/TWESDK/516x/Components/Library/libMac_JN516x.a(mac_scan.o)
 .text.eWEDTEdDone
                0x0008a210       0x1a /cygdrive/c/TWESDK/516x/Components/Library/libMac_JN516x.a(mac_scan.o)
 .text.eGenRxHdrDone
                0x0008a22a       0x13 /cygdrive/c/TWESDK/516x/Components/Library/libMac_JN516x.a(mac_scan.o)
 .text.eWONTTxDone
                0x0008a23d       0x35 /cygdrive/c/TWESDK/516x/Components/Library/libMac_JN516x.a(mac_scan.o)
 .text.eWBRTTxDone
                0x0008a272       0x21 /cygdrive/c/TWESDK/516x/Components/Library/libMac_JN516x.a(mac_scan.o)
 .text.eWBcnRxDone
                0x0008a293      0x19e /cygdrive/c/TWESDK/516x/Components/Library/libMac_JN516x.a(mac_scan.o)
 .text.bSendMacCmd
                0x0008a431       0x40 /cygdrive/c/TWESDK/516x/Components/Library/libMac_JN516x.a(mac_scan.o)
 .text.eWChCChanChgd
                0x0008a471      0x170 /cygdrive/c/TWESDK/516x/Components/Library/libMac_JN516x.a(mac_scan.o)
 .text.mac_vLPBAdjustBeaconOffset
                0x0008a5e1       0x5d /cygdrive/c/TWESDK/516x/Components/Library/libMac_JN516x.a(mac_lp.o)
                0x0008a5e1                _mac_vLPBAdjustBeaconOffset
 .text.mac_u32LPBGetBeaconTimeout
                0x0008a63e        0x9 /cygdrive/c/TWESDK/516x/Components/Library/libMac_JN516x.a(mac_lp.o)
                0x0008a63e                _mac_u32LPBGetBeaconTimeout
 .text.MAC_u32ConvertFrom16uS
                0x0008a647       0x41 /cygdrive/c/TWESDK/516x/Components/Library/libMac_JN516x.a(mac_lp.o)
                0x0008a647                _MAC_u32ConvertFrom16uS
 .text.mac_vLPBSleep
                0x0008a688       0x55 /cygdrive/c/TWESDK/516x/Components/Library/libMac_JN516x.a(mac_lp.o)
                0x0008a688                _mac_vLPBSleep
 .text.mac_vLPBStopTimer
                0x0008a6dd        0xe /cygdrive/c/TWESDK/516x/Components/Library/libMac_JN516x.a(mac_lp.o)
                0x0008a6dd                _mac_vLPBStopTimer
 .text.mac_vLPBStartTimer
                0x0008a6eb       0x88 /cygdrive/c/TWESDK/516x/Components/Library/libMac_JN516x.a(mac_lp.o)
                0x0008a6eb                _mac_vLPBStartTimer
 .text.vMCPSframeReceived
                0x0008a773       0x5a /cygdrive/c/TWESDK/516x/Components/Library/libMac_JN516x.a(MCPS.o)
                0x0008a773                _vMCPSframeReceived
 .text.bSearchQueue
                0x0008a7cd       0x36 /cygdrive/c/TWESDK/516x/Components/Library/libMac_JN516x.a(MCPS.o)
 .text.vTAM_MCPSpurgeRequest
                0x0008a803       0x64 /cygdrive/c/TWESDK/516x/Components/Library/libMac_JN516x.a(MCPS.o)
                0x0008a803                _vTAM_MCPSpurgeRequest
 .text.bMCPSframeTXcomplete
                0x0008a867       0x5a /cygdrive/c/TWESDK/516x/Components/Library/libMac_JN516x.a(MCPS.o)
 .text.vTAM_MCPSdataRequest
                0x0008a8c1       0x46 /cygdrive/c/TWESDK/516x/Components/Library/libMac_JN516x.a(MCPS.o)
                0x0008a8c1                _vTAM_MCPSdataRequest
 .text.phy_ePibGet
                0x0008a907       0x34 /cygdrive/c/TWESDK/516x/Components/Library/libMac_JN516x.a(phy_pib.o)
                0x0008a907                _phy_ePibGet
 .text.u8GetPapValue
                0x0008a93b       0x21 /cygdrive/c/TWESDK/516x/Components/Library/libMac_JN516x.a(phy_pib.o)
 .text.vPhySetChannel
                0x0008a95c       0x77 /cygdrive/c/TWESDK/516x/Components/Library/libMac_JN516x.a(phy_pib.o)
                0x0008a95c                _vPhySetChannel
 .text.phy_ePibSet
                0x0008a9d3       0x90 /cygdrive/c/TWESDK/516x/Components/Library/libMac_JN516x.a(phy_pib.o)
                0x0008a9d3                _phy_ePibSet
 .text.phy_vPibSetDefaults
                0x0008aa63       0x2c /cygdrive/c/TWESDK/516x/Components/Library/libMac_JN516x.a(phy_pib.o)
                0x0008aa63                _phy_vPibSetDefaults
 .text.bTAMinPAN
                0x0008aa8f       0x19 /cygdrive/c/TWESDK/516x/Components/Library/libMac_JN516x.a(TAM.o)
                0x0008aa8f                _bTAMinPAN
 .text.eTAMevent
                0x0008aaa8       0x1a /cygdrive/c/TWESDK/516x/Components/Library/libMac_JN516x.a(TAM.o)
                0x0008aaa8                _eTAMevent
 *fill*         0x0008aac2        0x2 00
 .text.eTAMselect
                0x0008aac4      0x154 /cygdrive/c/TWESDK/516x/Components/Library/libMac_JN516x.a(TAM.o)
                0x0008aac4                _eTAMselect
 .text.vTAM_MLMEsyncRequest
                0x0008ac18       0x17 /cygdrive/c/TWESDK/516x/Components/Library/libMac_JN516x.a(TAM.o)
                0x0008ac18                _vTAM_MLMEsyncRequest
 .text.vTAM_MLMEstartRequest
                0x0008ac2f       0x87 /cygdrive/c/TWESDK/516x/Components/Library/libMac_JN516x.a(TAM.o)
                0x0008ac2f                _vTAM_MLMEstartRequest
 .text.vTAMreset
                0x0008acb6      0x1f6 /cygdrive/c/TWESDK/516x/Components/Library/libMac_JN516x.a(TAM.o)
                0x0008acb6                _vTAMreset
 .text.vTAMCOsetCoordinator
                0x0008aeac       0x29 /cygdrive/c/TWESDK/516x/Components/Library/libMac_JN516x.a(TAMCO.o)
                0x0008aeac                _vTAMCOsetCoordinator
 .text.vTAMCOupdatePendingList
                0x0008aed5       0xbb /cygdrive/c/TWESDK/516x/Components/Library/libMac_JN516x.a(TAMCO.o)
                0x0008aed5                _vTAMCOupdatePendingList
 .text.vTAMCOreqTXinCAP
                0x0008af90       0x2f /cygdrive/c/TWESDK/516x/Components/Library/libMac_JN516x.a(TAMCO.o)
                0x0008af90                _vTAMCOreqTXinCAP
 .text.vTrySendFromDirectNoBeacon
                0x0008afbf       0x38 /cygdrive/c/TWESDK/516x/Components/Library/libMac_JN516x.a(TAMCO.o)
 .text.vTAMCOreqTXnoBeacon
                0x0008aff7       0x18 /cygdrive/c/TWESDK/516x/Components/Library/libMac_JN516x.a(TAMCO.o)
                0x0008aff7                _vTAMCOreqTXnoBeacon
 .text.vTAMCOframeRXnobeacon
                0x0008b00f       0x18 /cygdrive/c/TWESDK/516x/Components/Library/libMac_JN516x.a(TAMCO.o)
                0x0008b00f                _vTAMCOframeRXnobeacon
 .text.vTAMCOframeTXnobeacon
                0x0008b027       0x1e /cygdrive/c/TWESDK/516x/Components/Library/libMac_JN516x.a(TAMCO.o)
                0x0008b027                _vTAMCOframeTXnobeacon
 .text.vTrySendFromDirectCAP
                0x0008b045       0x25 /cygdrive/c/TWESDK/516x/Components/Library/libMac_JN516x.a(TAMCO.o)
 .text.vTAMCOframeRXcap
                0x0008b06a       0x18 /cygdrive/c/TWESDK/516x/Components/Library/libMac_JN516x.a(TAMCO.o)
                0x0008b06a                _vTAMCOframeRXcap
 .text.vTAMCOframeRXgoingIdle
                0x0008b082       0x1c /cygdrive/c/TWESDK/516x/Components/Library/libMac_JN516x.a(TAMCO.o)
                0x0008b082                _vTAMCOframeRXgoingIdle
 .text.vTAMCOframeTXcap
                0x0008b09e       0x30 /cygdrive/c/TWESDK/516x/Components/Library/libMac_JN516x.a(TAMCO.o)
                0x0008b09e                _vTAMCOframeTXcap
 .text.vTAMCOframeTXgoingIdle
                0x0008b0ce       0x1b /cygdrive/c/TWESDK/516x/Components/Library/libMac_JN516x.a(TAMCO.o)
                0x0008b0ce                _vTAMCOframeTXgoingIdle
 .text.vTAMCOint2Fired
                0x0008b0e9       0x22 /cygdrive/c/TWESDK/516x/Components/Library/libMac_JN516x.a(TAMCO.o)
                0x0008b0e9                _vTAMCOint2Fired
 .text.vTAMCOframeTXbeacon
                0x0008b10b       0xc9 /cygdrive/c/TWESDK/516x/Components/Library/libMac_JN516x.a(TAMCO.o)
                0x0008b10b                _vTAMCOframeTXbeacon
 .text.vTAMCOint1Fired
                0x0008b1d4       0xef /cygdrive/c/TWESDK/516x/Components/Library/libMac_JN516x.a(TAMCO.o)
                0x0008b1d4                _vTAMCOint1Fired
 .text.vTAMCOint1FiredCAP
                0x0008b2c3       0x7f /cygdrive/c/TWESDK/516x/Components/Library/libMac_JN516x.a(TAMCO.o)
                0x0008b2c3                _vTAMCOint1FiredCAP
 .text.vTAMCOstartBeacon
                0x0008b342       0x41 /cygdrive/c/TWESDK/516x/Components/Library/libMac_JN516x.a(TAMCO.o)
                0x0008b342                _vTAMCOstartBeacon
 .text.vStartStoreValues
                0x0008b383       0xbc /cygdrive/c/TWESDK/516x/Components/Library/libMac_JN516x.a(TAMCO.o)
 .text.bStartCallback
                0x0008b43f       0x2f /cygdrive/c/TWESDK/516x/Components/Library/libMac_JN516x.a(TAMCO.o)
 .text.vTAMCO_MLMEstartRequest
                0x0008b46e      0x11e /cygdrive/c/TWESDK/516x/Components/Library/libMac_JN516x.a(TAMCO.o)
                0x0008b46e                _vTAMCO_MLMEstartRequest
 .text.vTAMCOframeStarting
                0x0008b58c       0x1e /cygdrive/c/TWESDK/516x/Components/Library/libMac_JN516x.a(TAMCO.o)
                0x0008b58c                _vTAMCOframeStarting
 .text.vTAMDEdetermineNullState
                0x0008b5aa       0x1d /cygdrive/c/TWESDK/516x/Components/Library/libMac_JN516x.a(TAMDE.o)
                0x0008b5aa                _vTAMDEdetermineNullState
 .text.vSetPHYfromMacValue
                0x0008b5c7       0x45 /cygdrive/c/TWESDK/516x/Components/Library/libMac_JN516x.a(TAMDE.o)
 .text.vTAMDEint1FiredWaitDR
                0x0008b60c       0x20 /cygdrive/c/TWESDK/516x/Components/Library/libMac_JN516x.a(TAMDE.o)
                0x0008b60c                _vTAMDEint1FiredWaitDR
 .text.vTAMDEstartSync
                0x0008b62c       0x86 /cygdrive/c/TWESDK/516x/Components/Library/libMac_JN516x.a(TAMDE.o)
                0x0008b62c                _vTAMDEstartSync
 .text.vTAMDE_MLMEsyncRequest
                0x0008b6b2       0x30 /cygdrive/c/TWESDK/516x/Components/Library/libMac_JN516x.a(TAMDE.o)
                0x0008b6b2                _vTAMDE_MLMEsyncRequest
 .text.vTrySendUnslotted
                0x0008b6e2       0x23 /cygdrive/c/TWESDK/516x/Components/Library/libMac_JN516x.a(TAMDE.o)
 .text.vDeterminePowerState
                0x0008b705       0x98 /cygdrive/c/TWESDK/516x/Components/Library/libMac_JN516x.a(TAMDE.o)
 .text.vTAMDEreqTXnullTrackingCAP
                0x0008b79d       0x1c /cygdrive/c/TWESDK/516x/Components/Library/libMac_JN516x.a(TAMDE.o)
                0x0008b79d                _vTAMDEreqTXnullTrackingCAP
 .text.vTAMDEint2FiredTrackingDR
                0x0008b7b9       0x2b /cygdrive/c/TWESDK/516x/Components/Library/libMac_JN516x.a(TAMDE.o)
                0x0008b7b9                _vTAMDEint2FiredTrackingDR
 .text.vTAMDEframeTXDEnull
                0x0008b7e4       0x28 /cygdrive/c/TWESDK/516x/Components/Library/libMac_JN516x.a(TAMDE.o)
                0x0008b7e4                _vTAMDEframeTXDEnull
 .text.vTAMDEframeTXtrackingCAPgts
                0x0008b80c       0x34 /cygdrive/c/TWESDK/516x/Components/Library/libMac_JN516x.a(TAMDE.o)
                0x0008b80c                _vTAMDEframeTXtrackingCAPgts
 .text.vTAMDEframeRX
                0x0008b840       0x30 /cygdrive/c/TWESDK/516x/Components/Library/libMac_JN516x.a(TAMDE.o)
                0x0008b840                _vTAMDEframeRX
 .text.vTAMDEframePreSyncReq
                0x0008b870       0x21 /cygdrive/c/TWESDK/516x/Components/Library/libMac_JN516x.a(TAMDE.o)
                0x0008b870                _vTAMDEframePreSyncReq
 .text.bSendDataRequest
                0x0008b891      0x113 /cygdrive/c/TWESDK/516x/Components/Library/libMac_JN516x.a(TAMDE.o)
 .text.vTAMDEframeRXtrackingDR
                0x0008b9a4       0x47 /cygdrive/c/TWESDK/516x/Components/Library/libMac_JN516x.a(TAMDE.o)
                0x0008b9a4                _vTAMDEframeRXtrackingDR
 .text.vTAMDEint2FiredPollActive
                0x0008b9eb       0x34 /cygdrive/c/TWESDK/516x/Components/Library/libMac_JN516x.a(TAMDE.o)
                0x0008b9eb                _vTAMDEint2FiredPollActive
 .text.vTAMDEframeTXtrackingDR
                0x0008ba1f       0x6b /cygdrive/c/TWESDK/516x/Components/Library/libMac_JN516x.a(TAMDE.o)
                0x0008ba1f                _vTAMDEframeTXtrackingDR
 .text.vTAMDEint1FiredTracking
                0x0008ba8a       0x6f /cygdrive/c/TWESDK/516x/Components/Library/libMac_JN516x.a(TAMDE.o)
                0x0008ba8a                _vTAMDEint1FiredTracking
 .text.vTAMDEint1FiredTrackingCAPgts
                0x0008baf9       0xca /cygdrive/c/TWESDK/516x/Components/Library/libMac_JN516x.a(TAMDE.o)
                0x0008baf9                _vTAMDEint1FiredTrackingCAPgts
 .text.vTAMDEint1FiredTrackingBeacon
                0x0008bbc3       0xa7 /cygdrive/c/TWESDK/516x/Components/Library/libMac_JN516x.a(TAMDE.o)
                0x0008bbc3                _vTAMDEint1FiredTrackingBeacon
 .text.bProcessBeaconRX
                0x0008bc6a       0xe6 /cygdrive/c/TWESDK/516x/Components/Library/libMac_JN516x.a(TAMDE.o)
 .text.vTAMDEframeRXsyncReq
                0x0008bd50      0x26c /cygdrive/c/TWESDK/516x/Components/Library/libMac_JN516x.a(TAMDE.o)
                0x0008bd50                _vTAMDEframeRXsyncReq
 .text.vTAMDEint1FiredSyncReq
                0x0008bfbc       0x7b /cygdrive/c/TWESDK/516x/Components/Library/libMac_JN516x.a(TAMDE.o)
                0x0008bfbc                _vTAMDEint1FiredSyncReq
 .text.pvMEMget
                0x0008c037       0x27 /cygdrive/c/TWESDK/516x/Components/Library/libMac_JN516x.a(TAM_MEM.o)
                0x0008c037                _pvMEMget
 .text.vMEMreturn
                0x0008c05e       0x6a /cygdrive/c/TWESDK/516x/Components/Library/libMac_JN516x.a(TAM_MEM.o)
                0x0008c05e                _vMEMreturn
 .text.vMEMreset
                0x0008c0c8       0x70 /cygdrive/c/TWESDK/516x/Components/Library/libMac_JN516x.a(TAM_MEM.o)
                0x0008c0c8                _vMEMreset
 .text.vMLMErxEnableConfirm
                0x0008c138       0x37 /cygdrive/c/TWESDK/516x/Components/Library/libMac_JN516x.a(TAM_MLME.o)
                0x0008c138                _vMLMErxEnableConfirm
 .text.vMLMEcommStatus
                0x0008c16f       0x6e /cygdrive/c/TWESDK/516x/Components/Library/libMac_JN516x.a(TAM_MLME.o)
                0x0008c16f                _vMLMEcommStatus
 .text.vMLMEcommStatusFromFrame
                0x0008c1dd       0x47 /cygdrive/c/TWESDK/516x/Components/Library/libMac_JN516x.a(TAM_MLME.o)
                0x0008c1dd                _vMLMEcommStatusFromFrame
 .text.vMLMEsyncLoss
                0x0008c224       0x38 /cygdrive/c/TWESDK/516x/Components/Library/libMac_JN516x.a(TAM_MLME.o)
                0x0008c224                _vMLMEsyncLoss
 .text.vMLMEbeaconNotify
                0x0008c25c      0x17c /cygdrive/c/TWESDK/516x/Components/Library/libMac_JN516x.a(TAM_MLME.o)
                0x0008c25c                _vMLMEbeaconNotify
 .text.vTAHsetCutOff
                0x0008c3d8        0xa /cygdrive/c/TWESDK/516x/Components/Library/libMac_JN516x.a(TAM_TAH.o)
                0x0008c3d8                _vTAHsetCutOff
 .text.vTAHsetSyncLock
                0x0008c3e2       0x18 /cygdrive/c/TWESDK/516x/Components/Library/libMac_JN516x.a(TAM_TAH.o)
                0x0008c3e2                _vTAHsetSyncLock
 .text.vTAHsetPhyStateDirect
                0x0008c3fa       0x33 /cygdrive/c/TWESDK/516x/Components/Library/libMac_JN516x.a(TAM_TAH.o)
                0x0008c3fa                _vTAHsetPhyStateDirect
 .text.vTAHsetPhyState
                0x0008c42d       0x35 /cygdrive/c/TWESDK/516x/Components/Library/libMac_JN516x.a(TAM_TAH.o)
                0x0008c42d                _vTAHsetPhyState
 .text.vTAIdisableInterrupt
                0x0008c462       0x10 /cygdrive/c/TWESDK/516x/Components/Library/libMac_JN516x.a(TAM_TAI.o)
                0x0008c462                _vTAIdisableInterrupt
 .text.vTAIsetRxEnableTime
                0x0008c472       0x1d /cygdrive/c/TWESDK/516x/Components/Library/libMac_JN516x.a(TAM_TAI.o)
                0x0008c472                _vTAIsetRxEnableTime
 .text.vTAIsetCapTime
                0x0008c48f       0x1d /cygdrive/c/TWESDK/516x/Components/Library/libMac_JN516x.a(TAM_TAI.o)
                0x0008c48f                _vTAIsetCapTime
 .text.eTATreadTXstatus
                0x0008c4ac       0x46 /cygdrive/c/TWESDK/516x/Components/Library/libMac_JN516x.a(TAM_TAT.o)
                0x0008c4ac                _eTATreadTXstatus
 .text.vTATgetFrameAddress
                0x0008c4f2       0x20 /cygdrive/c/TWESDK/516x/Components/Library/libMac_JN516x.a(TAM_TAT.o)
                0x0008c4f2                _vTATgetFrameAddress
 .text.vTATgetFramePayload
                0x0008c512       0x1d /cygdrive/c/TWESDK/516x/Components/Library/libMac_JN516x.a(TAM_TAT.o)
                0x0008c512                _vTATgetFramePayload
 .text.vTATsetBLE
                0x0008c52f       0x3e /cygdrive/c/TWESDK/516x/Components/Library/libMac_JN516x.a(TAM_TAT.o)
                0x0008c52f                _vTATsetBLE
 .text.vTATwriteAclMaterialToHardware
                0x0008c56d       0x2c /cygdrive/c/TWESDK/516x/Components/Library/libMac_JN516x.a(TAM_TAT.o)
                0x0008c56d                _vTATwriteAclMaterialToHardware
 .text.bIsBbcSafeForTx
                0x0008c599       0x2d /cygdrive/c/TWESDK/516x/Components/Library/libMac_JN516x.a(TAM_TAT.o)
                0x0008c599                _bIsBbcSafeForTx
 .text.vTATstartReceiveAt
                0x0008c5c6       0x1e /cygdrive/c/TWESDK/516x/Components/Library/libMac_JN516x.a(TAM_TAT.o)
                0x0008c5c6                _vTATstartReceiveAt
 .text.vWriteFrame
                0x0008c5e4       0x7d /cygdrive/c/TWESDK/516x/Components/Library/libMac_JN516x.a(TAM_TAT.o)
 .text.bTATsendFrame
                0x0008c661       0x5a /cygdrive/c/TWESDK/516x/Components/Library/libMac_JN516x.a(TAM_TAT.o)
                0x0008c661                _bTATsendFrame
 .text.bTATsendFrameAt
                0x0008c6bb       0x48 /cygdrive/c/TWESDK/516x/Components/Library/libMac_JN516x.a(TAM_TAT.o)
                0x0008c6bb                _bTATsendFrameAt
 .text.bTACassessBeaconForPayload
                0x0008c703       0x4c /cygdrive/c/TWESDK/516x/Components/Library/libMac_JN516x.a(TAMcommon.o)
                0x0008c703                _bTACassessBeaconForPayload
 .text.bTACframeInProgress
                0x0008c74f       0x27 /cygdrive/c/TWESDK/516x/Components/Library/libMac_JN516x.a(TAMcommon.o)
                0x0008c74f                _bTACframeInProgress
 .text.vTACu16ToPayloadM
                0x0008c776        0xc /cygdrive/c/TWESDK/516x/Components/Library/libMac_JN516x.a(TAMcommon.o)
                0x0008c776                _vTACu16ToPayloadM
 .text.vTACu32ToPayloadM
                0x0008c782       0x18 /cygdrive/c/TWESDK/516x/Components/Library/libMac_JN516x.a(TAMcommon.o)
                0x0008c782                _vTACu32ToPayloadM
 .text.u16TACpayloadToU16M
                0x0008c79a        0xf /cygdrive/c/TWESDK/516x/Components/Library/libMac_JN516x.a(TAMcommon.o)
                0x0008c79a                _u16TACpayloadToU16M
 .text.u32TACpayloadToU32M
                0x0008c7a9       0x23 /cygdrive/c/TWESDK/516x/Components/Library/libMac_JN516x.a(TAMcommon.o)
                0x0008c7a9                _u32TACpayloadToU32M
 .text.u8TACgetHeaderSize
                0x0008c7cc       0x26 /cygdrive/c/TWESDK/516x/Components/Library/libMac_JN516x.a(TAMcommon.o)
                0x0008c7cc                _u8TACgetHeaderSize
 .text.vTACsetTxFrameDefaults
                0x0008c7f2       0x2a /cygdrive/c/TWESDK/516x/Components/Library/libMac_JN516x.a(TAMcommon.o)
                0x0008c7f2                _vTACsetTxFrameDefaults
 .text.vTACcheckPollResponse
                0x0008c81c       0x37 /cygdrive/c/TWESDK/516x/Components/Library/libMac_JN516x.a(TAMcommon.o)
                0x0008c81c                _vTACcheckPollResponse
 .text.bUpdateTime
                0x0008c853       0x46 /cygdrive/c/TWESDK/516x/Components/Library/libMac_JN516x.a(TAMcommon.o)
 .text.vTACbuildBeacon
                0x0008c899      0x257 /cygdrive/c/TWESDK/516x/Components/Library/libMac_JN516x.a(TAMcommon.o)
                0x0008c899                _vTACbuildBeacon
 .text.vTACsetFramePending
                0x0008caf0       0x3f /cygdrive/c/TWESDK/516x/Components/Library/libMac_JN516x.a(TAMcommon.o)
                0x0008caf0                _vTACsetFramePending
 .text.vTACsetPHYfromMacValue
                0x0008cb2f       0x2b /cygdrive/c/TWESDK/516x/Components/Library/libMac_JN516x.a(TAMcommon.o)
                0x0008cb2f                _vTACsetPHYfromMacValue
 .text.bTACcheckPANconflict
                0x0008cb5a       0xa8 /cygdrive/c/TWESDK/516x/Components/Library/libMac_JN516x.a(TAMcommon.o)
                0x0008cb5a                _bTACcheckPANconflict
 .text.bTACprocessUnexpectedBeacon
                0x0008cc02       0x6d /cygdrive/c/TWESDK/516x/Components/Library/libMac_JN516x.a(TAMcommon.o)
                0x0008cc02                _bTACprocessUnexpectedBeacon
 .text.bSendSyncLoss
                0x0008cc6f       0x1e /cygdrive/c/TWESDK/516x/Components/Library/libMac_JN516x.a(TAMcommon.o)
 .text.vTACinformOriginator
                0x0008cc8d       0x26 /cygdrive/c/TWESDK/516x/Components/Library/libMac_JN516x.a(TAMcommon.o)
                0x0008cc8d                _vTACinformOriginator
 .text.vTACintRXheader
                0x0008ccb3       0x98 /cygdrive/c/TWESDK/516x/Components/Library/libMac_JN516x.a(TAMcommon.o)
                0x0008ccb3                _vTACintRXheader
 .text.bTACprocessFrameRXcomplete
                0x0008cd4b      0x231 /cygdrive/c/TWESDK/516x/Components/Library/libMac_JN516x.a(TAMcommon.o)
                0x0008cd4b                _bTACprocessFrameRXcomplete
 .text.eTACprocessFrameTXcomplete
                0x0008cf7c      0x17c /cygdrive/c/TWESDK/516x/Components/Library/libMac_JN516x.a(TAMcommon.o)
                0x0008cf7c                _eTACprocessFrameTXcomplete
 .text.vTAMinsertEvent
                0x0008d0f8       0x6c /cygdrive/c/TWESDK/516x/Components/Library/libMac_JN516x.a(TAMevent.o)
                0x0008d0f8                _vTAMinsertEvent
 .text.vTAM_TxRetryTimeout
                0x0008d164        0x8 /cygdrive/c/TWESDK/516x/Components/Library/libMac_JN516x.a(TAMevent.o)
                0x0008d164                _vTAM_TxRetryTimeout
 .text.vTAM_QueueTxEvent
                0x0008d16c       0x11 /cygdrive/c/TWESDK/516x/Components/Library/libMac_JN516x.a(TAMevent.o)
                0x0008d16c                _vTAM_QueueTxEvent
 .text.vTAM_CancelTxRetryTimer
                0x0008d17d        0xf /cygdrive/c/TWESDK/516x/Components/Library/libMac_JN516x.a(TAMevent.o)