Archive member included because of file (symbol)

/cygdrive/c/TWESDK/Wks_ToCoNet/App_Tag/../../Wks_libToCoNet/libToCoNet/lib/libToCoNet_JN5164.a(ToCoNet_event.o)
                              objs_JN5164_SWING/EndDevice_Input.o (_PRSEV_u8Register)
/cygdrive/c/TWESDK/Wks_ToCoNet/App_Tag/../../Wks_libToCoNet/libToCoNet/lib/libToCoNet_JN5164.a(ToCoNet_main.o)
                              objs_JN5164_SWING/EndDevice_Input.o (_ToCoNet_vDebugInit)
/cygdrive/c/TWESDK/Wks_ToCoNet/App_Tag/../../Wks_libToCoNet/libToCoNet/lib/libToCoNet_JN5164.a(ToCoNet_utils.o)
                              objs_JN5164_SWING/EndDevice_Input.o (_ToCoNet_u32GetVersion)
/cygdrive/c/TWESDK/Wks_ToCoNet/App_Tag/../../Wks_libToCoNet/libToCoNet/lib/libToCoNet_JN5164.a(ToCoNet_mod_Tx.o)
                              objs_JN5164_SWING/EndDevice_Input.o (_ToCoNet_vReg_mod_Tx_Standard)
/cygdrive/c/TWESDK/Wks_ToCoNet/App_Tag/../../Wks_libToCoNet/libToCoNet/lib/libToCoNet_JN5164.a(ToCoNet_mod_TxRxQueue.o)
                              objs_JN5164_SWING/EndDevice_Input.o (_ToCoNet_vReg_mod_TxRxQueueMid)
/cygdrive/c/TWESDK/Wks_ToCoNet/App_Tag/../../Wks_libToCoNet/libToCoNet/lib/libToCoNet_JN5164.a(ToCoNet_mod_Nwk_Common.o)
                              /cygdrive/c/TWESDK/Wks_ToCoNet/App_Tag/../../Wks_libToCoNet/libToCoNet/lib/libToCoNet_JN5164.a(ToCoNet_main.o) (_ToCoNet_vRxProc_App)
/cygdrive/c/TWESDK/Wks_ToCoNet/App_Tag/../../Wks_libToCoNet/libToCoNet/lib/libToCoNet_JN5164.a(ToCoNet_mod_Nwk_LayerTree_MiniNodes.o)
                              objs_JN5164_SWING/ProcessEv_Standard.o (_ToCoNet_NwkLyTr_psConfig_MiniNodes)
/cygdrive/c/TWESDK/Wks_ToCoNet/App_Tag/../../Wks_libToCoNet/libToCoNet/lib/libToCoNet_JN5164.a(ToCoNet_mod_Channel_Mgr.o)
                              /cygdrive/c/TWESDK/Wks_ToCoNet/App_Tag/../../Wks_libToCoNet/libToCoNet/lib/libToCoNet_JN5164.a(ToCoNet_main.o) (_ToCoNet_ChMgr_bCh_Reconfig)
/cygdrive/c/TWESDK/Wks_ToCoNet/App_Tag/../../Wks_libToCoNet/libToCoNet/lib/libToCoNet_JN5164.a(Version.o)
                              /cygdrive/c/TWESDK/Wks_ToCoNet/App_Tag/../../Wks_libToCoNet/libToCoNet/lib/libToCoNet_JN5164.a(ToCoNet_utils.o) (_au8ToCoNetVersionInfo)
/cygdrive/c/TWESDK/Wks_ToCoNet/App_Tag/../../Wks_libToCoNet/libToCoNet/lib/libToCoNet_JN5164.a(AppQueueApi_ToCoNet.o)
                              /cygdrive/c/TWESDK/Wks_ToCoNet/App_Tag/../../Wks_libToCoNet/libToCoNet/lib/libToCoNet_JN5164.a(ToCoNet_main.o) (_psAppQApiReadHwIndT)
/cygdrive/c/TWESDK/Wks_ToCoNet/App_Tag/../../Wks_libToCoNet/libToCoNet/lib/libToCoNet_JN5164.a(ToCoNet_mod_Nwk_LayerTree.o)
                              /cygdrive/c/TWESDK/Wks_ToCoNet/App_Tag/../../Wks_libToCoNet/libToCoNet/lib/libToCoNet_JN5164.a(ToCoNet_mod_Nwk_LayerTree_MiniNodes.o) (_ToCoNet_NwkLyTr_psConfig)
/cygdrive/c/TWESDK/Wks_ToCoNet/App_Tag/../../Wks_libToCoNet/libToCoNet/lib/libToCoNet_JN5164.a(ToCoNet_mod_NbScan.o)
                              /cygdrive/c/TWESDK/Wks_ToCoNet/App_Tag/../../Wks_libToCoNet/libToCoNet/lib/libToCoNet_JN5164.a(ToCoNet_mod_Nwk_LayerTree.o) (_ToCoNet_NbScan_bStartToFindRole)
/cygdrive/c/TWESDK/Wks_ToCoNet/App_Tag/../../Wks_libToCoNet/libToCoNet/lib/libToCoNetExt_JN5164.a(AppStart.o)
                              /cygdrive/c/TWESDK/Wks_ToCoNet/App_Tag/../../Wks_libToCoNet/libToCoNet/lib/libToCoNet_JN5164.a(ToCoNet_mod_Channel_Mgr.o) (__ToCoNet_bRfChChannel)
/cygdrive/c/TWESDK/Wks_ToCoNet/App_Tag/../../Wks_libToCoNet/libToCoNet/lib/libToCoNetExt_JN5164.a(getMacAddr.o)
                              /cygdrive/c/TWESDK/Wks_ToCoNet/App_Tag/../../Wks_libToCoNet/libToCoNet/lib/libToCoNet_JN5164.a(ToCoNet_main.o) (_ToCoNet_u32GetSerialOnBoot)
/cygdrive/c/TWESDK/Wks_ToCoNet/App_Tag/../../Wks_libToCoNet/libToCoNet/lib/libToCoNetExt_JN5164.a(mac.o)
                              /cygdrive/c/TWESDK/Wks_ToCoNet/App_Tag/../../Wks_libToCoNet/libToCoNet/lib/libToCoNet_JN5164.a(ToCoNet_main.o) (_Mac_bRxQueueReg)
/cygdrive/c/TWESDK/Wks_ToCoNet/App_Tag/../../Wks_libToCoNet/libToCoNet/lib/libToCoNetExt_JN5164.a(AES_CCM.o)
                              /cygdrive/c/TWESDK/Wks_ToCoNet/App_Tag/../../Wks_libToCoNet/libToCoNet/lib/libToCoNetExt_JN5164.a(mac.o) (_bAES_CCM_Encode)
/cygdrive/c/TWESDK/Wks_ToCoNet/App_Tag/../../Wks_libToCoNet/libToCoNet/lib/libToCoNetExt_JN5164.a(eeprom_6x.o)
                              objs_JN5164_SWING/flash.o (_EEP_6x_bRead)
/cygdrive/c/TWESDK/Wks_ToCoNet/App_Tag/../../Wks_libToCoNet/libToCoNet/lib/libToCoNetExt_JN5164.a(no_ack_handler.o)
                              /cygdrive/c/TWESDK/Wks_ToCoNet/App_Tag/../../Wks_libToCoNet/libToCoNet/lib/libToCoNetExt_JN5164.a(AppStart.o) (_vInstallNoAckHandler)
/cygdrive/c/TWESDK/Wks_ToCoNet/App_Tag/../../Wks_libToCoNet/libToCoNet/lib/libToCoNetExt_JN5164.a(Version.o)
                              /cygdrive/c/TWESDK/Wks_ToCoNet/App_Tag/../../Wks_libToCoNet/libToCoNet/lib/libToCoNet_JN5164.a(ToCoNet_utils.o) (_au8ToCoNetExtVersionInfo)
[...]
Memory Configuration

Name             Origin             Length             Attributes
flash            0x00080000         0x00028000
ram              0x0400004c         0x00007fb4
*default*        0x00000000         0xffffffff

Linker script and memory map

LOAD objs_JN5164_SWING/EndDevice_Input.o
LOAD objs_JN5164_SWING/common.o
LOAD objs_JN5164_SWING/flash.o
LOAD objs_JN5164_SWING/adc.o
LOAD objs_JN5164_SWING/SMBus.o
LOAD objs_JN5164_SWING/BH1715.o
LOAD objs_JN5164_SWING/SHT21.o
LOAD objs_JN5164_SWING/BME280.o
LOAD objs_JN5164_SWING/S1105902.o
LOAD objs_JN5164_SWING/ADT7410.o
LOAD objs_JN5164_SWING/ADXL345.o
LOAD objs_JN5164_SWING/ADXL345_LowEnergy.o
LOAD objs_JN5164_SWING/ADXL345_AirVolume.o
LOAD objs_JN5164_SWING/ADXL345_FIFO.o
LOAD objs_JN5164_SWING/MPL115A2.o
LOAD objs_JN5164_SWING/LIS3DH.o
LOAD objs_JN5164_SWING/L3GD20.o
LOAD objs_JN5164_SWING/TSL2561.o
LOAD objs_JN5164_SWING/sensor_driver.o
LOAD objs_JN5164_SWING/MLX90614.o
LOAD objs_JN5164_SWING/PulseCounter.o
LOAD objs_JN5164_SWING/Interactive.o
LOAD objs_JN5164_SWING/input_string.o
LOAD objs_JN5164_SWING/sercmd_ascii.o
LOAD objs_JN5164_SWING/sercmd_chat.o
LOAD objs_JN5164_SWING/sercmd_plus3.o
LOAD objs_JN5164_SWING/sercmd_binary.o
LOAD objs_JN5164_SWING/ProcessEv_Standard.o
LOAD objs_JN5164_SWING/ProcessEv_Button.o
LOAD objs_JN5164_SWING/ProcessEv_Config.o
LOAD objs_JN5164_SWING/ProcessEv_ConfigMaster.o
LOAD objs_JN5164_SWING/ProcessEv_Door_Timer.o
LOAD objs_JN5164_SWING/ProcessEv_Door_Timer_Nwk.o
LOAD objs_JN5164_SWING/ProcessEv_SHT21.o
LOAD objs_JN5164_SWING/ProcessEv_BME280.o
LOAD objs_JN5164_SWING/ProcessEv_S1105902.o
LOAD objs_JN5164_SWING/ProcessEv_ADT7410.o
LOAD objs_JN5164_SWING/ProcessEv_TSL2561.o
LOAD objs_JN5164_SWING/ProcessEv_ADXL345.o
LOAD objs_JN5164_SWING/ProcessEv_ADXL345_LowEnergy.o
LOAD objs_JN5164_SWING/ProcessEv_ADXL345_AirVolume.o
LOAD objs_JN5164_SWING/ProcessEv_ADXL345_FIFO.o
LOAD objs_JN5164_SWING/ProcessEv_MPL115A2.o
LOAD objs_JN5164_SWING/ProcessEv_LIS3DH.o
LOAD objs_JN5164_SWING/ProcessEv_L3GD20.o
LOAD objs_JN5164_SWING/ProcessEv_UART.o
LOAD objs_JN5164_SWING/ProcessEv_MLX90614.o
LOAD objs_JN5164_SWING/ProcessEv_PulseCounter.o
LOAD /cygdrive/c/TWESDK/Wks_ToCoNet/App_Tag/../../Wks_libToCoNet/libToCoNet/lib/libToCoNet_JN5164.a
LOAD /cygdrive/c/TWESDK/Wks_ToCoNet/App_Tag/../../Wks_libToCoNet/libToCoNet/lib/libToCoNetExt_JN5164.a
LOAD /cygdrive/c/TWESDK/Wks_ToCoNet/App_Tag/../../Wks_libToCoNet/libToCoNet/lib/libToCoNetUtils_JN5164.a
START GROUP
LOAD /cygdrive/c/TWESDK/Tools/ba-elf-ba2/bin/../lib/gcc/ba-elf/4.1.2/../../../../ba-elf/lib/ba2/libm.a
LOAD /cygdrive/c/TWESDK/516x/Components/Library/libAppApi_JN516x.a
LOAD /cygdrive/c/TWESDK/516x/Components/Library/libMac_JN516x.a
LOAD /cygdrive/c/TWESDK/516x/Components/Library/libTof_JN516x.a
LOAD /cygdrive/c/TWESDK/516x/Components/Library/libXcv_JN516x.a
LOAD /cygdrive/c/TWESDK/516x/Components/Library/libAES_CCM_SW_PATCH_JN516x.a
LOAD /cygdrive/c/TWESDK/516x/Components/Library/libAes_JN516x.a
LOAD /cygdrive/c/TWESDK/516x/Components/Library/libTimerServer_JN516x.a
LOAD /cygdrive/c/TWESDK/516x/Components/Library/libHardwareApi_JN516x.a
LOAD /cygdrive/c/TWESDK/516x/Components/Library/libMicroSpecific_JN516x.a
LOAD /cygdrive/c/TWESDK/516x/Components/Library/libBoot_JN516x.a
LOAD /cygdrive/c/TWESDK/516x/Components/Library/libMaths_JN516x.a
LOAD /cygdrive/c/TWESDK/Wks_ToCoNet/App_Tag/../../Wks_libToCoNet/libToCoNet/lib/libToCoNet_JN5164.a
LOAD /cygdrive/c/TWESDK/Wks_ToCoNet/App_Tag/../../Wks_libToCoNet/libToCoNet/lib/libToCoNetExt_JN5164.a
LOAD /cygdrive/c/TWESDK/Wks_ToCoNet/App_Tag/../../Wks_libToCoNet/libToCoNet/lib/libToCoNetUtils_JN5164.a
END GROUP
LOAD /cygdrive/c/TWESDK/Tools/ba-elf-ba2/bin/../lib/gcc/ba-elf/4.1.2/ba2/libgcc.a
LOAD /cygdrive/c/TWESDK/Tools/ba-elf-ba2/bin/../lib/gcc/ba-elf/4.1.2/../../../../ba-elf/lib/ba2/libc.a
LOAD /cygdrive/c/TWESDK/Tools/ba-elf-ba2/bin/../lib/gcc/ba-elf/4.1.2/ba2/libgcc.a
                0x00001000                _stack_size = 0x1000
                0x00080038                __exception_vsr_table = 0x80038
                0x04000000                _pSPIflashFncTable = 0x4000000
                0x00001000                _stack_size = 0x1000
                0x00000044                restore_state = 0x44
                0x0000004a                _bZSPIWaitWIPClear = 0x4a
                0x00000050                _u16ZSPIflashRDID = 0x50
                0x00000056                _u8SelectFlashChipType = 0x56
                0x0000005c                _memcpy = 0x5c
                0x00000066                _vBootFlashProg = 0x66
                [0x00000d16]                _minimum_heap_size = DEFINED (_minimum_heap_size)?_minimum_heap_size:0xd16
                0x00000000                _SwConfig = (DEFINED (g_bSWConf_Debug) | (DEFINED (g_bSWConf_AltDebugPort) << 0x1))

.version        0x0007fffc        0x4
                0x0007fffc        0x4 LONG 0x4030008

.bir            0x00080000       0x10
                0x00080000                _flash_start = <code 342> (.)
                0x00080000                _flash_beg = <code 342> (.)
                0x00080000        0x4 LONG 0x12345678
                0x00080004        0x4 LONG 0x11223344
                0x00080008        0x4 LONG 0x55667788
                0x0008000c        0x1 BYTE 0x8
                0x0008000d        0x1 BYTE 0x1
                0x0008000e        0x2 SHORT 0x0

.flashheader    0x00080010       0x28
                0x00080010        0x4 LONG 0x0
                0x00080014        0x4 LONG 0x0
                0x00080018        0x4 LONG 0x0
                0x0008001c        0x2 SHORT 0x0
                0x0008001e        0x2 SHORT 0x0 <code 342> (_SwConfig)
                0x00080020                _enc_start = <code 342> (.)
                0x00080020        0x4 LONG 0x21ebc <code 342> (_image_len)
                0x00000000                _enc_offset = (_enc_start & 0xf)
                [0x00000020]                _enc_start = (_enc_start - _flash_beg)
                0x00080024        0x4 LONG 0xa186c <code 342> (_flash_data_start)
                0x00080028        0x2 SHORT 0x13 ((<code 342> (_ram_data_start) / 0x4) & 0xffff)
                0x0008002a        0x2 SHORT 0x194 ((<code 342> (_ram_data_len) / 0x4) & 0xffff)
                0x0008002c        0x2 SHORT 0x1a7 ((<code 342> (_bss_start) / 0x4) & 0xffff)
                0x0008002e        0x2 SHORT 0x968 ((<code 342> (_bss_len) / 0x4) & 0xffff)
                0x00080030        0x4 LONG 0x95415 <code 342> (_AppWarmStart)
                0x00080034        0x4 LONG 0x955c1 <code 342> (_AppColdStart)
                0x00000044                PROVIDE (_vException_BusError, restore_state)
                0x00000044                PROVIDE (_vException_UnalignedAccess, restore_state)
                0x00000044                PROVIDE (_vException_IllegalInstruction, restore_state)
                0x00000044                PROVIDE (_vException_SysCall, restore_state)
                0x00000044                PROVIDE (_vException_Trap, restore_state)
                0x00000044                PROVIDE (_vException_StackOverflow, restore_state)
                0x00080038                . = <code 342> (__exception_vsr_table)

.vsr_table      0x00080038       0x18
                0x00080038        0x4 LONG 0x44 <code 342> (_vException_BusError)
                0x0008003c        0x4 LONG 0x44 <code 342> (_vException_UnalignedAccess)
                0x00080040        0x4 LONG 0x44 <code 342> (_vException_IllegalInstruction)
                0x00080044        0x4 LONG 0x44 <code 342> (_vException_SysCall)
                0x00080048        0x4 LONG 0x44 <code 342> (_vException_Trap)
                0x0008004c        0x4 LONG 0x44 <code 342> (_vException_StackOverflow)

.vsr_handlers   0x00080050       0xab
 *(.vsr_handlers)
 .vsr_handlers  0x00080050       0xab /cygdrive/c/TWESDK/516x/Components/Library/libBoot_JN516x.a(ExceptionHandler.o)
                0x00080050                __exception_external_interrupt
                0x000800f9                __default_vsr_dummy

.rodata         0x00080100     0x2c69
 *(.rodata*)
 .rodata.str1.1
                0x00080100       0xbe objs_JN5164_SWING/EndDevice_Input.o
                                 0xc1 (size before relaxing)
 .rodata.str1.1
                0x000801be       0x9d objs_JN5164_SWING/common.o
 *fill*         0x0008025b        0x1 00
 .rodata.u32DioPortWakeUp
                0x0008025c        0x4 objs_JN5164_SWING/common.o
                0x0008025c                _u32DioPortWakeUp
 .rodata.au8EncKey
                0x00080260       0x10 objs_JN5164_SWING/common.o
                0x00080260                _au8EncKey
 .rodata.au8AdcSrcTable
                0x00080270        0x6 objs_JN5164_SWING/adc.o
 .rodata.au8TickWait
                0x00080276        0x2 objs_JN5164_SWING/SHT21.o
                0x00080276                _au8TickWait
 .rodata.au8TrigCmd
                0x00080278        0x2 objs_JN5164_SWING/SHT21.o
                0x00080278                _au8TrigCmd
 .rodata.S1105902_AXIS
                0x0008027a        0x4 objs_JN5164_SWING/S1105902.o
                0x0008027a                _S1105902_AXIS
 *fill*         0x0008027e        0x2 00
 .rodata.C.11.5214
                0x00080280        0xc objs_JN5164_SWING/ADXL345.o
 .rodata.C.10.5213
                0x0008028c        0x6 objs_JN5164_SWING/ADXL345.o
 .rodata.LIS3DH_AXIS
                0x00080292        0x3 objs_JN5164_SWING/LIS3DH.o
                0x00080292                _LIS3DH_AXIS
 .rodata.L3GD20_AXIS
                0x00080295        0x3 objs_JN5164_SWING/L3GD20.o
                0x00080295                _L3GD20_AXIS
 .rodata.str1.1
                0x00080298      0x793 objs_JN5164_SWING/Interactive.o
                                0x7af (size before relaxing)
 .rodata.au8name_stop.5795
                0x00080a2b        0x2 objs_JN5164_SWING/Interactive.o
 .rodata.au8name_parity.5794
                0x00080a2d        0x3 objs_JN5164_SWING/Interactive.o
 .rodata.au8name_bit.5793
                0x00080a30        0x2 objs_JN5164_SWING/Interactive.o
 .rodata.au8tbl.2213
                0x00080a32       0x11 objs_JN5164_SWING/sercmd_ascii.o
 .rodata.u8tbl.2152
                0x00080a43       0x17 objs_JN5164_SWING/sercmd_ascii.o
 .rodata.str1.1
                0x00080a5a       0x65 objs_JN5164_SWING/ProcessEv_Standard.o
                                 0x89 (size before relaxing)
 *fill*         0x00080abf        0x1 00
 .rodata.asStateFuncTbl
                0x00080ac0       0x28 objs_JN5164_SWING/ProcessEv_Standard.o
 .rodata.str1.1
                0x00080ae8       0x22 objs_JN5164_SWING/ProcessEv_Button.o
                                 0xa6 (size before relaxing)
 *fill*         0x00080b0a        0x2 00
 .rodata.asStateFuncTbl
                0x00080b0c       0x38 objs_JN5164_SWING/ProcessEv_Button.o
 .rodata.str1.1
                0x00080b44      0x190 objs_JN5164_SWING/ProcessEv_Config.o
                                0x198 (size before relaxing)
 .rodata.asStateFuncTbl
                0x00080cd4       0x38 objs_JN5164_SWING/ProcessEv_Config.o
 .rodata.str1.1
                0x00080d0c       0x4e objs_JN5164_SWING/ProcessEv_Door_Timer.o
                                 0xdb (size before relaxing)
 *fill*         0x00080d5a        0x2 00
 .rodata.asStateFuncTbl
                0x00080d5c       0x20 objs_JN5164_SWING/ProcessEv_Door_Timer.o
 .rodata.str1.1
                0x00080d7c       0x69 objs_JN5164_SWING/ProcessEv_Door_Timer_Nwk.o
 *fill*         0x00080de5        0x3 00
 .rodata.asStateFuncTbl
                0x00080de8       0x18 objs_JN5164_SWING/ProcessEv_Door_Timer_Nwk.o
 .rodata.str1.1
                0x00080e00       0xaf objs_JN5164_SWING/ProcessEv_SHT21.o
                                0x125 (size before relaxing)
 *fill*         0x00080eaf        0x1 00
 .rodata.asStateFuncTbl
                0x00080eb0       0x28 objs_JN5164_SWING/ProcessEv_SHT21.o
 .rodata.str1.1
                0x00080ed8       0x6f objs_JN5164_SWING/ProcessEv_BME280.o
                                0x161 (size before relaxing)
 *fill*         0x00080f47        0x1 00
 .rodata.asStateFuncTbl
                0x00080f48       0x30 objs_JN5164_SWING/ProcessEv_BME280.o
 .rodata.str1.1
                0x00080f78       0x45 objs_JN5164_SWING/ProcessEv_S1105902.o
                                0x137 (size before relaxing)
 *fill*         0x00080fbd        0x3 00
 .rodata.asStateFuncTbl
                0x00080fc0       0x28 objs_JN5164_SWING/ProcessEv_S1105902.o
 .rodata.str1.1
                0x00080fe8       0x2d objs_JN5164_SWING/ProcessEv_ADT7410.o
                                0x11f (size before relaxing)
 *fill*         0x00081015        0x3 00
 .rodata.asStateFuncTbl
                0x00081018       0x28 objs_JN5164_SWING/ProcessEv_ADT7410.o
 .rodata.str1.1
                0x00081040       0x34 objs_JN5164_SWING/ProcessEv_TSL2561.o
                                0x126 (size before relaxing)
 .rodata.asStateFuncTbl
                0x00081074       0x28 objs_JN5164_SWING/ProcessEv_TSL2561.o
 .rodata.str1.1
                0x0008109c      0x211 objs_JN5164_SWING/ProcessEv_ADXL345.o
                                0x2ef (size before relaxing)
 *fill*         0x000812ad        0x3 00
 .rodata.asStateFuncTbl
                0x000812b0       0x28 objs_JN5164_SWING/ProcessEv_ADXL345.o
 .rodata.str1.1
                0x000812d8       0x23 objs_JN5164_SWING/ProcessEv_ADXL345_LowEnergy.o
                                0x150 (size before relaxing)
 *fill*         0x000812fb        0x1 00
 .rodata.asStateFuncTbl
                0x000812fc       0x28 objs_JN5164_SWING/ProcessEv_ADXL345_LowEnergy.o
 .rodata.str1.1
                0x00081324       0x55 objs_JN5164_SWING/ProcessEv_ADXL345_AirVolume.o
                                0x19c (size before relaxing)
 *fill*         0x00081379        0x1 00
 .rodata.au16_Ccurve
                0x0008137a      0x802 objs_JN5164_SWING/ProcessEv_ADXL345_AirVolume.o
                0x0008137a                _au16_Ccurve
 .rodata.au16_Acurve
                0x00081b7c      0x802 objs_JN5164_SWING/ProcessEv_ADXL345_AirVolume.o
                0x00081b7c                _au16_Acurve
 *fill*         0x0008237e        0x2 00
 .rodata.asStateFuncTbl
                0x00082380       0x28 objs_JN5164_SWING/ProcessEv_ADXL345_AirVolume.o
 .rodata.str1.1
                0x000823a8       0x26 objs_JN5164_SWING/ProcessEv_ADXL345_FIFO.o
                                0x145 (size before relaxing)
 *fill*         0x000823ce        0x2 00
 .rodata.asStateFuncTbl
                0x000823d0       0x28 objs_JN5164_SWING/ProcessEv_ADXL345_FIFO.o
 .rodata.str1.1
                0x000823f8       0x2c objs_JN5164_SWING/ProcessEv_MPL115A2.o
                                0x11e (size before relaxing)
 .rodata.asStateFuncTbl
                0x00082424       0x28 objs_JN5164_SWING/ProcessEv_MPL115A2.o
 .rodata.str1.1
                0x0008244c       0x39 objs_JN5164_SWING/ProcessEv_LIS3DH.o
                                0x12b (size before relaxing)
 *fill*         0x00082485        0x3 00
 .rodata.asStateFuncTbl
                0x00082488       0x28 objs_JN5164_SWING/ProcessEv_LIS3DH.o
 .rodata.C.15.4837
                0x000824b0        0x4 objs_JN5164_SWING/ProcessEv_LIS3DH.o
 .rodata.str1.1
                0x000824b4       0x39 objs_JN5164_SWING/ProcessEv_L3GD20.o
                                0x12b (size before relaxing)
 *fill*         0x000824ed        0x3 00
 .rodata.asStateFuncTbl
                0x000824f0       0x28 objs_JN5164_SWING/ProcessEv_L3GD20.o
 .rodata.C.15.4839
                0x00082518        0x4 objs_JN5164_SWING/ProcessEv_L3GD20.o
 .rodata.str1.1
                0x0008251c       0x77 objs_JN5164_SWING/ProcessEv_UART.o
                                0x149 (size before relaxing)
 *fill*         0x00082593        0x1 00
 .rodata.asStateFuncTbl
                0x00082594       0x38 objs_JN5164_SWING/ProcessEv_UART.o
 .rodata.str1.1
                0x000825cc       0x2f objs_JN5164_SWING/ProcessEv_MLX90614.o
                                0x121 (size before relaxing)
 *fill*         0x000825fb        0x1 00
 .rodata.asStateFuncTbl
                0x000825fc       0x28 objs_JN5164_SWING/ProcessEv_MLX90614.o
 .rodata.str1.1
                0x00082624       0x23 objs_JN5164_SWING/ProcessEv_PulseCounter.o
                                0x115 (size before relaxing)
 *fill*         0x00082647        0x1 00
 .rodata.asStateFuncTbl
                0x00082648       0x28 objs_JN5164_SWING/ProcessEv_PulseCounter.o
 .rodata.str1.1
                0x00082670       0x11 /cygdrive/c/TWESDK/Wks_ToCoNet/App_Tag/../../Wks_libToCoNet/libToCoNet/lib/libToCoNet_JN5164.a(ToCoNet_mod_Tx.o)
 *fill*         0x00082681        0x3 00
 .rodata.asStateFuncTbl
                0x00082684       0x38 /cygdrive/c/TWESDK/Wks_ToCoNet/App_Tag/../../Wks_libToCoNet/libToCoNet/lib/libToCoNet_JN5164.a(ToCoNet_mod_Tx.o)
 .rodata.au8ToCoNetVersionInfo
                0x000826bc        0xc /cygdrive/c/TWESDK/Wks_ToCoNet/App_Tag/../../Wks_libToCoNet/libToCoNet/lib/libToCoNet_JN5164.a(Version.o)
                0x000826bc                _au8ToCoNetVersionInfo
 .rodata.str1.1
                0x000826c8       0x11 /cygdrive/c/TWESDK/Wks_ToCoNet/App_Tag/../../Wks_libToCoNet/libToCoNet/lib/libToCoNetExt_JN5164.a(AppStart.o)
 .rodata        0x000826d9       0x11 /cygdrive/c/TWESDK/Wks_ToCoNet/App_Tag/../../Wks_libToCoNet/libToCoNet/lib/libToCoNetExt_JN5164.a(AppStart.o)
 .rodata.au8k.5340
                0x000826ea       0x20 /cygdrive/c/TWESDK/Wks_ToCoNet/App_Tag/../../Wks_libToCoNet/libToCoNet/lib/libToCoNetExt_JN5164.a(AppStart.o)
 .rodata.au8k.5378
                0x0008270a       0x20 /cygdrive/c/TWESDK/Wks_ToCoNet/App_Tag/../../Wks_libToCoNet/libToCoNet/lib/libToCoNetExt_JN5164.a(AppStart.o)
 .rodata.str1.1
                0x0008272a       0x11 /cygdrive/c/TWESDK/Wks_ToCoNet/App_Tag/../../Wks_libToCoNet/libToCoNet/lib/libToCoNetExt_JN5164.a(mac.o)
 *fill*         0x0008273b        0x1 00
 .rodata.u32MacHigh_TOCOS
                0x0008273c        0x4 /cygdrive/c/TWESDK/Wks_ToCoNet/App_Tag/../../Wks_libToCoNet/libToCoNet/lib/libToCoNetExt_JN5164.a(mac.o)
                0x0008273c                _u32MacHigh_TOCOS
 .rodata.u32MacLow_TOCOS
                0x00082740        0x4 /cygdrive/c/TWESDK/Wks_ToCoNet/App_Tag/../../Wks_libToCoNet/libToCoNet/lib/libToCoNetExt_JN5164.a(mac.o)
                0x00082740                _u32MacLow_TOCOS
 .rodata.au8ToCoNetExtVersionInfo
                0x00082744        0xc /cygdrive/c/TWESDK/Wks_ToCoNet/App_Tag/../../Wks_libToCoNet/libToCoNet/lib/libToCoNetExt_JN5164.a(Version.o)
                0x00082744                _au8ToCoNetExtVersionInfo
 .rodata.au8SpeedCodeToEepromClkDivisors
                0x00082750        0x8 /cygdrive/c/TWESDK/Wks_ToCoNet/App_Tag/../../Wks_libToCoNet/libToCoNet/lib/libToCoNetExt_JN5164.a(PDM_EEPROM.o)
 .rodata.u8CRCTable
                0x00082758      0x100 /cygdrive/c/TWESDK/Wks_ToCoNet/App_Tag/../../Wks_libToCoNet/libToCoNet/lib/libToCoNetUtils_JN5164.a(ccitt8.o)
 .rodata.str1.1
                0x00082858        0x7 /cygdrive/c/TWESDK/Wks_ToCoNet/App_Tag/../../Wks_libToCoNet/libToCoNet/lib/libToCoNetUtils_JN5164.a(fprintf.o)
 .rodata.au8ToCoNetUtilsVersionInfo
                0x0008285f        0xc /cygdrive/c/TWESDK/Wks_ToCoNet/App_Tag/../../Wks_libToCoNet/libToCoNet/lib/libToCoNetUtils_JN5164.a(Version.o)
                0x0008285f                _au8ToCoNetUtilsVersionInfo
 .rodata.str1.1
                0x0008286b        0x5 /cygdrive/c/TWESDK/Tools/ba-elf-ba2/bin/../lib/gcc/ba-elf/4.1.2/../../../../ba-elf/lib/ba2/libm.a(w_sqrt.o)
 .rodata.str1.1
                0x00082870        0x7 /cygdrive/c/TWESDK/Tools/ba-elf-ba2/bin/../lib/gcc/ba-elf/4.1.2/../../../../ba-elf/lib/ba2/libm.a(wf_atan2.o)
 *fill*         0x00082877        0x1 00
 .rodata        0x00082878        0x4 /cygdrive/c/TWESDK/Tools/ba-elf-ba2/bin/../lib/gcc/ba-elf/4.1.2/../../../../ba-elf/lib/ba2/libm.a(s_lib_ver.o)
                0x00082878                ___fdlib_version
 .rodata        0x0008287c       0x20 /cygdrive/c/TWESDK/Tools/ba-elf-ba2/bin/../lib/gcc/ba-elf/4.1.2/../../../../ba-elf/lib/ba2/libm.a(sf_atan.o)
 .rodata.s_sPibInit
                0x0008289c       0x18 /cygdrive/c/TWESDK/516x/Components/Library/libMac_JN516x.a(mac_pib_mlme.o)
 .rodata.aeXcvPhyEvtToScanEvt.4240
                0x000828b4       0x18 /cygdrive/c/TWESDK/516x/Components/Library/libMac_JN516x.a(mac_scan.o)
 .rodata.aeXcvBbcEvtToScanEvt.4230
                0x000828cc        0xa /cygdrive/c/TWESDK/516x/Components/Library/libMac_JN516x.a(mac_scan.o)
 .rodata.s_atScanEvtST
                0x000828d6       0x31 /cygdrive/c/TWESDK/516x/Components/Library/libMac_JN516x.a(mac_scan.o)
 *fill*         0x00082907        0x1 00
 .rodata.s_aprScanHandleEvt
                0x00082908       0x30 /cygdrive/c/TWESDK/516x/Components/Library/libMac_JN516x.a(mac_scan.o)
 .rodata.psTAMcontext
                0x00082938        0x4 /cygdrive/c/TWESDK/516x/Components/Library/libMac_JN516x.a(TAM.o)
                0x00082938                _psTAMcontext
 .rodata.psTamMacContext
                0x0008293c        0x4 /cygdrive/c/TWESDK/516x/Components/Library/libMac_JN516x.a(TAM.o)
                0x0008293c                _psTamMacContext
 .rodata.psTamXcvContext
                0x00082940        0x4 /cygdrive/c/TWESDK/516x/Components/Library/libMac_JN516x.a(TAM.o)
                0x00082940                _psTamXcvContext
 .rodata.au8XcvToTAMevent.4757
                0x00082944        0xa /cygdrive/c/TWESDK/516x/Components/Library/libMac_JN516x.a(TAM.o)
 .rodata.au8HeaderSize.4215
                0x0008294e        0xe /cygdrive/c/TWESDK/516x/Components/Library/libMac_JN516x.a(TAMcommon.o)
 .rodata.apvActionCalls
                0x0008295c       0x88 /cygdrive/c/TWESDK/516x/Components/Library/libMac_JN516x.a(TAMevent.o)
                0x0008295c                _apvActionCalls
 .rodata.au8StateActions
                0x000829e4       0x8c /cygdrive/c/TWESDK/516x/Components/Library/libMac_JN516x.a(TAMevent.o)
                0x000829e4                _au8StateActions
 .rodata.au8SizeInc.4433
                0x00082a70        0x9 /cygdrive/c/TWESDK/516x/Components/Library/libMac_JN516x.a(TAMsecurity.o)
 .rodata.au8MICLenLUT.3714
                0x00082a79        0x4 /cygdrive/c/TWESDK/516x/Components/Library/libMac_JN516x.a(TAMsecurity.o)
 .rodata.au8FlashWaitStates32MXO
                0x00082a7d        0x8 /cygdrive/c/TWESDK/516x/Components/Library/libHardwareApi_JN516x.a(AHI_System.o)
 .rodata.au8FlashWaitStatesHSRCO
                0x00082a85        0x8 /cygdrive/c/TWESDK/516x/Components/Library/libHardwareApi_JN516x.a(AHI_System.o)
 *fill*         0x00082a8d        0x3 00
 .rodata.au32TimerBaseAddress
                0x00082a90       0x14 /cygdrive/c/TWESDK/516x/Components/Library/libHardwareApi_JN516x.a(AHI_Timer.o)
 .rodata.au32UartAddrOffset
                0x00082aa4        0x8 /cygdrive/c/TWESDK/516x/Components/Library/libHardwareApi_JN516x.a(AHI_Uart.o)
                0x00082aa4                _au32UartAddrOffset
 .rodata.au8dataSizeTable
                0x00082aac        0xd /cygdrive/c/TWESDK/516x/Components/Library/libAes_JN516x.a(AEScoprocessorAPI.o)
                0x00082aac                _au8dataSizeTable
 *fill*         0x00082ab9        0x3 00
 .rodata        0x00082abc       0x10 /cygdrive/c/TWESDK/Tools/ba-elf-ba2/bin/../lib/gcc/ba-elf/4.1.2/ba2/libgcc.a(fp-bit.o)
                0x00082abc                ___thenan_sf
 *fill*         0x00082acc        0x4 00
 .rodata        0x00082ad0       0x18 /cygdrive/c/TWESDK/Tools/ba-elf-ba2/bin/../lib/gcc/ba-elf/4.1.2/ba2/libgcc.a(dp-bit.o)
                0x00082ad0                ___thenan_df
 .rodata.str1.1
                0x00000000        0x7 /cygdrive/c/TWESDK/Tools/ba-elf-ba2/bin/../lib/gcc/ba-elf/4.1.2/../../../../ba-elf/lib/ba2/libc.a(impure.o)
                                  0x2 (size before relaxing)
 .rodata        0x00082ae8      0x281 /cygdrive/c/TWESDK/Tools/ba-elf-ba2/bin/../lib/gcc/ba-elf/4.1.2/../../../../ba-elf/lib/ba2/libc.a(ctype_.o)
                0x00082ae8                __ctype_

.text           0x00082d6c    0x1eb00
 *(.text*)
 .text.cbToCoNet_vMain
                0x00082d6c       0x18 objs_JN5164_SWING/EndDevice_Input.o
                0x00082d6c                _cbToCoNet_vMain
 .text.cbToCoNet_vRxEvent
                0x00082d84       0x18 objs_JN5164_SWING/EndDevice_Input.o
                0x00082d84                _cbToCoNet_vRxEvent
 .text.cbToCoNet_vNwkEvent
                0x00082d9c       0x18 objs_JN5164_SWING/EndDevice_Input.o
                0x00082d9c                _cbToCoNet_vNwkEvent
 .text.cbToCoNet_vHwEvent
                0x00082db4       0x18 objs_JN5164_SWING/EndDevice_Input.o
                0x00082db4                _cbToCoNet_vHwEvent
 .text.cbToCoNet_u8HwInt
                0x00082dcc       0x1c objs_JN5164_SWING/EndDevice_Input.o
                0x00082dcc                _cbToCoNet_u8HwInt
 .text.vProcessSerialCmd
                0x00082de8       0x12 objs_JN5164_SWING/EndDevice_Input.o
                0x00082de8                _vProcessSerialCmd
 .text.vPortSetSns
                0x00082dfa       0x36 objs_JN5164_SWING/EndDevice_Input.o
                0x00082dfa                _vPortSetSns
 .text.cbToCoNet_vTxEvent
                0x00082e30       0x64 objs_JN5164_SWING/EndDevice_Input.o
                0x00082e30                _cbToCoNet_vTxEvent
 .text.vSerInitMessage
                0x00082e94      0x105 objs_JN5164_SWING/EndDevice_Input.o
                0x00082e94                _vSerInitMessage
 .text.vSerialInit
                0x00082f99       0x70 objs_JN5164_SWING/EndDevice_Input.o
 .text.vInitADC
                0x00083009       0x9d objs_JN5164_SWING/EndDevice_Input.o
 .text.vInitHardware
                0x000830a6      0x20d objs_JN5164_SWING/EndDevice_Input.o
 .text.cbAppWarmStart
                0x000832b3       0xd4 objs_JN5164_SWING/EndDevice_Input.o
                0x000832b3                _cbAppWarmStart
 .text.cbAppColdStart
                0x00083387      0x69e objs_JN5164_SWING/EndDevice_Input.o
                0x00083387                _cbAppColdStart
 .text.vResetWithMsg
                0x00083a25       0x20 objs_JN5164_SWING/common.o
                0x00083a25                _vResetWithMsg
 .text.vSleep   0x00083a45       0x83 objs_JN5164_SWING/common.o
                0x00083a45                _vSleep
 .text.bTransmitToAppTwelite
                0x00083ac8       0xfb objs_JN5164_SWING/common.o
                0x00083ac8                _bTransmitToAppTwelite
 .text.bRegAesKey
                0x00083bc3       0x3e objs_JN5164_SWING/common.o
                0x00083bc3                _bRegAesKey
 .text.bTransmitToParent
                0x00083c01      0x13c objs_JN5164_SWING/common.o
                0x00083c01                _bTransmitToParent
 .text.bFlash_Erase
                0x00083d3d       0x38 objs_JN5164_SWING/flash.o
                0x00083d3d                _bFlash_Erase
 .text.bFlash_Write
                0x00083d75       0x35 objs_JN5164_SWING/flash.o
                0x00083d75                _bFlash_Write
 .text.bFlash_Read
                0x00083daa       0x49 objs_JN5164_SWING/flash.o
                0x00083daa                _bFlash_Read
 .text.vADC_WaitInit
                0x00083df3        0xf objs_JN5164_SWING/adc.o
                0x00083df3                _vADC_WaitInit
 .text.vADC_Init
                0x00083e02       0x62 objs_JN5164_SWING/adc.o
                0x00083e02                _vADC_Init
 .text.vProcessSnsObj_ADC
                0x00083e64      0x173 objs_JN5164_SWING/adc.o
 .text.bSMBusWait
                0x00083fd7       0x3c objs_JN5164_SWING/SMBus.o
 .text.bSMBusSequentialRead_NACK
                0x00084013       0x6b objs_JN5164_SWING/SMBus.o
                0x00084013                _bSMBusSequentialRead_NACK
 .text.bSMBusSequentialRead
                0x0008407e       0x73 objs_JN5164_SWING/SMBus.o
                0x0008407e                _bSMBusSequentialRead
 .text.bSMBusWrite_WO_STOP
                0x000840f1       0x73 objs_JN5164_SWING/SMBus.o
                0x000840f1                _bSMBusWrite_WO_STOP
 .text.bSMBusWrite
                0x00084164       0x7a objs_JN5164_SWING/SMBus.o
                0x00084164                _bSMBusWrite
 .text.vSMBusInit
                0x000841de       0x1b objs_JN5164_SWING/SMBus.o
                0x000841de                _vSMBusInit
 .text.i16SHT21readResult
                0x000841f9       0x8f objs_JN5164_SWING/SHT21.o
                0x000841f9                _i16SHT21readResult
 .text.bSHT21startRead
                0x00084288       0x7c objs_JN5164_SWING/SHT21.o
                0x00084288                _bSHT21startRead
 .text.vProcessSnsObj_SHT21
                0x00084304      0x100 objs_JN5164_SWING/SHT21.o
 .text.vSHT21_Init
                0x00084404       0x24 objs_JN5164_SWING/SHT21.o
                0x00084404                _vSHT21_Init
 .text.bBME280StartRead
                0x00084428       0x20 objs_JN5164_SWING/BME280.o
                0x00084428                _bBME280StartRead
 .text.i16BME280ReadResult
                0x00084448      0x29a objs_JN5164_SWING/BME280.o
                0x00084448                _i16BME280ReadResult
 .text.vProcessSnsObj_BME280
                0x000846e2       0xa1 objs_JN5164_SWING/BME280.o
 .text.bBME280_Setting
                0x00084783      0x1c1 objs_JN5164_SWING/BME280.o
                0x00084783                _bBME280_Setting
 .text.vBME280_Init
                0x00084944       0x2b objs_JN5164_SWING/BME280.o
                0x00084944                _vBME280_Init
 .text.bS1105902startRead
                0x0008496f       0x1f objs_JN5164_SWING/S1105902.o
                0x0008496f                _bS1105902startRead
 .text.bGetComp
                0x0008498e       0x31 objs_JN5164_SWING/S1105902.o
 .text.u16S1105902readResult
                0x000849bf       0x3a objs_JN5164_SWING/S1105902.o
                0x000849bf                _u16S1105902readResult
 .text.vProcessSnsObj_S1105902
                0x000849f9       0xc5 objs_JN5164_SWING/S1105902.o
 .text.vS1105902_Init
                0x00084abe       0x2b objs_JN5164_SWING/S1105902.o
                0x00084abe                _vS1105902_Init
 .text.i16ADT7410readResult
                0x00084ae9       0x79 objs_JN5164_SWING/ADT7410.o
                0x00084ae9                _i16ADT7410readResult
 .text.bADT7410startRead
                0x00084b62       0x18 objs_JN5164_SWING/ADT7410.o
                0x00084b62                _bADT7410startRead
 .text.vProcessSnsObj_ADT7410
                0x00084b7a       0x9a objs_JN5164_SWING/ADT7410.o
 .text.vADT7410_Init
                0x00084c14       0x24 objs_JN5164_SWING/ADT7410.o
                0x00084c14                _vADT7410_Init
 .text.bADXL345startRead
                0x00084c38        0x5 objs_JN5164_SWING/ADXL345.o
                0x00084c38                _bADXL345startRead
 .text.bSetFIFO
                0x00084c3d       0x3d objs_JN5164_SWING/ADXL345.o
 .text.bADXL345reset
                0x00084c7a      0x193 objs_JN5164_SWING/ADXL345.o
                0x00084c7a                _bADXL345reset
 .text.bADXL345_Setting
                0x00084e0d      0x58e objs_JN5164_SWING/ADXL345.o
                0x00084e0d                _bADXL345_Setting
 .text.bGetAxis
                0x0008539b       0x39 objs_JN5164_SWING/ADXL345.o
                0x0008539b                _bGetAxis
 .text.i16ADXL345readResult
                0x000853d4       0x39 objs_JN5164_SWING/ADXL345.o
                0x000853d4                _i16ADXL345readResult
 .text.u8Read_Interrupt
                0x0008540d       0x35 objs_JN5164_SWING/ADXL345.o
                0x0008540d                _u8Read_Interrupt
 .text.bShakereadResult
                0x00085442      0x246 objs_JN5164_SWING/ADXL345.o
                0x00085442                _bShakereadResult
 .text.bNekotterreadResult
                0x00085688      0x157 objs_JN5164_SWING/ADXL345.o
                0x00085688                _bNekotterreadResult
 .text.vProcessSnsObj_ADXL345
                0x000857df       0xd9 objs_JN5164_SWING/ADXL345.o
 .text.vADXL345_Init
                0x000858b8       0x2b objs_JN5164_SWING/ADXL345.o
                0x000858b8                _vADXL345_Init
 .text.bADXL345_LowEnergyStartRead
                0x000858e3       0x1d objs_JN5164_SWING/ADXL345_LowEnergy.o
                0x000858e3                _bADXL345_LowEnergyStartRead
 .text.bADXL345_LowEnergy_Setting
                0x00085900       0x3b objs_JN5164_SWING/ADXL345_LowEnergy.o
                0x00085900                _bADXL345_LowEnergy_Setting
 .text.bADXL345_LowEnergyReadResult
                0x0008593b       0x8b objs_JN5164_SWING/ADXL345_LowEnergy.o
                0x0008593b                _bADXL345_LowEnergyReadResult
 .text.vProcessSnsObj_ADXL345_LowEnergy
                0x000859c6       0xb4 objs_JN5164_SWING/ADXL345_LowEnergy.o
 .text.vADXL345_LowEnergy_Init
                0x00085a7a       0x2b objs_JN5164_SWING/ADXL345_LowEnergy.o
                0x00085a7a                _vADXL345_LowEnergy_Init
 .text.bSetActive
                0x00085aa5       0x6e objs_JN5164_SWING/ADXL345_AirVolume.o
                0x00085aa5                _bSetActive
 .text.bSetFIFO_Air
                0x00085b13       0x55 objs_JN5164_SWING/ADXL345_AirVolume.o
                0x00085b13                _bSetFIFO_Air
 .text.bADXL345_AirVolume_Setting
                0x00085b68       0x62 objs_JN5164_SWING/ADXL345_AirVolume.o
                0x00085b68                _bADXL345_AirVolume_Setting
 .text.b16ADXL345_AirVolumeSingleReadResult
                0x00085bca       0x62 objs_JN5164_SWING/ADXL345_AirVolume.o
                0x00085bca                _b16ADXL345_AirVolumeSingleReadResult
 .text.b16ADXL345_AirVolumeReadResult
                0x00085c2c      0x147 objs_JN5164_SWING/ADXL345_AirVolume.o
                0x00085c2c                _b16ADXL345_AirVolumeReadResult
 .text.vADXL345_AirVolume_Init
                0x00085d73       0x2b objs_JN5164_SWING/ADXL345_AirVolume.o
                0x00085d73                _vADXL345_AirVolume_Init
 .text.vProcessSnsObj_ADXL345_AirVolume
                0x00085d9e       0xb6 objs_JN5164_SWING/ADXL345_AirVolume.o
 .text.bADXL345_FIFO_Setting
                0x00085e54       0x89 objs_JN5164_SWING/ADXL345_FIFO.o
                0x00085e54                _bADXL345_FIFO_Setting
 .text.bADXL345FIFOreadResult
                0x00085edd       0xd3 objs_JN5164_SWING/ADXL345_FIFO.o
                0x00085edd                _bADXL345FIFOreadResult
 .text.vProcessSnsObj_ADXL345_FIFO
                0x00085fb0       0xa4 objs_JN5164_SWING/ADXL345_FIFO.o
 .text.vADXL345_FIFO_Init
                0x00086054       0x2b objs_JN5164_SWING/ADXL345_FIFO.o
                0x00086054                _vADXL345_FIFO_Init
 .text.bMPL115startRead
                0x0008607f       0x1d objs_JN5164_SWING/MPL115A2.o
                0x0008607f                _bMPL115startRead
 .text.i16MPL115readResult
                0x0008609c      0x1e4 objs_JN5164_SWING/MPL115A2.o
                0x0008609c                _i16MPL115readResult
 .text.vProcessSnsObj_MPL115A2
                0x00086280       0x98 objs_JN5164_SWING/MPL115A2.o
 .text.vMPL115A2_Init
                0x00086318       0x24 objs_JN5164_SWING/MPL115A2.o
                0x00086318                _vMPL115A2_Init
 .text.bLIS3DHstartRead
                0x0008633c       0x20 objs_JN5164_SWING/LIS3DH.o
                0x0008633c                _bLIS3DHstartRead
 .text.bGetAxis
                0x0008635c       0x48 objs_JN5164_SWING/LIS3DH.o
 .text.i16LIS3DHreadResult
                0x000863a4       0x44 objs_JN5164_SWING/LIS3DH.o
                0x000863a4                _i16LIS3DHreadResult
 .text.vProcessSnsObj_LIS3DH
                0x000863e8       0xb7 objs_JN5164_SWING/LIS3DH.o
 .text.vLIS3DH_Init
                0x0008649f       0x2b objs_JN5164_SWING/LIS3DH.o
                0x0008649f                _vLIS3DH_Init
 .text.bGetAxis
                0x000864ca       0x48 objs_JN5164_SWING/L3GD20.o
 .text.i16L3GD20readResult
                0x00086512       0x9c objs_JN5164_SWING/L3GD20.o
                0x00086512                _i16L3GD20readResult
 .text.bL3GD20startRead
                0x000865ae       0x88 objs_JN5164_SWING/L3GD20.o
                0x000865ae                _bL3GD20startRead
 .text.vProcessSnsObj_L3GD20
                0x00086636       0xb7 objs_JN5164_SWING/L3GD20.o
 .text.vL3GD20_Init
                0x000866ed       0x33 objs_JN5164_SWING/L3GD20.o
                0x000866ed                _vL3GD20_Init
 .text.u32TSL2561readResult
                0x00086720      0x10d objs_JN5164_SWING/TSL2561.o
                0x00086720                _u32TSL2561readResult
 .text.vProcessSnsObj_TSL2561
                0x0008682d       0x89 objs_JN5164_SWING/TSL2561.o
 .text.vTSL2561_Init
                0x000868b6       0x41 objs_JN5164_SWING/TSL2561.o
                0x000868b6                _vTSL2561_Init
 .text.vSnsObj_Process
                0x000868f7       0x27 objs_JN5164_SWING/sensor_driver.o
                0x000868f7                _vSnsObj_Process
 .text.vSnsObj_Init
                0x0008691e       0x26 objs_JN5164_SWING/sensor_driver.o
                0x0008691e                _vSnsObj_Init
 .text.i16MLX90614readResult
                0x00086944       0x7d objs_JN5164_SWING/MLX90614.o
                0x00086944                _i16MLX90614readResult
 .text.vMLX90614_Init
                0x000869c1       0x24 objs_JN5164_SWING/MLX90614.o
                0x000869c1                _vMLX90614_Init
 .text.vProcessSnsObj_MLX90614
                0x000869e5       0x89 objs_JN5164_SWING/MLX90614.o
 .text.u16PulseCounter_readResult
                0x00086a6e       0x59 objs_JN5164_SWING/PulseCounter.o
                0x00086a6e                _u16PulseCounter_readResult
 .text.vPulseCounter_setting
                0x00086ac7       0x4a objs_JN5164_SWING/PulseCounter.o
                0x00086ac7                _vPulseCounter_setting
 .text.vPulseCounter_Init
                0x00086b11       0x24 objs_JN5164_SWING/PulseCounter.o
                0x00086b11                _vPulseCounter_Init
 .text.vProcessSnsObj_PulseCounter
                0x00086b35       0x96 objs_JN5164_SWING/PulseCounter.o
 .text.Interactive_bGetMode
                0x00086bcb        0x9 objs_JN5164_SWING/Interactive.o
                0x00086bcb                _Interactive_bGetMode
 .text.Interactive_vSetMode
                0x00086bd4       0x24 objs_JN5164_SWING/Interactive.o
                0x00086bd4                _Interactive_vSetMode
 .text.vConfig_Update
                0x00086bf8       0xe0 objs_JN5164_SWING/Interactive.o
 .text.Config_bUnSerialize
                0x00086cd8       0x24 objs_JN5164_SWING/Interactive.o
                0x00086cd8                _Config_bUnSerialize
 .text.Config_vSetDefaults
                0x00086cfc       0x73 objs_JN5164_SWING/Interactive.o
 .text.vConfig_UnSetAll
                0x00086d6f       0x38 objs_JN5164_SWING/Interactive.o
 .text.Config_bSave
                0x00086da7       0x70 objs_JN5164_SWING/Interactive.o
                0x00086da7                _Config_bSave
 .text.Config_bLoad
                0x00086e17       0x40 objs_JN5164_SWING/Interactive.o
                0x00086e17                _Config_bLoad
 .text.vSerPrintUartOpt
                0x00086e57       0x57 objs_JN5164_SWING/Interactive.o
 .text.Interactive_vReInit
                0x00086eae       0x2f objs_JN5164_SWING/Interactive.o
                0x00086eae                _Interactive_vReInit
 .text.vSerUpdateScreen
                0x00086edd      0x89c objs_JN5164_SWING/Interactive.o
 .text.Config_vUpdateScreen
                0x00087779       0x18 objs_JN5164_SWING/Interactive.o
                0x00087779                _Config_vUpdateScreen
 .text.vProcessInputByte
                0x00087791      0x7a0 objs_JN5164_SWING/Interactive.o
 .text.vProcessInputByte_Command
                0x00087f31      0x105 objs_JN5164_SWING/Interactive.o
 .text.Interactive_vInit
                0x00088036       0xa8 objs_JN5164_SWING/Interactive.o
                0x00088036                _Interactive_vInit
 *fill*         0x000880de        0x2 00
 .text.vHandleSerialInput
                0x000880e0     0x1178 objs_JN5164_SWING/Interactive.o
                0x000880e0                _vHandleSerialInput
 .text.INPSTR_vStart
                0x00089258       0x19 objs_JN5164_SWING/input_string.o
                0x00089258                _INPSTR_vStart
 .text.INPSTR_u8InputByte
                0x00089271       0xe6 objs_JN5164_SWING/input_string.o
                0x00089271                _INPSTR_u8InputByte
 .text.INPSTR_vInit
                0x00089357       0x1a objs_JN5164_SWING/input_string.o
                0x00089357                _INPSTR_vInit
 .text.SerCmdAscii_u8Parse
                0x00089371      0x13c objs_JN5164_SWING/sercmd_ascii.o
                0x00089371                _SerCmdAscii_u8Parse
 .text.vPutByte
                0x000894ad       0x43 objs_JN5164_SWING/sercmd_ascii.o
 .text.SerCmdAscii_Output
                0x000894f0       0x67 objs_JN5164_SWING/sercmd_ascii.o
 .text.SerCmdAscii_vInit
                0x00089557       0x2f objs_JN5164_SWING/sercmd_ascii.o
                0x00089557                _SerCmdAscii_vInit
 .text.SerCmdPlus3_u8Parse
                0x00089586       0xaa objs_JN5164_SWING/sercmd_plus3.o
                0x00089586                _SerCmdPlus3_u8Parse
 .text.SerCmdBinary_u8Parse
                0x00089630      0x114 objs_JN5164_SWING/sercmd_binary.o
 .text.SerCmdBinary_Output
                0x00089744       0x82 objs_JN5164_SWING/sercmd_binary.o
 .text.SerCmdBinary_vInit
                0x000897c6       0x2f objs_JN5164_SWING/sercmd_binary.o
                0x000897c6                _SerCmdBinary_vInit
 .text.vInitAppStandard
                0x000897f5       0x1b objs_JN5164_SWING/ProcessEv_Standard.o
                0x000897f5                _vInitAppStandard
 .text.cbAppToCoNet_vTxEvent
                0x00089810       0x11 objs_JN5164_SWING/ProcessEv_Standard.o
 .text.cbAppToCoNet_vHwEvent
                0x00089821      0x114 objs_JN5164_SWING/ProcessEv_Standard.o
 .text.vProcessEvCore
                0x00089935       0x16 objs_JN5164_SWING/ProcessEv_Standard.o
 .text.vHnd_E_STATE_APP_SLEEP
                0x0008994b       0xa4 objs_JN5164_SWING/ProcessEv_Standard.o
 .text.vHnd_E_STATE_APP_WAIT_TX
                0x000899ef       0x16 objs_JN5164_SWING/ProcessEv_Standard.o
 .text.vHnd_E_STATE_RUNNING
                0x00089a05      0x205 objs_JN5164_SWING/ProcessEv_Standard.o
 .text.vHnd_E_STATE_IDLE
                0x00089c0a      0x155 objs_JN5164_SWING/ProcessEv_Standard.o
 .text.vInitAppButton
                0x00089d5f       0x1b objs_JN5164_SWING/ProcessEv_Button.o
                0x00089d5f                _vInitAppButton
 .text.cbAppToCoNet_vTxEvent
                0x00089d7a       0x11 objs_JN5164_SWING/ProcessEv_Button.o
 .text.cbAppToCoNet_vHwEvent
                0x00089d8b      0x108 objs_JN5164_SWING/ProcessEv_Button.o
 .text.vProcessEvCore
                0x00089e93       0x16 objs_JN5164_SWING/ProcessEv_Button.o
 .text.vHnd_E_STATE_APP_WAIT_POWEROFF
                0x00089ea9       0x76 objs_JN5164_SWING/ProcessEv_Button.o
 .text.vHnd_E_STATE_APP_CHAT_SLEEP
                0x00089f1f       0xbc objs_JN5164_SWING/ProcessEv_Button.o
 .text.vHnd_E_STATE_APP_WAIT_TX
                0x00089fdb       0x28 objs_JN5164_SWING/ProcessEv_Button.o
 .text.vHnd_E_STATE_APP_SLEEP
                0x0008a003       0xf3 objs_JN5164_SWING/ProcessEv_Button.o
 .text.vHnd_E_STATE_RUNNING
                0x0008a0f6      0x1b5 objs_JN5164_SWING/ProcessEv_Button.o
 .text.vHnd_E_STATE_IDLE
                0x0008a2ab      0x114 objs_JN5164_SWING/ProcessEv_Button.o
 .text.vInitAppConfig
                0x0008a3bf       0x1b objs_JN5164_SWING/ProcessEv_Config.o
                0x0008a3bf                _vInitAppConfig
 .text.cbAppToCoNet_vTxEvent
                0x0008a3da       0x1d objs_JN5164_SWING/ProcessEv_Config.o
 .text.bTransmit
                0x0008a3f7       0x3c objs_JN5164_SWING/ProcessEv_Config.o
 .text.cbAppToCoNet_vRxEvent
                0x0008a433      0x35d objs_JN5164_SWING/ProcessEv_Config.o
 .text.cbAppToCoNet_vMain
                0x0008a790        0x6 objs_JN5164_SWING/ProcessEv_Config.o
 .text.cbAppToCoNet_vHwEvent
                0x0008a796       0x32 objs_JN5164_SWING/ProcessEv_Config.o
 .text.vProcessEvCore
                0x0008a7c8       0x16 objs_JN5164_SWING/ProcessEv_Config.o
 .text.vHnd_E_STATE_APP_INTERACTIVE
                0x0008a7de       0x16 objs_JN5164_SWING/ProcessEv_Config.o
 .text.vHnd_E_STATE_APP_SLEEP
                0x0008a7f4      0x172 objs_JN5164_SWING/ProcessEv_Config.o
 .text.vHnd_E_STATE_APP_FAILED
                0x0008a966       0x3f objs_JN5164_SWING/ProcessEv_Config.o
 .text.vHnd_E_STATE_RUNNING
                0x0008a9a5       0x7a objs_JN5164_SWING/ProcessEv_Config.o
 .text.vHnd_E_STATE_WAIT_COMMAND
                0x0008aa1f       0xce objs_JN5164_SWING/ProcessEv_Config.o
 .text.vHnd_E_STATE_IDLE
                0x0008aaed       0x56 objs_JN5164_SWING/ProcessEv_Config.o
 .text.cbAppToCoNet_vTxEvent
                0x0008ab43       0x15 objs_JN5164_SWING/ProcessEv_Door_Timer.o
 .text.vInitAppDoorTimer
                0x0008ab58       0x1e objs_JN5164_SWING/ProcessEv_Door_Timer.o
                0x0008ab58                _vInitAppDoorTimer
 .text.vProcessEvCore
                0x0008ab76       0x16 objs_JN5164_SWING/ProcessEv_Door_Timer.o
 .text.vSleep_IO_Timer
                0x0008ab8c       0x4f objs_JN5164_SWING/ProcessEv_Door_Timer.o
 .text.vHnd_E_STATE_APP_SLEEP
                0x0008abdb      0x16c objs_JN5164_SWING/ProcessEv_Door_Timer.o
 .text.vHnd_E_STATE_RUNNING
                0x0008ad47      0x1c5 objs_JN5164_SWING/ProcessEv_Door_Timer.o
 .text.vHnd_E_STATE_IDLE
                0x0008af0c      0x19b objs_JN5164_SWING/ProcessEv_Door_Timer.o
 .text.vInitAppDoorTimerSub
                0x0008b0a7        0xf objs_JN5164_SWING/ProcessEv_Door_Timer_Nwk.o
                0x0008b0a7                _vInitAppDoorTimerSub
 .text.vProcessEvCore
                0x0008b0b6       0x16 objs_JN5164_SWING/ProcessEv_Door_Timer_Nwk.o
 .text.vHnd_E_STATE_APP_WAIT_TX
                0x0008b0cc      0x178 objs_JN5164_SWING/ProcessEv_Door_Timer_Nwk.o
 .text.vHnd_E_STATE_IDLE
                0x0008b244       0x9c objs_JN5164_SWING/ProcessEv_Door_Timer_Nwk.o
 .text.vInitAppSHT21
                0x0008b2e0       0x1b objs_JN5164_SWING/ProcessEv_SHT21.o
                0x0008b2e0                _vInitAppSHT21
 .text.cbAppToCoNet_vTxEvent
                0x0008b2fb       0x45 objs_JN5164_SWING/ProcessEv_SHT21.o
 .text.vProcessSHT21
                0x0008b340       0xd4 objs_JN5164_SWING/ProcessEv_SHT21.o
 .text.cbAppToCoNet_vHwEvent
                0x0008b414      0x110 objs_JN5164_SWING/ProcessEv_SHT21.o
 .text.vProcessEvCore
                0x0008b524       0x16 objs_JN5164_SWING/ProcessEv_SHT21.o
 .text.vHnd_E_STATE_APP_SLEEP
                0x0008b53a       0xb1 objs_JN5164_SWING/ProcessEv_SHT21.o
 .text.vHnd_E_STATE_APP_WAIT_TX
                0x0008b5eb      0x1b5 objs_JN5164_SWING/ProcessEv_SHT21.o
 .text.vHnd_E_STATE_RUNNING
                0x0008b7a0       0xdd objs_JN5164_SWING/ProcessEv_SHT21.o
 .text.vHnd_E_STATE_IDLE
                0x0008b87d      0x179 objs_JN5164_SWING/ProcessEv_SHT21.o
 .text.vInitAppBME280
                0x0008b9f6       0x1b objs_JN5164_SWING/ProcessEv_BME280.o
                0x0008b9f6                _vInitAppBME280
 .text.cbAppToCoNet_vTxEvent
                0x0008ba11       0x45 objs_JN5164_SWING/ProcessEv_BME280.o
 .text.vProcessBME280
                0x0008ba56       0x99 objs_JN5164_SWING/ProcessEv_BME280.o
 .text.cbAppToCoNet_vHwEvent
                0x0008baef      0x110 objs_JN5164_SWING/ProcessEv_BME280.o
 .text.vProcessEvCore
                0x0008bbff       0x16 objs_JN5164_SWING/ProcessEv_BME280.o
 .text.vHnd_E_STATE_APP_CHAT_SLEEP
                0x0008bc15       0xa5 objs_JN5164_SWING/ProcessEv_BME280.o
 .text.vHnd_E_STATE_APP_SLEEP
                0x0008bcba       0xc3 objs_JN5164_SWING/ProcessEv_BME280.o
 .text.vHnd_E_STATE_RUNNING
                0x0008bd7d       0xa8 objs_JN5164_SWING/ProcessEv_BME280.o
 .text.vHnd_E_STATE_APP_WAIT_TX
                0x0008be25      0x1e4 objs_JN5164_SWING/ProcessEv_BME280.o
 .text.vHnd_E_STATE_IDLE
                0x0008c009      0x1cb objs_JN5164_SWING/ProcessEv_BME280.o
 .text.vInitAppS1105902
                0x0008c1d4       0x1b objs_JN5164_SWING/ProcessEv_S1105902.o
                0x0008c1d4                _vInitAppS1105902
 .text.cbAppToCoNet_vTxEvent
                0x0008c1ef       0x45 objs_JN5164_SWING/ProcessEv_S1105902.o
 .text.vProcessS1105902
                0x0008c234       0x9c objs_JN5164_SWING/ProcessEv_S1105902.o
 .text.cbAppToCoNet_vHwEvent
                0x0008c2d0      0x110 objs_JN5164_SWING/ProcessEv_S1105902.o
 .text.vProcessEvCore
                0x0008c3e0       0x16 objs_JN5164_SWING/ProcessEv_S1105902.o
 .text.vHnd_E_STATE_APP_SLEEP
                0x0008c3f6       0xb1 objs_JN5164_SWING/ProcessEv_S1105902.o
 .text.vHnd_E_STATE_APP_WAIT_TX
                0x0008c4a7      0x1cd objs_JN5164_SWING/ProcessEv_S1105902.o
 .text.vHnd_E_STATE_RUNNING
                0x0008c674       0xdd objs_JN5164_SWING/ProcessEv_S1105902.o
 .text.vHnd_E_STATE_IDLE
                0x0008c751      0x179 objs_JN5164_SWING/ProcessEv_S1105902.o
 .text.vInitAppADT7410
                0x0008c8ca       0x1b objs_JN5164_SWING/ProcessEv_ADT7410.o
                0x0008c8ca                _vInitAppADT7410
 .text.cbAppToCoNet_vTxEvent
                0x0008c8e5       0x45 objs_JN5164_SWING/ProcessEv_ADT7410.o
 .text.vProcessADT7410
                0x0008c92a       0xab objs_JN5164_SWING/ProcessEv_ADT7410.o
 .text.cbAppToCoNet_vHwEvent
                0x0008c9d5      0x110 objs_JN5164_SWING/ProcessEv_ADT7410.o
 .text.vProcessEvCore
                0x0008cae5       0x16 objs_JN5164_SWING/ProcessEv_ADT7410.o
 .text.vHnd_E_STATE_APP_SLEEP
                0x0008cafb       0xb1 objs_JN5164_SWING/ProcessEv_ADT7410.o
 .text.vHnd_E_STATE_APP_WAIT_TX
                0x0008cbac      0x1aa objs_JN5164_SWING/ProcessEv_ADT7410.o
 .text.vHnd_E_STATE_RUNNING
                0x0008cd56       0xdd objs_JN5164_SWING/ProcessEv_ADT7410.o
 .text.vHnd_E_STATE_IDLE
                0x0008ce33      0x179 objs_JN5164_SWING/ProcessEv_ADT7410.o
 .text.vInitAppTSL2561
                0x0008cfac       0x1b objs_JN5164_SWING/ProcessEv_TSL2561.o
                0x0008cfac                _vInitAppTSL2561
 .text.cbAppToCoNet_vTxEvent
                0x0008cfc7       0x45 objs_JN5164_SWING/ProcessEv_TSL2561.o
 .text.vProcessTSL2561
                0x0008d00c       0x8a objs_JN5164_SWING/ProcessEv_TSL2561.o
 .text.cbAppToCoNet_vHwEvent
                0x0008d096      0x110 objs_JN5164_SWING/ProcessEv_TSL2561.o
 .text.vProcessEvCore
                0x0008d1a6       0x16 objs_JN5164_SWING/ProcessEv_TSL2561.o
 .text.vHnd_E_STATE_APP_SLEEP
                0x0008d1bc       0xb1 objs_JN5164_SWING/ProcessEv_TSL2561.o
 .text.vHnd_E_STATE_APP_WAIT_TX
                0x0008d26d      0x1ac objs_JN5164_SWING/ProcessEv_TSL2561.o
 .text.vHnd_E_STATE_RUNNING
                0x0008d419       0xdd objs_JN5164_SWING/ProcessEv_TSL2561.o
 .text.vHnd_E_STATE_IDLE
                0x0008d4f6      0x1e9 objs_JN5164_SWING/ProcessEv_TSL2561.o
 .text.vInitAppADXL345
                0x0008d6df       0x1b objs_JN5164_SWING/ProcessEv_ADXL345.o
                0x0008d6df                _vInitAppADXL345
 .text.u8ShakePower
                0x0008d6fa       0x5c objs_JN5164_SWING/ProcessEv_ADXL345.o
 .text.u8PlayDice
                0x0008d756       0xc2 objs_JN5164_SWING/ProcessEv_ADXL345.o
 .text.cbAppToCoNet_vTxEvent
                0x0008d818       0x45 objs_JN5164_SWING/ProcessEv_ADXL345.o
 .text.vProcessADXL345
                0x0008d85d       0x9f objs_JN5164_SWING/ProcessEv_ADXL345.o
 .text.cbAppToCoNet_vHwEvent
                0x0008d8fc      0x110 objs_JN5164_SWING/ProcessEv_ADXL345.o
 .text.vProcessEvCore
                0x0008da0c       0x16 objs_JN5164_SWING/ProcessEv_ADXL345.o
 .text.vHnd_E_STATE_APP_SLEEP
                0x0008da22      0x250 objs_JN5164_SWING/ProcessEv_ADXL345.o
 .text.vHnd_E_STATE_RUNNING
                0x0008dc72      0x418 objs_JN5164_SWING/ProcessEv_ADXL345.o
 *fill*         0x0008e08a        0x2 00
 .text.vHnd_E_STATE_APP_WAIT_TX
                0x0008e08c      0x9d0 objs_JN5164_SWING/ProcessEv_ADXL345.o
 .text.vHnd_E_STATE_IDLE
                0x0008ea5c      0x57b objs_JN5164_SWING/ProcessEv_ADXL345.o
 .text.vInitAppADXL345_LowEnergy
                0x0008efd7       0x1b objs_JN5164_SWING/ProcessEv_ADXL345_LowEnergy.o
                0x0008efd7                _vInitAppADXL345_LowEnergy
 .text.cbAppToCoNet_vTxEvent
                0x0008eff2       0x45 objs_JN5164_SWING/ProcessEv_ADXL345_LowEnergy.o
 .text.vProcessADXL345_LowEnergy
                0x0008f037       0x9f objs_JN5164_SWING/ProcessEv_ADXL345_LowEnergy.o
 .text.cbAppToCoNet_vHwEvent
                0x0008f0d6      0x110 objs_JN5164_SWING/ProcessEv_ADXL345_LowEnergy.o
 .text.vProcessEvCore
                0x0008f1e6       0x16 objs_JN5164_SWING/ProcessEv_ADXL345_LowEnergy.o
 .text.vHnd_E_STATE_APP_SLEEP
                0x0008f1fc       0xc3 objs_JN5164_SWING/ProcessEv_ADXL345_LowEnergy.o
 .text.vHnd_E_STATE_RUNNING
                0x0008f2bf       0xa8 objs_JN5164_SWING/ProcessEv_ADXL345_LowEnergy.o
 .text.vHnd_E_STATE_APP_WAIT_TX
                0x0008f367      0x1d7 objs_JN5164_SWING/ProcessEv_ADXL345_LowEnergy.o
 .text.vHnd_E_STATE_IDLE
                0x0008f53e      0x1be objs_JN5164_SWING/ProcessEv_ADXL345_LowEnergy.o
 .text.vInitAppADXL345_AirVolume
                0x0008f6fc       0x1b objs_JN5164_SWING/ProcessEv_ADXL345_AirVolume.o
                0x0008f6fc                _vInitAppADXL345_AirVolume
 .text.cbAppToCoNet_vTxEvent
                0x0008f717       0x45 objs_JN5164_SWING/ProcessEv_ADXL345_AirVolume.o
 .text.vProcessADXL345_AirVolume
                0x0008f75c       0x9f objs_JN5164_SWING/ProcessEv_ADXL345_AirVolume.o
 .text.cbAppToCoNet_vHwEvent
                0x0008f7fb      0x118 objs_JN5164_SWING/ProcessEv_ADXL345_AirVolume.o
 .text.vProcessEvCore
                0x0008f913       0x16 objs_JN5164_SWING/ProcessEv_ADXL345_AirVolume.o
 .text.vHnd_E_STATE_APP_SLEEP
                0x0008f929       0xc3 objs_JN5164_SWING/ProcessEv_ADXL345_AirVolume.o
 .text.vHnd_E_STATE_RUNNING
                0x0008f9ec       0xa8 objs_JN5164_SWING/ProcessEv_ADXL345_AirVolume.o
 .text.vHnd_E_STATE_APP_WAIT_TX
                0x0008fa94      0x898 objs_JN5164_SWING/ProcessEv_ADXL345_AirVolume.o
 .text.vHnd_E_STATE_IDLE
                0x0009032c      0x1ee objs_JN5164_SWING/ProcessEv_ADXL345_AirVolume.o
 .text.vInitAppADXL345_FIFO
                0x0009051a       0x1b objs_JN5164_SWING/ProcessEv_ADXL345_FIFO.o
                0x0009051a                _vInitAppADXL345_FIFO
 .text.cbAppToCoNet_vTxEvent
                0x00090535       0x45 objs_JN5164_SWING/ProcessEv_ADXL345_FIFO.o
 .text.vProcessADXL345_FIFO
                0x0009057a       0x9f objs_JN5164_SWING/ProcessEv_ADXL345_FIFO.o
 .text.cbAppToCoNet_vHwEvent
                0x00090619       0xf8 objs_JN5164_SWING/ProcessEv_ADXL345_FIFO.o
 .text.vProcessEvCore
                0x00090711       0x16 objs_JN5164_SWING/ProcessEv_ADXL345_FIFO.o
 .text.vHnd_E_STATE_APP_SLEEP
                0x00090727       0xca objs_JN5164_SWING/ProcessEv_ADXL345_FIFO.o
 .text.vHnd_E_STATE_RUNNING
                0x000907f1       0xa8 objs_JN5164_SWING/ProcessEv_ADXL345_FIFO.o
 .text.vHnd_E_STATE_APP_WAIT_TX
                0x00090899      0x214 objs_JN5164_SWING/ProcessEv_ADXL345_FIFO.o
 .text.vHnd_E_STATE_IDLE
                0x00090aad      0x1be objs_JN5164_SWING/ProcessEv_ADXL345_FIFO.o
 .text.vInitAppMPL115A2
                0x00090c6b       0x1b objs_JN5164_SWING/ProcessEv_MPL115A2.o
                0x00090c6b                _vInitAppMPL115A2
 .text.cbAppToCoNet_vTxEvent
                0x00090c86       0x45 objs_JN5164_SWING/ProcessEv_MPL115A2.o
 .text.vProcessMPL115A2
                0x00090ccb       0x8d objs_JN5164_SWING/ProcessEv_MPL115A2.o
 .text.cbAppToCoNet_vHwEvent
                0x00090d58      0x110 objs_JN5164_SWING/ProcessEv_MPL115A2.o
 .text.vProcessEvCore
                0x00090e68       0x16 objs_JN5164_SWING/ProcessEv_MPL115A2.o
 .text.vHnd_E_STATE_APP_SLEEP
                0x00090e7e       0xb1 objs_JN5164_SWING/ProcessEv_MPL115A2.o
 .text.vHnd_E_STATE_APP_WAIT_TX
                0x00090f2f      0x1a2 objs_JN5164_SWING/ProcessEv_MPL115A2.o
 .text.vHnd_E_STATE_RUNNING
                0x000910d1       0xdd objs_JN5164_SWING/ProcessEv_MPL115A2.o
 .text.vHnd_E_STATE_IDLE
                0x000911ae      0x179 objs_JN5164_SWING/ProcessEv_MPL115A2.o
 .text.vInitAppLIS3DH
                0x00091327       0x1b objs_JN5164_SWING/ProcessEv_LIS3DH.o
                0x00091327                _vInitAppLIS3DH
 .text.cbAppToCoNet_vTxEvent
                0x00091342       0x45 objs_JN5164_SWING/ProcessEv_LIS3DH.o
 .text.vProcessLIS3DH
                0x00091387       0x9f objs_JN5164_SWING/ProcessEv_LIS3DH.o
 .text.cbAppToCoNet_vHwEvent
                0x00091426      0x110 objs_JN5164_SWING/ProcessEv_LIS3DH.o
 .text.vProcessEvCore
                0x00091536       0x16 objs_JN5164_SWING/ProcessEv_LIS3DH.o
 .text.vHnd_E_STATE_APP_SLEEP
                0x0009154c       0xb1 objs_JN5164_SWING/ProcessEv_LIS3DH.o
 .text.vHnd_E_STATE_APP_WAIT_TX
                0x000915fd      0x20b objs_JN5164_SWING/ProcessEv_LIS3DH.o
 .text.vHnd_E_STATE_RUNNING
                0x00091808       0xdd objs_JN5164_SWING/ProcessEv_LIS3DH.o
 .text.vHnd_E_STATE_IDLE
                0x000918e5      0x179 objs_JN5164_SWING/ProcessEv_LIS3DH.o
 .text.vInitAppL3GD20
                0x00091a5e       0x1b objs_JN5164_SWING/ProcessEv_L3GD20.o
                0x00091a5e                _vInitAppL3GD20
 .text.cbAppToCoNet_vTxEvent
                0x00091a79       0x45 objs_JN5164_SWING/ProcessEv_L3GD20.o
 .text.vProcessL3GD20
                0x00091abe       0x9f objs_JN5164_SWING/ProcessEv_L3GD20.o
 .text.cbAppToCoNet_vHwEvent
                0x00091b5d      0x110 objs_JN5164_SWING/ProcessEv_L3GD20.o
 .text.vProcessEvCore
                0x00091c6d       0x16 objs_JN5164_SWING/ProcessEv_L3GD20.o
 .text.vHnd_E_STATE_APP_SLEEP
                0x00091c83       0xb1 objs_JN5164_SWING/ProcessEv_L3GD20.o
 .text.vHnd_E_STATE_APP_WAIT_TX
                0x00091d34      0x20b objs_JN5164_SWING/ProcessEv_L3GD20.o
 .text.vHnd_E_STATE_RUNNING
                0x00091f3f       0xdd objs_JN5164_SWING/ProcessEv_L3GD20.o
 .text.vHnd_E_STATE_IDLE
                0x0009201c      0x182 objs_JN5164_SWING/ProcessEv_L3GD20.o
 .text.vInitAppUart
                0x0009219e       0x55 objs_JN5164_SWING/ProcessEv_UART.o
                0x0009219e                _vInitAppUart
 .text.cb_vProcessSerialCmd
                0x000921f3       0x11 objs_JN5164_SWING/ProcessEv_UART.o
 .text.cbAppToCoNet_vTxEvent
                0x00092204       0x11 objs_JN5164_SWING/ProcessEv_UART.o
 .text.cbAppToCoNet_vMain
                0x00092215        0x6 objs_JN5164_SWING/ProcessEv_UART.o
 .text.vProcessEvCore
                0x0009221b       0x16 objs_JN5164_SWING/ProcessEv_UART.o
 .text.vHnd_E_STATE_APP_RETRY_TX
                0x00092231       0xcb objs_JN5164_SWING/ProcessEv_UART.o
 .text.vHnd_E_STATE_APP_WAIT_TX
                0x000922fc       0x69 objs_JN5164_SWING/ProcessEv_UART.o
 .text.vHnd_E_STATE_APP_RETRY
                0x00092365      0x166 objs_JN5164_SWING/ProcessEv_UART.o
 .text.vHnd_E_STATE_APP_SLEEP
                0x000924cb       0xaf objs_JN5164_SWING/ProcessEv_UART.o
 .text.vHnd_E_STATE_RUNNING
                0x0009257a      0x2e3 objs_JN5164_SWING/ProcessEv_UART.o
 .text.vHnd_E_STATE_IDLE
                0x0009285d      0x1b0 objs_JN5164_SWING/ProcessEv_UART.o
 .text.vInitAppMLX90614
                0x00092a0d       0x1b objs_JN5164_SWING/ProcessEv_MLX90614.o
                0x00092a0d                _vInitAppMLX90614
 .text.cbAppToCoNet_vTxEvent
                0x00092a28       0x45 objs_JN5164_SWING/ProcessEv_MLX90614.o
 .text.vProcessMLX90614
                0x00092a6d       0xab objs_JN5164_SWING/ProcessEv_MLX90614.o
 .text.cbAppToCoNet_vHwEvent
                0x00092b18      0x110 objs_JN5164_SWING/ProcessEv_MLX90614.o
 .text.vProcessEvCore
                0x00092c28       0x16 objs_JN5164_SWING/ProcessEv_MLX90614.o
 .text.vHnd_E_STATE_APP_SLEEP
                0x00092c3e       0xb1 objs_JN5164_SWING/ProcessEv_MLX90614.o
 .text.vHnd_E_STATE_APP_WAIT_TX
                0x00092cef      0x1aa objs_JN5164_SWING/ProcessEv_MLX90614.o
 .text.vHnd_E_STATE_RUNNING
                0x00092e99       0xdd objs_JN5164_SWING/ProcessEv_MLX90614.o
 .text.vHnd_E_STATE_IDLE
                0x00092f76      0x179 objs_JN5164_SWING/ProcessEv_MLX90614.o
 .text.vInitAppPulseCounter
                0x000930ef       0x1b objs_JN5164_SWING/ProcessEv_PulseCounter.o
                0x000930ef                _vInitAppPulseCounter
 .text.cbAppToCoNet_vTxEvent
                0x0009310a       0x45 objs_JN5164_SWING/ProcessEv_PulseCounter.o
 .text.vProcessPulseCounter
                0x0009314f       0x90 objs_JN5164_SWING/ProcessEv_PulseCounter.o
 .text.cbAppToCoNet_vHwEvent
                0x000931df      0x110 objs_JN5164_SWING/ProcessEv_PulseCounter.o
 .text.vProcessEvCore
                0x000932ef       0x16 objs_JN5164_SWING/ProcessEv_PulseCounter.o
 .text.vHnd_E_STATE_APP_SLEEP
                0x00093305       0xb1 objs_JN5164_SWING/ProcessEv_PulseCounter.o
 .text.vHnd_E_STATE_APP_WAIT_TX
                0x000933b6      0x1b7 objs_JN5164_SWING/ProcessEv_PulseCounter.o
 .text.vHnd_E_STATE_RUNNING
                0x0009356d       0xdd objs_JN5164_SWING/ProcessEv_PulseCounter.o
 .text.vHnd_E_STATE_IDLE
                0x0009364a      0x179 objs_JN5164_SWING/ProcessEv_PulseCounter.o
 .text.PRSEV_u8Register
                0x000937c3       0x32 /cygdrive/c/TWESDK/Wks_ToCoNet/App_Tag/../../Wks_libToCoNet/libToCoNet/lib/libToCoNet_JN5164.a(ToCoNet_event.o)
                0x000937c3                _PRSEV_u8Register
 .text.PRSEV_vSetStateAll
                0x000937f5       0x3b /cygdrive/c/TWESDK/Wks_ToCoNet/App_Tag/../../Wks_libToCoNet/libToCoNet/lib/libToCoNet_JN5164.a(ToCoNet_event.o)
                0x000937f5                _PRSEV_vSetStateAll
 .text.PRSEV_vSetState
                0x00093830       0x10 /cygdrive/c/TWESDK/Wks_ToCoNet/App_Tag/../../Wks_libToCoNet/libToCoNet/lib/libToCoNet_JN5164.a(ToCoNet_event.o)
                0x00093830                _PRSEV_vSetState
 .text.PRSEV_vProcessEv_core
                0x00093840       0x8f /cygdrive/c/TWESDK/Wks_ToCoNet/App_Tag/../../Wks_libToCoNet/libToCoNet/lib/libToCoNet_JN5164.a(ToCoNet_event.o)
 .text.PRSEV_vProcessEvPost
                0x000938cf       0x35 /cygdrive/c/TWESDK/Wks_ToCoNet/App_Tag/../../Wks_libToCoNet/libToCoNet/lib/libToCoNet_JN5164.a(ToCoNet_event.o)
                0x000938cf                _PRSEV_vProcessEvPost
 .text._PRSEV_vProcessEv
                0x00093904       0x16 /cygdrive/c/TWESDK/Wks_ToCoNet/App_Tag/../../Wks_libToCoNet/libToCoNet/lib/libToCoNet_JN5164.a(ToCoNet_event.o)
                0x00093904                __PRSEV_vProcessEv
 .text._PRSEV_vProcessEvSingle
                0x0009391a       0x14 /cygdrive/c/TWESDK/Wks_ToCoNet/App_Tag/../../Wks_libToCoNet/libToCoNet/lib/libToCoNet_JN5164.a(ToCoNet_event.o)
                0x0009391a                __PRSEV_vProcessEvSingle
 .text._PRSEV_vProcessEvSingleH
                0x0009392e       0x16 /cygdrive/c/TWESDK/Wks_ToCoNet/App_Tag/../../Wks_libToCoNet/libToCoNet/lib/libToCoNet_JN5164.a(ToCoNet_event.o)
                0x0009392e                __PRSEV_vProcessEvSingleH
 .text.PRSEV_bPostEvent
                0x00093944       0x24 /cygdrive/c/TWESDK/Wks_ToCoNet/App_Tag/../../Wks_libToCoNet/libToCoNet/lib/libToCoNet_JN5164.a(ToCoNet_event.o)
                0x00093944                _PRSEV_bPostEvent
 .text.ToCoNet_Event_StateExec
                0x00093968       0x31 /cygdrive/c/TWESDK/Wks_ToCoNet/App_Tag/../../Wks_libToCoNet/libToCoNet/lib/libToCoNet_JN5164.a(ToCoNet_event.o)
                0x00093968                _ToCoNet_Event_StateExec
 .text.PRSEV_vInit
                0x00093999       0x4d /cygdrive/c/TWESDK/Wks_ToCoNet/App_Tag/../../Wks_libToCoNet/libToCoNet/lib/libToCoNet_JN5164.a(ToCoNet_event.o)
                0x00093999                _PRSEV_vInit
 .text.ToCoNet_vDebugInit
                0x000939e6        0x9 /cygdrive/c/TWESDK/Wks_ToCoNet/App_Tag/../../Wks_libToCoNet/libToCoNet/lib/libToCoNet_JN5164.a(ToCoNet_main.o)
                0x000939e6                _ToCoNet_vDebugInit
 .text.ToCoNet_vDebugLevel
                0x000939ef        0x9 /cygdrive/c/TWESDK/Wks_ToCoNet/App_Tag/../../Wks_libToCoNet/libToCoNet/lib/libToCoNet_JN5164.a(ToCoNet_main.o)
                0x000939ef                _ToCoNet_vDebugLevel
 .text._ToCoNet_bRaisePanic
                0x000939f8       0x3b /cygdrive/c/TWESDK/Wks_ToCoNet/App_Tag/../../Wks_libToCoNet/libToCoNet/lib/libToCoNet_JN5164.a(ToCoNet_main.o)
                0x000939f8                __ToCoNet_bRaisePanic
 .text.ToCoNet_bRegisterAesKey
                0x00093a33       0x1a /cygdrive/c/TWESDK/Wks_ToCoNet/App_Tag/../../Wks_libToCoNet/libToCoNet/lib/libToCoNet_JN5164.a(ToCoNet_main.o)
                0x00093a33                _ToCoNet_bRegisterAesKey
 .text.ToCoNet_bMacTxReq
                0x00093a4d       0xfe /cygdrive/c/TWESDK/Wks_ToCoNet/App_Tag/../../Wks_libToCoNet/libToCoNet/lib/libToCoNet_JN5164.a(ToCoNet_main.o)
                0x00093a4d                _ToCoNet_bMacTxReq
 .text.ToCoNet_vRfConfig
                0x00093b4b        0x6 /cygdrive/c/TWESDK/Wks_ToCoNet/App_Tag/../../Wks_libToCoNet/libToCoNet/lib/libToCoNet_JN5164.a(ToCoNet_main.o)
                0x00093b4b                _ToCoNet_vRfConfig
 .text.ToCoNet_vMacStart
                0x00093b51       0x11 /cygdrive/c/TWESDK/Wks_ToCoNet/App_Tag/../../Wks_libToCoNet/libToCoNet/lib/libToCoNet_JN5164.a(ToCoNet_main.o)
                0x00093b51                _ToCoNet_vMacStart
 .text.ToCoNet_vMain
                0x00093b62      0x26c /cygdrive/c/TWESDK/Wks_ToCoNet/App_Tag/../../Wks_libToCoNet/libToCoNet/lib/libToCoNet_JN5164.a(ToCoNet_main.o)
                0x00093b62                _ToCoNet_vMain
 .text.vProcessEvCoreMac
                0x00093dce       0x7a /cygdrive/c/TWESDK/Wks_ToCoNet/App_Tag/../../Wks_libToCoNet/libToCoNet/lib/libToCoNet_JN5164.a(ToCoNet_main.o)
                0x00093dce                _vProcessEvCoreMac
 .text.ToCoNet_vStart
                0x00093e48      0x3e2 /cygdrive/c/TWESDK/Wks_ToCoNet/App_Tag/../../Wks_libToCoNet/libToCoNet/lib/libToCoNet_JN5164.a(ToCoNet_main.o)
                0x00093e48                _ToCoNet_vStart
 .text.ToCoNet_vInit
                0x0009422a      0x135 /cygdrive/c/TWESDK/Wks_ToCoNet/App_Tag/../../Wks_libToCoNet/libToCoNet/lib/libToCoNet_JN5164.a(ToCoNet_main.o)
                0x0009422a                _ToCoNet_vInit
 .text.u8HwEventHandler
                0x0009435f       0x27 /cygdrive/c/TWESDK/Wks_ToCoNet/App_Tag/../../Wks_libToCoNet/libToCoNet/lib/libToCoNet_JN5164.a(ToCoNet_main.o)
 .text.ToCoNet_u32GetVersion
                0x00094386       0x21 /cygdrive/c/TWESDK/Wks_ToCoNet/App_Tag/../../Wks_libToCoNet/libToCoNet/lib/libToCoNet_JN5164.a(ToCoNet_utils.o)
                0x00094386                _ToCoNet_u32GetVersion
 .text.ToCoNet_u32GetVersion_LibEx
                0x000943a7       0x21 /cygdrive/c/TWESDK/Wks_ToCoNet/App_Tag/../../Wks_libToCoNet/libToCoNet/lib/libToCoNet_JN5164.a(ToCoNet_utils.o)
                0x000943a7                _ToCoNet_u32GetVersion_LibEx
 .text.ToCoNet_u32GetVersion_LibUtils
                0x000943c8       0x21 /cygdrive/c/TWESDK/Wks_ToCoNet/App_Tag/../../Wks_libToCoNet/libToCoNet/lib/libToCoNet_JN5164.a(ToCoNet_utils.o)
                0x000943c8                _ToCoNet_u32GetVersion_LibUtils
 .text.ToCoNet_u16GetPanId
                0x000943e9        0x9 /cygdrive/c/TWESDK/Wks_ToCoNet/App_Tag/../../Wks_libToCoNet/libToCoNet/lib/libToCoNet_JN5164.a(ToCoNet_utils.o)
                0x000943e9                _ToCoNet_u16GetPanId
 .text.ToCoNet_u32GetSerial
                0x000943f2        0x9 /cygdrive/c/TWESDK/Wks_ToCoNet/App_Tag/../../Wks_libToCoNet/libToCoNet/lib/libToCoNet_JN5164.a(ToCoNet_utils.o)
                0x000943f2                _ToCoNet_u32GetSerial
 .text.ToCoNet_u16RcCalib
                0x000943fb       0x4e /cygdrive/c/TWESDK/Wks_ToCoNet/App_Tag/../../Wks_libToCoNet/libToCoNet/lib/libToCoNet_JN5164.a(ToCoNet_utils.o)
                0x000943fb                _ToCoNet_u16RcCalib
 .text.ToCoNet_u32GetRand
                0x00094449       0x65 /cygdrive/c/TWESDK/Wks_ToCoNet/App_Tag/../../Wks_libToCoNet/libToCoNet/lib/libToCoNet_JN5164.a(ToCoNet_utils.o)
                0x00094449                _ToCoNet_u32GetRand
 .text.ToCoNet_vSleep
                0x000944ae      0x12b /cygdrive/c/TWESDK/Wks_ToCoNet/App_Tag/../../Wks_libToCoNet/libToCoNet/lib/libToCoNet_JN5164.a(ToCoNet_utils.o)
                0x000944ae                _ToCoNet_vSleep
 .text.ToCoNet_vReg_mod_Tx_Standard
                0x000945d9       0x1d /cygdrive/c/TWESDK/Wks_ToCoNet/App_Tag/../../Wks_libToCoNet/libToCoNet/lib/libToCoNet_JN5164.a(ToCoNet_mod_Tx.o)
                0x000945d9                _ToCoNet_vReg_mod_Tx_Standard
 .text.ToCoNet_Tx_vProcessQueue
                0x000945f6       0x28 /cygdrive/c/TWESDK/Wks_ToCoNet/App_Tag/../../Wks_libToCoNet/libToCoNet/lib/libToCoNet_JN5164.a(ToCoNet_mod_Tx.o)
                0x000945f6                _ToCoNet_Tx_vProcessQueue
 .text.vProcessEvCoreTx
                0x0009461e       0x67 /cygdrive/c/TWESDK/Wks_ToCoNet/App_Tag/../../Wks_libToCoNet/libToCoNet/lib/libToCoNet_JN5164.a(ToCoNet_mod_Tx.o)
 .text.vHnd_E_STATE_FINISH_TX_SUCCESS
                0x00094685       0x9b /cygdrive/c/TWESDK/Wks_ToCoNet/App_Tag/../../Wks_libToCoNet/libToCoNet/lib/libToCoNet_JN5164.a(ToCoNet_mod_Tx.o)
 .text.vHnd_E_STATE_WAIT_TX
                0x00094720       0x71 /cygdrive/c/TWESDK/Wks_ToCoNet/App_Tag/../../Wks_libToCoNet/libToCoNet/lib/libToCoNet_JN5164.a(ToCoNet_mod_Tx.o)
 .text.vHnd_E_STATE_PREPARE_TX
                0x00094791      0x160 /cygdrive/c/TWESDK/Wks_ToCoNet/App_Tag/../../Wks_libToCoNet/libToCoNet/lib/libToCoNet_JN5164.a(ToCoNet_mod_Tx.o)
 .text.vHnd_E_STATE_IDLE
                0x000948f1       0x49 /cygdrive/c/TWESDK/Wks_ToCoNet/App_Tag/../../Wks_libToCoNet/libToCoNet/lib/libToCoNet_JN5164.a(ToCoNet_mod_Tx.o)
 .text.vHnd_E_STATE_RUNNING
                0x0009493a      0x202 /cygdrive/c/TWESDK/Wks_ToCoNet/App_Tag/../../Wks_libToCoNet/libToCoNet/lib/libToCoNet_JN5164.a(ToCoNet_mod_Tx.o)
 .text.vHnd_E_STATE_FINISH_TX_FAIL
                0x00094b3c       0xc2 /cygdrive/c/TWESDK/Wks_ToCoNet/App_Tag/../../Wks_libToCoNet/libToCoNet/lib/libToCoNet_JN5164.a(ToCoNet_mod_Tx.o)
 .text.ToCoNet_vReg_mod_TxRxQueueMid
                0x00094bfe       0x84 /cygdrive/c/TWESDK/Wks_ToCoNet/App_Tag/../../Wks_libToCoNet/libToCoNet/lib/libToCoNet_JN5164.a(ToCoNet_mod_TxRxQueue.o)
                0x00094bfe                _ToCoNet_vReg_mod_TxRxQueueMid
 .text.ToCoNet_vRxProc_App
                0x00094c82       0x81 /cygdrive/c/TWESDK/Wks_ToCoNet/App_Tag/../../Wks_libToCoNet/libToCoNet/lib/libToCoNet_JN5164.a(ToCoNet_mod_Nwk_Common.o)
                0x00094c82                _ToCoNet_vRxProc_App
 .text.ToCoNet_vRxProc_Mod
                0x00094d03       0x49 /cygdrive/c/TWESDK/Wks_ToCoNet/App_Tag/../../Wks_libToCoNet/libToCoNet/lib/libToCoNet_JN5164.a(ToCoNet_mod_Nwk_Common.o)
                0x00094d03                _ToCoNet_vRxProc_Mod
 .text.u32GenRouteCtlInfo
                0x00094d4c       0x24 /cygdrive/c/TWESDK/Wks_ToCoNet/App_Tag/../../Wks_libToCoNet/libToCoNet/lib/libToCoNet_JN5164.a(ToCoNet_mod_Nwk_LayerTree_MiniNodes.o)
 .text.ToCoNet_bNwk_Init_LayerTree
                0x00094d70       0x16 /cygdrive/c/TWESDK/Wks_ToCoNet/App_Tag/../../Wks_libToCoNet/libToCoNet/lib/libToCoNet_JN5164.a(ToCoNet_mod_Nwk_LayerTree_MiniNodes.o)
 .text.ToCoNet_bNwk_Stop_LayerTree
                0x00094d86        0x5 /cygdrive/c/TWESDK/Wks_ToCoNet/App_Tag/../../Wks_libToCoNet/libToCoNet/lib/libToCoNet_JN5164.a(ToCoNet_mod_Nwk_LayerTree_MiniNodes.o)
 .text.ToCoNet_NwkLyTr_psConfig_MiniNodes
                0x00094d8b       0x8f /cygdrive/c/TWESDK/Wks_ToCoNet/App_Tag/../../Wks_libToCoNet/libToCoNet/lib/libToCoNet_JN5164.a(ToCoNet_mod_Nwk_LayerTree_MiniNodes.o)
                0x00094d8b                _ToCoNet_NwkLyTr_psConfig_MiniNodes
 .text.bTxReq   0x00094e1a      0x11a /cygdrive/c/TWESDK/Wks_ToCoNet/App_Tag/../../Wks_libToCoNet/libToCoNet/lib/libToCoNet_JN5164.a(ToCoNet_mod_Nwk_LayerTree_MiniNodes.o)
 .text.ToCoNet_bNwk_Start_LayerTree
                0x00094f34        0xe /cygdrive/c/TWESDK/Wks_ToCoNet/App_Tag/../../Wks_libToCoNet/libToCoNet/lib/libToCoNet_JN5164.a(ToCoNet_mod_Nwk_LayerTree_MiniNodes.o)
 .text.ToCoNet_ChMgr_bCh_Reconfig
                0x00094f42       0x68 /cygdrive/c/TWESDK/Wks_ToCoNet/App_Tag/../../Wks_libToCoNet/libToCoNet/lib/libToCoNet_JN5164.a(ToCoNet_mod_Channel_Mgr.o)
                0x00094f42                _ToCoNet_ChMgr_bCh_Reconfig
 .text.ToCoNet_ChMgr_vCh_TxFin
                0x00094faa       0x30 /cygdrive/c/TWESDK/Wks_ToCoNet/App_Tag/../../Wks_libToCoNet/libToCoNet/lib/libToCoNet_JN5164.a(ToCoNet_mod_Channel_Mgr.o)
                0x00094faa                _ToCoNet_ChMgr_vCh_TxFin
 .text.ToCoNet_ChMgr_bCh_OnTx
                0x00094fda       0x6d /cygdrive/c/TWESDK/Wks_ToCoNet/App_Tag/../../Wks_libToCoNet/libToCoNet/lib/libToCoNet_JN5164.a(ToCoNet_mod_Channel_Mgr.o)
                0x00094fda                _ToCoNet_ChMgr_bCh_OnTx
 .text.vFifoInit
                0x00095047       0x14 /cygdrive/c/TWESDK/Wks_ToCoNet/App_Tag/../../Wks_libToCoNet/libToCoNet/lib/libToCoNet_JN5164.a(AppQueueApi_ToCoNet.o)
 .text.pvFifoPull
                0x0009505b       0x23 /cygdrive/c/TWESDK/Wks_ToCoNet/App_Tag/../../Wks_libToCoNet/libToCoNet/lib/libToCoNet_JN5164.a(AppQueueApi_ToCoNet.o)
 .text.psAppQApiGetMcpsBuffer
                0x0009507e        0xc /cygdrive/c/TWESDK/Wks_ToCoNet/App_Tag/../../Wks_libToCoNet/libToCoNet/lib/libToCoNet_JN5164.a(AppQueueApi_ToCoNet.o)
 .text.psAppQApiGetMlmeBuffer
                0x0009508a        0xc /cygdrive/c/TWESDK/Wks_ToCoNet/App_Tag/../../Wks_libToCoNet/libToCoNet/lib/libToCoNet_JN5164.a(AppQueueApi_ToCoNet.o)
 .text.psAppQApiReadHwIndT
                0x00095096        0xc /cygdrive/c/TWESDK/Wks_ToCoNet/App_Tag/../../Wks_libToCoNet/libToCoNet/lib/libToCoNet_JN5164.a(AppQueueApi_ToCoNet.o)
                0x00095096                _psAppQApiReadHwIndT
 .text.psAppQApiReadMcpsIndT
                0x000950a2        0xc /cygdrive/c/TWESDK/Wks_ToCoNet/App_Tag/../../Wks_libToCoNet/libToCoNet/lib/libToCoNet_JN5164.a(AppQueueApi_ToCoNet.o)
                0x000950a2                _psAppQApiReadMcpsIndT
 .text.psAppQApiReadMlmeIndT
                0x000950ae        0xc /cygdrive/c/TWESDK/Wks_ToCoNet/App_Tag/../../Wks_libToCoNet/libToCoNet/lib/libToCoNet_JN5164.a(AppQueueApi_ToCoNet.o)
                0x000950ae                _psAppQApiReadMlmeIndT
 .text.bFifoPush
                0x000950ba       0x28 /cygdrive/c/TWESDK/Wks_ToCoNet/App_Tag/../../Wks_libToCoNet/libToCoNet/lib/libToCoNet_JN5164.a(AppQueueApi_ToCoNet.o)
 .text.vAppQApiPostMcps
                0x000950e2       0x1e /cygdrive/c/TWESDK/Wks_ToCoNet/App_Tag/../../Wks_libToCoNet/libToCoNet/lib/libToCoNet_JN5164.a(AppQueueApi_ToCoNet.o)
 .text.vAppQApiPostMlme
                0x00095100       0x22 /cygdrive/c/TWESDK/Wks_ToCoNet/App_Tag/../../Wks_libToCoNet/libToCoNet/lib/libToCoNet_JN5164.a(AppQueueApi_ToCoNet.o)
 .text.vAppQApiReturnHwIndBufferT
                0x00095122        0xe /cygdrive/c/TWESDK/Wks_ToCoNet/App_Tag/../../Wks_libToCoNet/libToCoNet/lib/libToCoNet_JN5164.a(AppQueueApi_ToCoNet.o)
                0x00095122                _vAppQApiReturnHwIndBufferT
 .text.vAppQApiReturnMcpsIndBufferT
                0x00095130        0xe /cygdrive/c/TWESDK/Wks_ToCoNet/App_Tag/../../Wks_libToCoNet/libToCoNet/lib/libToCoNet_JN5164.a(AppQueueApi_ToCoNet.o)
                0x00095130                _vAppQApiReturnMcpsIndBufferT
 .text.vAppQApiReturnMlmeIndBufferT
                0x0009513e        0xe /cygdrive/c/TWESDK/Wks_ToCoNet/App_Tag/../../Wks_libToCoNet/libToCoNet/lib/libToCoNet_JN5164.a(AppQueueApi_ToCoNet.o)
                0x0009513e                _vAppQApiReturnMlmeIndBufferT
 .text.u32AppQApiInitT
                0x0009514c      0x18f /cygdrive/c/TWESDK/Wks_ToCoNet/App_Tag/../../Wks_libToCoNet/libToCoNet/lib/libToCoNet_JN5164.a(AppQueueApi_ToCoNet.o)
                0x0009514c                _u32AppQApiInitT
 .text.vAppQApiPostHwIntT
                0x000952db       0x6e /cygdrive/c/TWESDK/Wks_ToCoNet/App_Tag/../../Wks_libToCoNet/libToCoNet/lib/libToCoNet_JN5164.a(AppQueueApi_ToCoNet.o)
 .text.u32AppQApiInitNetwork
                0x00095349       0x22 /cygdrive/c/TWESDK/Wks_ToCoNet/App_Tag/../../Wks_libToCoNet/libToCoNet/lib/libToCoNet_JN5164.a(AppQueueApi_ToCoNet.o)
                0x00095349                _u32AppQApiInitNetwork
 .text._ToCoNet_bRfChChannel
                0x0009536b       0xaa /cygdrive/c/TWESDK/Wks_ToCoNet/App_Tag/../../Wks_libToCoNet/libToCoNet/lib/libToCoNetExt_JN5164.a(AppStart.o)
                0x0009536b                __ToCoNet_bRfChChannel
 .text.AppWarmStart
                0x00095415       0x9d /cygdrive/c/TWESDK/Wks_ToCoNet/App_Tag/../../Wks_libToCoNet/libToCoNet/lib/libToCoNetExt_JN5164.a(AppStart.o)
                0x00095415                _AppWarmStart
 .text._ToCoNet_vMacInit
                0x000954b2       0x2c /cygdrive/c/TWESDK/Wks_ToCoNet/App_Tag/../../Wks_libToCoNet/libToCoNet/lib/libToCoNetExt_JN5164.a(AppStart.o)
                0x000954b2                __ToCoNet_vMacInit
 .text._ToCoNet_vRfConfig
                0x000954de       0xe3 /cygdrive/c/TWESDK/Wks_ToCoNet/App_Tag/../../Wks_libToCoNet/libToCoNet/lib/libToCoNetExt_JN5164.a(AppStart.o)
                0x000954de                __ToCoNet_vRfConfig
 .text.AppColdStart
                0x000955c1      0x4d7 /cygdrive/c/TWESDK/Wks_ToCoNet/App_Tag/../../Wks_libToCoNet/libToCoNet/lib/libToCoNetExt_JN5164.a(AppStart.o)
                0x000955c1                _AppColdStart
 .text.ToCoNet_u32GetSerialOnBoot
                0x00095a98       0x37 /cygdrive/c/TWESDK/Wks_ToCoNet/App_Tag/../../Wks_libToCoNet/libToCoNet/lib/libToCoNetExt_JN5164.a(getMacAddr.o)
                0x00095a98                _ToCoNet_u32GetSerialOnBoot
 .text.Mac_bRxQueueReg
                0x00095acf       0x34 /cygdrive/c/TWESDK/Wks_ToCoNet/App_Tag/../../Wks_libToCoNet/libToCoNet/lib/libToCoNetExt_JN5164.a(mac.o)
                0x00095acf                _Mac_bRxQueueReg
 .text.Mac_vSetHighDataRate
                0x00095b03        0x3 /cygdrive/c/TWESDK/Wks_ToCoNet/App_Tag/../../Wks_libToCoNet/libToCoNet/lib/libToCoNetExt_JN5164.a(mac.o)
                0x00095b03                _Mac_vSetHighDataRate
 .text.Mac_vSetCCA
                0x00095b06       0x32 /cygdrive/c/TWESDK/Wks_ToCoNet/App_Tag/../../Wks_libToCoNet/libToCoNet/lib/libToCoNetExt_JN5164.a(mac.o)
                0x00095b06                _Mac_vSetCCA
 .text.Mac_vSetRetry
                0x00095b38       0x1e /cygdrive/c/TWESDK/Wks_ToCoNet/App_Tag/../../Wks_libToCoNet/libToCoNet/lib/libToCoNetExt_JN5164.a(mac.o)
                0x00095b38                _Mac_vSetRetry
 .text.Mac_vReset
                0x00095b56       0x20 /cygdrive/c/TWESDK/Wks_ToCoNet/App_Tag/../../Wks_libToCoNet/libToCoNet/lib/libToCoNetExt_JN5164.a(mac.o)
                0x00095b56                _Mac_vReset
 .text.bDecodeAES
                0x00095b76       0xc6 /cygdrive/c/TWESDK/Wks_ToCoNet/App_Tag/../../Wks_libToCoNet/libToCoNet/lib/libToCoNetExt_JN5164.a(mac.o)
                0x00095b76                _bDecodeAES
 .text.bEncodeAES
                0x00095c3c       0xbb /cygdrive/c/TWESDK/Wks_ToCoNet/App_Tag/../../Wks_libToCoNet/libToCoNet/lib/libToCoNetExt_JN5164.a(mac.o)
                0x00095c3c                _bEncodeAES
 .text.Mac_vHandleMcpsDataInd
                0x00095cf7      0x2a0 /cygdrive/c/TWESDK/Wks_ToCoNet/App_Tag/../../Wks_libToCoNet/libToCoNet/lib/libToCoNetExt_JN5164.a(mac.o)
                0x00095cf7                _Mac_vHandleMcpsDataInd
 .text.Mac_bSecureInit
                0x00095f97        0xc /cygdrive/c/TWESDK/Wks_ToCoNet/App_Tag/../../Wks_libToCoNet/libToCoNet/lib/libToCoNetExt_JN5164.a(mac.o)
                0x00095f97                _Mac_bSecureInit
 .text.Mac_vInit
                0x00095fa3       0x41 /cygdrive/c/TWESDK/Wks_ToCoNet/App_Tag/../../Wks_libToCoNet/libToCoNet/lib/libToCoNetExt_JN5164.a(mac.o)
                0x00095fa3                _Mac_vInit
 .text.Mac_bTransmit
                0x00095fe4      0x1ee /cygdrive/c/TWESDK/Wks_ToCoNet/App_Tag/../../Wks_libToCoNet/libToCoNet/lib/libToCoNetExt_JN5164.a(mac.o)
                0x00095fe4                _Mac_bTransmit
 .text.bAES_CCM_Encode
                0x000961d2       0x1e /cygdrive/c/TWESDK/Wks_ToCoNet/App_Tag/../../Wks_libToCoNet/libToCoNet/lib/libToCoNetExt_JN5164.a(AES_CCM.o)
                0x000961d2                _bAES_CCM_Encode
 .text.bAES_CCM_Decode
                0x000961f0       0x1e /cygdrive/c/TWESDK/Wks_ToCoNet/App_Tag/../../Wks_libToCoNet/libToCoNet/lib/libToCoNetExt_JN5164.a(AES_CCM.o)
                0x000961f0                _bAES_CCM_Decode
 .text.bAES_CCM_KeyReg
                0x0009620e       0x4a /cygdrive/c/TWESDK/Wks_ToCoNet/App_Tag/../../Wks_libToCoNet/libToCoNet/lib/libToCoNetExt_JN5164.a(AES_CCM.o)
                0x0009620e                _bAES_CCM_KeyReg
 .text.bAES_CCM_DecodeKey
                0x00096258       0x6b /cygdrive/c/TWESDK/Wks_ToCoNet/App_Tag/../../Wks_libToCoNet/libToCoNet/lib/libToCoNetExt_JN5164.a(AES_CCM.o)
                0x00096258                _bAES_CCM_DecodeKey
 .text.bAES_CCM_EncodeKey
                0x000962c3       0x5c /cygdrive/c/TWESDK/Wks_ToCoNet/App_Tag/../../Wks_libToCoNet/libToCoNet/lib/libToCoNetExt_JN5164.a(AES_CCM.o)
                0x000962c3                _bAES_CCM_EncodeKey
 .text.EEP_6x_bRead
                0x0009631f       0x48 /cygdrive/c/TWESDK/Wks_ToCoNet/App_Tag/../../Wks_libToCoNet/libToCoNet/lib/libToCoNetExt_JN5164.a(eeprom_6x.o)
                0x0009631f                _EEP_6x_bRead
 .text.EEP_6x_bWrite
                0x00096367       0x7b /cygdrive/c/TWESDK/Wks_ToCoNet/App_Tag/../../Wks_libToCoNet/libToCoNet/lib/libToCoNetExt_JN5164.a(eeprom_6x.o)
                0x00096367                _EEP_6x_bWrite
 .text.vInstallNoAckHandler
                0x000963e2       0x2a /cygdrive/c/TWESDK/Wks_ToCoNet/App_Tag/../../Wks_libToCoNet/libToCoNet/lib/libToCoNetExt_JN5164.a(no_ack_handler.o)
                0x000963e2                _vInstallNoAckHandler
 .text.vHandlerPatch
                0x0009640c       0x38 /cygdrive/c/TWESDK/Wks_ToCoNet/App_Tag/../../Wks_libToCoNet/libToCoNet/lib/libToCoNetExt_JN5164.a(no_ack_handler.o)
 .text.bAHI_ReadIndexSectorPage
                0x00096444       0x4a /cygdrive/c/TWESDK/Wks_ToCoNet/App_Tag/../../Wks_libToCoNet/libToCoNet/lib/libToCoNetExt_JN5164.a(AHI_FlashIndexSector.o)
                0x00096444                _bAHI_ReadIndexSectorPage
 .text.bAHI_ReadUserData
                0x0009648e       0x2a /cygdrive/c/TWESDK/Wks_ToCoNet/App_Tag/../../Wks_libToCoNet/libToCoNet/lib/libToCoNetExt_JN5164.a(AHI_FlashIndexSector.o)
                0x0009648e                _bAHI_ReadUserData
 .text.bAHI_ReadIndexSectorBit
                0x000964b8       0x39 /cygdrive/c/TWESDK/Wks_ToCoNet/App_Tag/../../Wks_libToCoNet/libToCoNet/lib/libToCoNetExt_JN5164.a(AHI_FlashIndexSector.o)
                0x000964b8                _bAHI_ReadIndexSectorBit
 .text.u32AHI_ReadIndexSectorBits
                0x000964f1       0x37 /cygdrive/c/TWESDK/Wks_ToCoNet/App_Tag/../../Wks_libToCoNet/libToCoNet/lib/libToCoNetExt_JN5164.a(AHI_FlashIndexSector.o)
                0x000964f1                _u32AHI_ReadIndexSectorBits
 .text.bAHI_ReadCustomerSettings
                0x00096528       0x9b /cygdrive/c/TWESDK/Wks_ToCoNet/App_Tag/../../Wks_libToCoNet/libToCoNet/lib/libToCoNetExt_JN5164.a(AHI_FlashIndexSector.o)
                0x00096528                _bAHI_ReadCustomerSettings
 .text.bAHI_ReadMACID
                0x000965c3       0x46 /cygdrive/c/TWESDK/Wks_ToCoNet/App_Tag/../../Wks_libToCoNet/libToCoNet/lib/libToCoNetExt_JN5164.a(AHI_FlashIndexSector.o)
                0x000965c3                _bAHI_ReadMACID
 .text.bPDM_InitialiseEEPROM
                0x00096609       0x4d /cygdrive/c/TWESDK/Wks_ToCoNet/App_Tag/../../Wks_libToCoNet/libToCoNet/lib/libToCoNetExt_JN5164.a(PDM_EEPROM.o)
                0x00096609                _bPDM_InitialiseEEPROM
 .text.vPDM_WriteEEPROMfixSegmentData
                0x00096656       0x3e /cygdrive/c/TWESDK/Wks_ToCoNet/App_Tag/../../Wks_libToCoNet/libToCoNet/lib/libToCoNetExt_JN5164.a(PDM_EEPROM.o)
                0x00096656                _vPDM_WriteEEPROMfixSegmentData
 .text.SERIAL_bTxQueueEmpty
                0x00096694       0x18 /cygdrive/c/TWESDK/Wks_ToCoNet/App_Tag/../../Wks_libToCoNet/libToCoNet/lib/libToCoNetUtils_JN5164.a(serial.o)
                0x00096694                _SERIAL_bTxQueueEmpty
 .text.SERIAL_bRxQueueEmpty
                0x000966ac       0x18 /cygdrive/c/TWESDK/Wks_ToCoNet/App_Tag/../../Wks_libToCoNet/libToCoNet/lib/libToCoNetUtils_JN5164.a(serial.o)
                0x000966ac                _SERIAL_bRxQueueEmpty
 .text.SERIAL_vTxReady
                0x000966c4       0x36 /cygdrive/c/TWESDK/Wks_ToCoNet/App_Tag/../../Wks_libToCoNet/libToCoNet/lib/libToCoNetUtils_JN5164.a(serial.o)
                0x000966c4                _SERIAL_vTxReady
 .text.SERIAL_vFlush
                0x000966fa       0x39 /cygdrive/c/TWESDK/Wks_ToCoNet/App_Tag/../../Wks_libToCoNet/libToCoNet/lib/libToCoNetUtils_JN5164.a(serial.o)
                0x000966fa                _SERIAL_vFlush
 .text.SERIAL_i16RxChar
                0x00096733       0x4c /cygdrive/c/TWESDK/Wks_ToCoNet/App_Tag/../../Wks_libToCoNet/libToCoNet/lib/libToCoNetUtils_JN5164.a(serial.o)
                0x00096733                _SERIAL_i16RxChar
 .text.SERIAL_bTxChar
                0x0009677f       0x73 /cygdrive/c/TWESDK/Wks_ToCoNet/App_Tag/../../Wks_libToCoNet/libToCoNet/lib/libToCoNetUtils_JN5164.a(serial.o)
                0x0009677f                _SERIAL_bTxChar
 .text.SERIAL_vInitEx
                0x000967f2       0x90 /cygdrive/c/TWESDK/Wks_ToCoNet/App_Tag/../../Wks_libToCoNet/libToCoNet/lib/libToCoNetUtils_JN5164.a(serial.o)
                0x000967f2                _SERIAL_vInitEx
 .text.vRxChar  0x00096882       0x3e /cygdrive/c/TWESDK/Wks_ToCoNet/App_Tag/../../Wks_libToCoNet/libToCoNet/lib/libToCoNetUtils_JN5164.a(serial.o)
 .text.UART_vSetTxInterrupt
                0x000968c0       0x1a /cygdrive/c/TWESDK/Wks_ToCoNet/App_Tag/../../Wks_libToCoNet/libToCoNet/lib/libToCoNetUtils_JN5164.a(uart.o)
                0x000968c0                _UART_vSetTxInterrupt
 .text.UART_bTxReady
                0x000968da        0xf /cygdrive/c/TWESDK/Wks_ToCoNet/App_Tag/../../Wks_libToCoNet/libToCoNet/lib/libToCoNetUtils_JN5164.a(uart.o)
                0x000968da                _UART_bTxReady
 .text.UART_vTxChar
                0x000968e9        0x6 /cygdrive/c/TWESDK/Wks_ToCoNet/App_Tag/../../Wks_libToCoNet/libToCoNet/lib/libToCoNetUtils_JN5164.a(uart.o)
                0x000968e9                _UART_vTxChar
 .text.UART_vRtsStartFlow
                0x000968ef       0x22 /cygdrive/c/TWESDK/Wks_ToCoNet/App_Tag/../../Wks_libToCoNet/libToCoNet/lib/libToCoNetUtils_JN5164.a(uart.o)
                0x000968ef                _UART_vRtsStartFlow
 .text.UART_vRtsStopFlow
                0x00096911       0x22 /cygdrive/c/TWESDK/Wks_ToCoNet/App_Tag/../../Wks_libToCoNet/libToCoNet/lib/libToCoNetUtils_JN5164.a(uart.o)
                0x00096911                _UART_vRtsStopFlow
 .text.UART_vInit
                0x00096933      0x1c3 /cygdrive/c/TWESDK/Wks_ToCoNet/App_Tag/../../Wks_libToCoNet/libToCoNet/lib/libToCoNetUtils_JN5164.a(uart.o)
                0x00096933                _UART_vInit
 .text.UART_vHandleUartInterrupt
                0x00096af6       0x8e /cygdrive/c/TWESDK/Wks_ToCoNet/App_Tag/../../Wks_libToCoNet/libToCoNet/lib/libToCoNetUtils_JN5164.a(uart.o)
 .text.QUEUE__vInit
                0x00096b84       0x12 /cygdrive/c/TWESDK/Wks_ToCoNet/App_Tag/../../Wks_libToCoNet/libToCoNet/lib/libToCoNetUtils_JN5164.a(ByteQueue.o)
                0x00096b84                _QUEUE__vInit
 .text.QUEUE__bEmpty
                0x00096b96        0xe /cygdrive/c/TWESDK/Wks_ToCoNet/App_Tag/../../Wks_libToCoNet/libToCoNet/lib/libToCoNetUtils_JN5164.a(ByteQueue.o)
                0x00096b96                _QUEUE__bEmpty
 .text.QUEUE__bFull
                0x00096ba4       0x11 /cygdrive/c/TWESDK/Wks_ToCoNet/App_Tag/../../Wks_libToCoNet/libToCoNet/lib/libToCoNetUtils_JN5164.a(ByteQueue.o)
                0x00096ba4                _QUEUE__bFull
 .text.QUEUE__u16Count
                0x00096bb5        0x6 /cygdrive/c/TWESDK/Wks_ToCoNet/App_Tag/../../Wks_libToCoNet/libToCoNet/lib/libToCoNetUtils_JN5164.a(ByteQueue.o)
                0x00096bb5                _QUEUE__u16Count
 .text.QUEUE__vFlush
                0x00096bbb       0x26 /cygdrive/c/TWESDK/Wks_ToCoNet/App_Tag/../../Wks_libToCoNet/libToCoNet/lib/libToCoNetUtils_JN5164.a(ByteQueue.o)
                0x00096bbb                _QUEUE__vFlush
 .text.QUEUE__u8RemoveItem
                0x00096be1       0x66 /cygdrive/c/TWESDK/Wks_ToCoNet/App_Tag/../../Wks_libToCoNet/libToCoNet/lib/libToCoNetUtils_JN5164.a(ByteQueue.o)
                0x00096be1                _QUEUE__u8RemoveItem
 .text.QUEUE__vAddItem
                0x00096c47       0x66 /cygdrive/c/TWESDK/Wks_ToCoNet/App_Tag/../../Wks_libToCoNet/libToCoNet/lib/libToCoNetUtils_JN5164.a(ByteQueue.o)
                0x00096c47                _QUEUE__vAddItem
 .text.u8CCITT8
                0x00096cad       0x23 /cygdrive/c/TWESDK/Wks_ToCoNet/App_Tag/../../Wks_libToCoNet/libToCoNet/lib/libToCoNetUtils_JN5164.a(ccitt8.o)
                0x00096cad                _u8CCITT8
 .text.vPrintString
                0x00096cd0       0x7d /cygdrive/c/TWESDK/Wks_ToCoNet/App_Tag/../../Wks_libToCoNet/libToCoNet/lib/libToCoNetUtils_JN5164.a(fprintf.o)
 .text.vPrintInteger
                0x00096d4d       0xac /cygdrive/c/TWESDK/Wks_ToCoNet/App_Tag/../../Wks_libToCoNet/libToCoNet/lib/libToCoNetUtils_JN5164.a(fprintf.o)
 .text.vfPrintf
                0x00096df9      0x1d4 /cygdrive/c/TWESDK/Wks_ToCoNet/App_Tag/../../Wks_libToCoNet/libToCoNet/lib/libToCoNetUtils_JN5164.a(fprintf.o)
                0x00096df9                _vfPrintf
 .text.SPRINTF_bPutChar
                0x00096fcd       0x3b /cygdrive/c/TWESDK/Wks_ToCoNet/App_Tag/../../Wks_libToCoNet/libToCoNet/lib/libToCoNetUtils_JN5164.a(sprintf.o)
 .text.SPRINTF_vInit128
                0x00097008       0x30 /cygdrive/c/TWESDK/Wks_ToCoNet/App_Tag/../../Wks_libToCoNet/libToCoNet/lib/libToCoNetUtils_JN5164.a(sprintf.o)
                0x00097008                _SPRINTF_vInit128
 .text.u32string2hex
                0x00097038       0x5e /cygdrive/c/TWESDK/Wks_ToCoNet/App_Tag/../../Wks_libToCoNet/libToCoNet/lib/libToCoNetUtils_JN5164.a(sprintf.o)
                0x00097038                _u32string2hex
 .text.u32string2dec
                0x00097096       0x61 /cygdrive/c/TWESDK/Wks_ToCoNet/App_Tag/../../Wks_libToCoNet/libToCoNet/lib/libToCoNetUtils_JN5164.a(sprintf.o)
                0x00097096                _u32string2dec
 .text.vTimerChangeDutyCore
                0x000970f7       0xa2 /cygdrive/c/TWESDK/Wks_ToCoNet/App_Tag/../../Wks_libToCoNet/libToCoNet/lib/libToCoNetUtils_JN5164.a(utils.o)
                0x000970f7                _vTimerChangeDutyCore
 .text.vTimerChangeDuty
                0x00097199        0xe /cygdrive/c/TWESDK/Wks_ToCoNet/App_Tag/../../Wks_libToCoNet/libToCoNet/lib/libToCoNetUtils_JN5164.a(utils.o)
                0x00097199                _vTimerChangeDuty
 .text.vWait    0x000971a7       0x19 /cygdrive/c/TWESDK/Wks_ToCoNet/App_Tag/../../Wks_libToCoNet/libToCoNet/lib/libToCoNetUtils_JN5164.a(utils.o)
                0x000971a7                _vWait
 .text.vTimerStop
                0x000971c0       0x39 /cygdrive/c/TWESDK/Wks_ToCoNet/App_Tag/../../Wks_libToCoNet/libToCoNet/lib/libToCoNetUtils_JN5164.a(utils.o)
                0x000971c0                _vTimerStop
 .text.vTimerStart
                0x000971f9       0xa7 /cygdrive/c/TWESDK/Wks_ToCoNet/App_Tag/../../Wks_libToCoNet/libToCoNet/lib/libToCoNetUtils_JN5164.a(utils.o)
                0x000971f9                _vTimerStart
 .text.vTimerConfig
                0x000972a0      0x190 /cygdrive/c/TWESDK/Wks_ToCoNet/App_Tag/../../Wks_libToCoNet/libToCoNet/lib/libToCoNetUtils_JN5164.a(utils.o)
                0x000972a0                _vTimerConfig
 .text          0x00097430       0xbb /cygdrive/c/TWESDK/Tools/ba-elf-ba2/bin/../lib/gcc/ba-elf/4.1.2/../../../../ba-elf/lib/ba2/libm.a(w_sqrt.o)
                0x00097430                _sqrt
 .text          0x000974eb       0xcf /cygdrive/c/TWESDK/Tools/ba-elf-ba2/bin/../lib/gcc/ba-elf/4.1.2/../../../../ba-elf/lib/ba2/libm.a(wf_atan2.o)
                0x000974eb                _atan2f
 .text          0x000975ba      0x1a4 /cygdrive/c/TWESDK/Tools/ba-elf-ba2/bin/../lib/gcc/ba-elf/4.1.2/../../../../ba-elf/lib/ba2/libm.a(e_sqrt.o)
                0x000975ba                ___ieee754_sqrt
 .text          0x0009775e      0x169 /cygdrive/c/TWESDK/Tools/ba-elf-ba2/bin/../lib/gcc/ba-elf/4.1.2/../../../../ba-elf/lib/ba2/libm.a(ef_atan2.o)
                0x0009775e                ___ieee754_atan2f
 .text          0x000978c7       0x27 /cygdrive/c/TWESDK/Tools/ba-elf-ba2/bin/../lib/gcc/ba-elf/4.1.2/../../../../ba-elf/lib/ba2/libm.a(s_isnan.o)
                0x000978c7                _isnan
 .text          0x000978ee        0xb /cygdrive/c/TWESDK/Tools/ba-elf-ba2/bin/../lib/gcc/ba-elf/4.1.2/../../../../ba-elf/lib/ba2/libm.a(s_matherr.o)
                0x000978ee                _matherr